<html>
<body>
<pre>
<h1>µVision Build Log</h1>
<h2>Tool Versions:</h2>
IDE-Version: ¦ÌVision V5.38.0.0
Copyright (C) 2022 ARM Ltd and ARM Germany GmbH. All rights reserved.
License Information: 11 XXY-2604031, 1, LIC=X96CK-ZFMMB-UH18H-WZE4D-LZ2P5-D1WTA
 
Tool Versions:
Toolchain:       MDK-ARM Plus  Version: 5.38.0.0
Toolchain Path:  C:\Keil_v5\ARM\ARMCC\Bin
C Compiler:      Armcc.exe V5.06 update 7 (build 960)
Assembler:       Armasm.exe V5.06 update 7 (build 960)
Linker/Locator:  ArmLink.exe V5.06 update 7 (build 960)
Library Manager: ArmAr.exe V5.06 update 7 (build 960)
Hex Converter:   FromElf.exe V5.06 update 7 (build 960)
CPU DLL:         SARMCM3.DLL V5.38.0.0
Dialog DLL:      DARMCM1.DLL V1.19.6.0
Target DLL:      UL2CM3.DLL V1.164.8.0
Dialog DLL:      TARMCM1.DLL V1.14.6.0
 
<h2>Project:</h2>
E:\ble\SLB\HP9_90X\BLEUpgrader\simpleBlePeripheral.uvprojx
Project File Date:  09/08/2026

<h2>Output:</h2>
*** Using Compiler 'V5.06 update 7 (build 960)', folder: 'C:\Keil_v5\ARM\ARMCC\Bin'
Build target 'Target 1'
compiling UpgraderHp9Serial.c...
compiling ppsp_impl.c...
..\components\profiles\ppsp\ppsp_impl.c(1717): warning:  #177-D: variable "msgs_data"  was declared but never referenced
      uint8* msgs_data = plds;
..\components\profiles\ppsp\ppsp_impl.c(1745): warning:  #177-D: variable "valu"  was declared but never referenced
      uint32 valu;
..\components\profiles\ppsp\ppsp_impl.c(1746): warning:  #177-D: variable "size"  was declared but never referenced
      uint16 size;
..\components\profiles\ppsp\ppsp_impl.c(1747): warning:  #177-D: variable "addr"  was declared but never referenced
      uint32 addr = PPSP_IMPL_CFGS_PROG_ADDR_BGNS;
..\components\profiles\ppsp\ppsp_impl.c(1748): warning:  #177-D: variable "offs"  was declared but never referenced
      uint32 offs = 0;
..\components\profiles\ppsp\ppsp_impl.c(2270): warning:  #177-D: variable "msgs_data"  was declared but never referenced
      uint8* msgs_data = plds;
..\components\profiles\ppsp\ppsp_impl.c(505): warning:  #177-D: function "ppsp_impl_cvt_hexs_char"  was declared but never referenced
  ppsp_impl_cvt_hexs_char(uint8* dest, uint32 dsiz, const uint8* srcs, uint32 ssiz, int revs)
..\components\profiles\ppsp\ppsp_impl.c(1772): warning:  #177-D: function "ppsp_impl_mak_clit_msgs_rand"  was declared but never referenced
  ppsp_impl_mak_clit_msgs_rand(uint8* msgs)
..\components\profiles\ppsp\ppsp_impl.c: 8 warnings, 0 errors
linking...
Program Size: Code=62722 RO-data=4926 RW-data=2456 ZI-data=26476  
FromELF: creating hex file...
After Build - User command #1: fromelf.exe .\Objects\simpleBlePeripheral.axf --i32combined --output .\bin\simpleBlePeripheral.hex
After Build - User command #2: fromelf -c -a -d -e -v -o simpleBlePeripheral.asm ./Objects/simpleBlePeripheral.axf
".\Objects\simpleBlePeripheral.axf" - 0 Error(s), 8 Warning(s).

<h2>Software Packages used:</h2>

Package Vendor: ARM
                http://www.keil.com/pack/ARM.CMSIS.5.9.0.pack
                ARM.CMSIS.5.9.0
                CMSIS (Common Microcontroller Software Interface Standard)
   * Component: CORE Version: 5.6.0
   * Component: Startup Version: 1.2.2

<h2>Collection of Component include folders:</h2>
  ./RTE/_Target_1
  D:/keil5data/ARM/CMSIS/5.9.0/CMSIS/Core/Include
  D:/keil5data/ARM/CMSIS/5.9.0/Device/ARM/ARMCM0/Include

<h2>Collection of Component Files used:</h2>

   * Component: ARM::CMSIS:CORE:5.6.0

   * Component: ARM::Device:Startup:1.2.2
      Source file:   Device/ARM/ARMCM0/Source/system_ARMCM0.c
      Include file:  Device/ARM/ARMCM0/Include/ARMCM0.h
      Source file:   Device/ARM/ARMCM0/Source/ARM/startup_ARMCM0.s
Build Time Elapsed:  00:00:01
</pre>
</body>
</html>
