Component: ARM Compiler 5.06 update 7 (build 960) Tool: armlink [4d3601]

==============================================================================

Section Cross References

    main.o(i.hal_low_power_io_init) refers to gpio.o(i.hal_gpio_pull_set) for hal_gpio_pull_set
    main.o(i.hal_low_power_io_init) refers to pwrmgr.o(i.hal_pwrmgr_RAM_retention) for hal_pwrmgr_RAM_retention
    main.o(i.hal_low_power_io_init) refers to pwrmgr.o(i.hal_pwrmgr_RAM_retention_set) for hal_pwrmgr_RAM_retention_set
    main.o(i.hal_low_power_io_init) refers to pwrmgr.o(i.hal_pwrmgr_LowCurrentLdo_enable) for hal_pwrmgr_LowCurrentLdo_enable
    main.o(i.hal_low_power_io_init) refers to main.o(.constdata) for .constdata
    main.o(i.hal_rfphy_init) refers to patch.o(i.hal_rom_boot_init) for hal_rom_boot_init
    main.o(i.hal_rfphy_init) refers to main.o(i.__NVIC_SetPriority) for __NVIC_SetPriority
    main.o(i.hal_rfphy_init) refers to main.o(.bss) for .bss
    main.o(i.main) refers to watchdog.o(i.watchdog_config) for watchdog_config
    main.o(i.main) refers to patch.o(_section_xip_code_) for init_config
    main.o(i.main) refers to patch.o(i.ll_patch_slave) for ll_patch_slave
    main.o(i.main) refers to main.o(i.hal_rfphy_init) for hal_rfphy_init
    main.o(i.main) refers to main.o(i.hal_low_power_io_init) for hal_low_power_io_init
    main.o(i.main) refers to clock.o(i.hal_rtc_clock_config) for hal_rtc_clock_config
    main.o(i.main) refers to pwrmgr.o(i.hal_pwrmgr_init) for hal_pwrmgr_init
    main.o(i.main) refers to flash.o(i.hal_spif_cache_init) for hal_spif_cache_init
    main.o(i.main) refers to my_printf.o(i.dbg_printf_init) for dbg_printf_init
    main.o(i.main) refers to gpio.o(i.hal_gpio_init) for hal_gpio_init
    main.o(i.main) refers to gpio.o(i.hal_gpio_read) for hal_gpio_read
    main.o(i.main) refers to rf_phy_driver.o(i.rf_phy_direct_test) for rf_phy_direct_test
    main.o(i.main) refers to my_printf.o(i.dbg_printf) for dbg_printf
    main.o(i.main) refers to simplebleperipheral_main.o(i.app_main) for app_main
    main.o(i.main) refers to main.o(.data) for .data
    main.o(i.main) refers to main.o(.constdata) for .constdata
    main.o(i.main) refers to main.o(.conststring) for .conststring
    jump_table.o(.emb_text) refers to jump_table.o(i._hard_fault) for _hard_fault
    jump_table.o(i._hard_fault) refers to jump_table.o(.data) for .data
    jump_table.o(jump_table_mem_area) refers to osal_simplebleperipheral.o(i.osalInitTasks) for osalInitTasks
    jump_table.o(jump_table_mem_area) refers to osal_simplebleperipheral.o(.constdata) for tasksArr
    jump_table.o(jump_table_mem_area) refers to osal_simplebleperipheral.o(.constdata) for tasksCnt
    jump_table.o(jump_table_mem_area) refers to osal_simplebleperipheral.o(.data) for tasksEvents
    jump_table.o(jump_table_mem_area) refers (Weak) to pwrmgr.o(i.hal_pwrmgr_sleep_process) for hal_pwrmgr_sleep_process
    jump_table.o(jump_table_mem_area) refers (Weak) to pwrmgr.o(i.hal_pwrmgr_wakeup_process) for hal_pwrmgr_wakeup_process
    jump_table.o(jump_table_mem_area) refers to rf_phy_driver.o(i.rf_phy_ini) for rf_phy_ini
    jump_table.o(jump_table_mem_area) refers to jump_table.o(.emb_text) for hard_fault
    jump_table.o(jump_table_mem_area) refers (Weak) to uart.o(_section_sram_code_) for hal_UART0_IRQHandler
    uart.o(_section_sram_code_) refers to pwrmgr.o(i.hal_pwrmgr_unlock) for hal_pwrmgr_unlock
    uart.o(_section_sram_code_) refers to uart.o(.bss) for .bss
    uart.o(_section_sram_code_) refers to uart.o(.constdata) for .constdata
    uart.o(i.hal_uart_deinit) refers to uart.o(i.uart_hw_deinit) for uart_hw_deinit
    uart.o(i.hal_uart_deinit) refers to pwrmgr.o(i.hal_pwrmgr_unregister) for hal_pwrmgr_unregister
    uart.o(i.hal_uart_deinit) refers to uart.o(.bss) for .bss
    uart.o(i.hal_uart_get_tx_ready) refers to uart.o(.bss) for .bss
    uart.o(i.hal_uart_init) refers to uart.o(i.uart_hw_init) for uart_hw_init
    uart.o(i.hal_uart_init) refers to pwrmgr.o(i.hal_pwrmgr_register) for hal_pwrmgr_register
    uart.o(i.hal_uart_init) refers to uart.o(.bss) for .bss
    uart.o(i.hal_uart_init) refers to uart.o(i.uart_wakeup_process_1) for uart_wakeup_process_1
    uart.o(i.hal_uart_init) refers to uart.o(i.uart_wakeup_process_0) for uart_wakeup_process_0
    uart.o(i.hal_uart_send_buff) refers to uart.o(i.txmit_buf_use_tx_buf) for txmit_buf_use_tx_buf
    uart.o(i.hal_uart_send_buff) refers to uart.o(i.txmit_buf_polling) for txmit_buf_polling
    uart.o(i.hal_uart_send_buff) refers to uart.o(.bss) for .bss
    uart.o(i.hal_uart_set_tx_buf) refers to uart.o(.bss) for .bss
    uart.o(i.txmit_buf_use_tx_buf) refers to pwrmgr.o(i.hal_pwrmgr_lock) for hal_pwrmgr_lock
    uart.o(i.txmit_buf_use_tx_buf) refers to uart.o(.bss) for .bss
    uart.o(i.uart_hw_deinit) refers to gpio.o(i.hal_gpio_fmux) for hal_gpio_fmux
    uart.o(i.uart_hw_deinit) refers to clock.o(i.hal_clk_reset) for hal_clk_reset
[...]
    0x1fff4140   0x1fff4140   0x00000074   Code   RO         3486    i.gen_pn_prbs9      rf.lib(rf_phy_driver.o)
    0x1fff41b4   0x1fff41b4   0x000000d4   Code   RO         1504    i.get_default_tm    app_datetime.o
    0x1fff4288   0x1fff4288   0x00000024   Code   RO          676    i.hal_TIMER5_IRQHandler  timer.o
    0x1fff42ac   0x1fff42ac   0x00000024   Code   RO          677    i.hal_TIMER6_IRQHandler  timer.o
    0x1fff42d0   0x1fff42d0   0x00000048   Code   RO         1066    i.hal_cache_tag_flush  flash.o
    0x1fff4318   0x1fff4318   0x00000034   Code   RO          395    i.hal_clk_gate_disable  clock.o
    0x1fff434c   0x1fff434c   0x00000034   Code   RO          396    i.hal_clk_gate_enable  clock.o
    0x1fff4380   0x1fff4380   0x0000007a   Code   RO          399    i.hal_clk_reset     clock.o
    0x1fff43fa   COMPRESSED   0x00000002   PAD
    0x1fff43fc   0x1fff43fc   0x000000b8   Code   RO         1069    i.hal_flash_erase_sector  flash.o
    0x1fff44b4   0x1fff44b4   0x000000b0   Code   RO         1070    i.hal_flash_read    flash.o
    0x1fff4564   0x1fff4564   0x000000ac   Code   RO         1071    i.hal_flash_write   flash.o
    0x1fff4610   0x1fff4610   0x000000cc   Code   RO         1073    i.hal_get_flash_info  flash.o
    0x1fff46dc   0x1fff46dc   0x0000006c   Code   RO            4    i.hal_low_power_io_init  main.o
    0x1fff4748   0x1fff4748   0x0000007c   Code   RO          941    i.hal_pwm_ch_start  pwm.o
    0x1fff47c4   0x1fff47c4   0x00000054   Code   RO          944    i.hal_pwm_destroy   pwm.o
    0x1fff4818   0x1fff4818   0x00000064   Code   RO          945    i.hal_pwm_init      pwm.o
    0x1fff487c   0x1fff487c   0x00000044   Code   RO          947    i.hal_pwm_module_init  pwm.o
    0x1fff48c0   0x1fff48c0   0x00000030   Code   RO          948    i.hal_pwm_open_channel  pwm.o
    0x1fff48f0   0x1fff48f0   0x00000038   Code   RO          949    i.hal_pwm_set_count_val  pwm.o
    0x1fff4928   0x1fff4928   0x00000030   Code   RO          950    i.hal_pwm_start     pwm.o
    0x1fff4958   0x1fff4958   0x00000038   Code   RO          951    i.hal_pwm_stop      pwm.o
    0x1fff4990   0x1fff4990   0x00000004   Code   RO          818    i.hal_pwrmgr_LowCurrentLdo_enable  pwrmgr.o
    0x1fff4994   0x1fff4994   0x00000018   Code   RO          819    i.hal_pwrmgr_RAM_retention  pwrmgr.o
    0x1fff49ac   0x1fff49ac   0x00000014   Code   RO          820    i.hal_pwrmgr_RAM_retention_clr  pwrmgr.o
    0x1fff49c0   0x1fff49c0   0x00000020   Code   RO          821    i.hal_pwrmgr_RAM_retention_set  pwrmgr.o
    0x1fff49e0   0x1fff49e0   0x0000004c   Code   RO          823    i.hal_pwrmgr_init   pwrmgr.o
    0x1fff4a2c   0x1fff4a2c   0x00000058   Code   RO          825    i.hal_pwrmgr_lock   pwrmgr.o
    0x1fff4a84   0x1fff4a84   0x0000003c   Code   RO          827    i.hal_pwrmgr_register  pwrmgr.o
    0x1fff4ac0   0x1fff4ac0   0x00000030   Code   RO          828    i.hal_pwrmgr_sleep_process  pwrmgr.o
    0x1fff4af0   0x1fff4af0   0x00000068   Code   RO          829    i.hal_pwrmgr_unlock  pwrmgr.o
    0x1fff4b58   0x1fff4b58   0x00000074   Code   RO          831    i.hal_pwrmgr_wakeup_process  pwrmgr.o
    0x1fff4bcc   0x1fff4bcc   0x00000088   Code   RO            5    i.hal_rfphy_init    main.o
    0x1fff4c54   0x1fff4c54   0x00000008   Code   RO         3364    i.hal_rom_boot_init  rf.lib(patch.o)
    0x1fff4c5c   0x1fff4c5c   0x00000084   Code   RO          401    i.hal_rtc_clock_config  clock.o
    0x1fff4ce0   0x1fff4ce0   0x00000024   Code   RO         1074    i.hal_spif_cache_init  flash.o
    0x1fff4d04   0x1fff4d04   0x00000024   Code   RO          402    i.hal_system_soft_reset  clock.o
    0x1fff4d28   0x1fff4d28   0x00000064   Code   RO          264    i.hal_uart_init     uart.o
    0x1fff4d8c   0x1fff4d8c   0x00000020   Code   RO          265    i.hal_uart_send_buff  uart.o
    0x1fff4dac   0x1fff4dac   0x0000004c   Code   RO          266    i.hal_uart_send_byte  uart.o
    0x1fff4df8   0x1fff4df8   0x0000007c   Code   RO         1075    i.hw_spif_cache_config  flash.o
    0x1fff4e74   0x1fff4e74   0x00000020   Code   RO         1186    i.light_config      led_light.o
    0x1fff4e94   0x1fff4e94   0x00000064   Code   RO         1188    i.light_init        led_light.o
    0x1fff4ef8   0x1fff4ef8   0x00000044   Code   RO         1190    i.light_pwm_init    led_light.o
    0x1fff4f3c   0x1fff4f3c   0x00000054   Code   RO         1191    i.light_reflash     led_light.o
    0x1fff4f90   0x1fff4f90   0x00000040   Code   RO         3367    i.llCalcMaxScanTime1  rf.lib(patch.o)
    0x1fff4fd0   0x1fff4fd0   0x00000044   Code   RO         3368    i.llConnTerminate1  rf.lib(patch.o)
    0x1fff5014   0x1fff5014   0x0000000c   Code   RO         3372    i.llProcessTxData1  rf.lib(patch.o)
    0x1fff5020   0x1fff5020   0x00000050   Code   RO         3373    i.llSecAdvAllow1    rf.lib(patch.o)
    0x1fff5070   0x1fff5070   0x0000002c   Code   RO         3374    i.llSetupNextSlaveEvent1  rf.lib(patch.o)
    0x1fff509c   0x1fff509c   0x00000098   Code   RO         3375    i.llSetupSecAdvEvt1  rf.lib(patch.o)
    0x1fff5134   0x1fff5134   0x000000bc   Code   RO         3378    i.ll_adptive_adj_next_time1  rf.lib(patch.o)
    0x1fff51f0   0x1fff51f0   0x000001ac   Code   RO         3379    i.ll_generateTxBuffer1  rf.lib(patch.o)
    0x1fff539c   0x1fff539c   0x000001a4   Code   RO         3380    i.ll_hw_go1         rf.lib(patch.o)
    0x1fff5540   0x1fff5540   0x0000004c   Code   RO         3384    i.ll_patch_slave    rf.lib(patch.o)
    0x1fff558c   0x1fff558c   0x00000018   Code   RO         3385    i.ll_processBasicIRQ_SRX  rf.lib(patch.o)
    0x1fff55a4   0x1fff55a4   0x00000018   Code   RO         3387    i.ll_processBasicIRQ_ScanTRX  rf.lib(patch.o)
    0x1fff55bc   0x1fff55bc   0x00000018   Code   RO         3389    i.ll_processBasicIRQ_secondaryAdvTRX  rf.lib(patch.o)
    0x1fff55d4   0x1fff55d4   0x00000018   Code   RO         3391    i.ll_processBasicIRQ_secondaryInitSRX  rf.lib(patch.o)
    0x1fff55ec   0x1fff55ec   0x00000018   Code   RO         3393    i.ll_processBasicIRQ_secondaryScanSRX  rf.lib(patch.o)
    0x1fff5604   0x1fff5604   0x00000048   Code   RO         3396    i.ll_scheduler2     rf.lib(patch.o)
    0x1fff564c   0x1fff564c   0x0000015c   Code   RO            6    i.main              main.o
    0x1fff57a8   0x1fff57a8   0x00000070   Code   RO         2532    i.osalInitTasks     osal_simplebleperipheral.o
    0x1fff5818   0x1fff5818   0x000000e4   Code   RO         3112    i.peripheralStateNotificationCB  otaevents.o
    0x1fff58fc   0x1fff58fc   0x00000002   Code   RO         3113    i.peripheralStateReadRssiCB  otaevents.o
    0x1fff58fe   COMPRESSED   0x00000002   PAD
    0x1fff5900   0x1fff5900   0x0000003c   Code   RO         1505    i.print_hex         app_datetime.o
    0x1fff593c   0x1fff593c   0x00000080   Code   RO         3487    i.rc32k_calibration  rf.lib(rf_phy_driver.o)
    0x1fff59bc   0x1fff59bc   0x0000002c   Code   RO         3399    i.read_LL_remainder_time1  rf.lib(patch.o)
    0x1fff59e8   0x1fff59e8   0x0000001c   Code   RO         3488    i.rf_calibrate1     rf.lib(rf_phy_driver.o)
    0x1fff5a04   0x1fff5a04   0x00000118   Code   RO         3489    i.rf_phy_ana_cfg    rf.lib(rf_phy_driver.o)
    0x1fff5b1c   0x1fff5b1c   0x000001a4   Code   RO         3490    i.rf_phy_bb_cfg     rf.lib(rf_phy_driver.o)
    0x1fff5cc0   0x1fff5cc0   0x000000a8   Code   RO         3491    i.rf_phy_change_cfg0  rf.lib(rf_phy_driver.o)
    0x1fff5d68   0x1fff5d68   0x00000364   Code   RO         3492    i.rf_phy_direct_test  rf.lib(rf_phy_driver.o)
    0x1fff60cc   0x1fff60cc   0x00000084   Code   RO         3493    i.rf_phy_dtm_ble_pkt_gen  rf.lib(rf_phy_driver.o)
    0x1fff6150   0x1fff6150   0x000003d4   Code   RO         3494    i.rf_phy_dtm_cmd_parse  rf.lib(rf_phy_driver.o)
    0x1fff6524   0x1fff6524   0x000000ec   Code   RO         3495    i.rf_phy_dtm_evt_send  rf.lib(rf_phy_driver.o)
    0x1fff6610   0x1fff6610   0x00000338   Code   RO         3503    i.rf_phy_dtm_trigged  rf.lib(rf_phy_driver.o)
    0x1fff6948   0x1fff6948   0x00000078   Code   RO         3504    i.rf_phy_dtm_zigbee_pkt_gen  rf.lib(rf_phy_driver.o)
    0x1fff69c0   0x1fff69c0   0x00000030   Code   RO         3505    i.rf_phy_get_pktFoot  rf.lib(rf_phy_driver.o)
    0x1fff69f0   0x1fff69f0   0x0000003c   Code   RO         3507    i.rf_phy_ini        rf.lib(rf_phy_driver.o)
    0x1fff6a2c   0x1fff6a2c   0x00000074   Code   RO         3508    i.rf_phy_set_txPower  rf.lib(rf_phy_driver.o)
    0x1fff6aa0   0x1fff6aa0   0x00000120   Code   RO         3509    i.rf_rxDcoc_cfg     rf.lib(rf_phy_driver.o)
    0x1fff6bc0   0x1fff6bc0   0x000000c0   Code   RO         3511    i.rf_tpCal_cfg_avg  rf.lib(rf_phy_driver.o)
    0x1fff6c80   0x1fff6c80   0x0000004c   Code   RO         3512    i.rf_tpCal_gen_cap_arrary  rf.lib(rf_phy_driver.o)
    0x1fff6ccc   0x1fff6ccc   0x0000011c   Code   RO         3513    i.rf_tp_cal         rf.lib(rf_phy_driver.o)
    0x1fff6de8   0x1fff6de8   0x000002c0   Code   RO         3114    i.simpleProfileChangeCB  otaevents.o
    0x1fff70a8   0x1fff70a8   0x00000030   Code   RO         3031    i.simpleProfile_HandleConnStatusCB  sbpprofile_ota.o
    0x1fff70d8   0x1fff70d8   0x00000068   Code   RO         3032    i.simpleProfile_Notify  sbpprofile_ota.o
    0x1fff7140   0x1fff7140   0x00000080   Code   RO         3033    i.simpleProfile_ReadAttrCB  sbpprofile_ota.o
    0x1fff71c0   0x1fff71c0   0x00000130   Code   RO         3034    i.simpleProfile_WriteAttrCB  sbpprofile_ota.o
    0x1fff72f0   0x1fff72f0   0x0000006c   Code   RO          268    i.txmit_buf_polling  uart.o
    0x1fff735c   0x1fff735c   0x000000bc   Code   RO          269    i.txmit_buf_use_tx_buf  uart.o
    0x1fff7418   0x1fff7418   0x00000080   Code   RO          270    i.uart_hw_deinit    uart.o
    0x1fff7498   0x1fff7498   0x00000158   Code   RO          271    i.uart_hw_init      uart.o
    0x1fff75f0   0x1fff75f0   0x0000000a   Code   RO          272    i.uart_wakeup_process_0  uart.o
    0x1fff75fa   0x1fff75fa   0x0000000a   Code   RO          273    i.uart_wakeup_process_1  uart.o
    0x1fff7604   0x1fff7604   0x000000d4   Code   RO         3115    i.updateAdvData     otaevents.o
    0x1fff76d8   0x1fff76d8   0x000001dc   Code   RO         3401    i.wakeupProcess1    rf.lib(patch.o)
    0x1fff78b4   0x1fff78b4   0x00000140   Code   RO         3402    i.wakeup_init1      rf.lib(patch.o)
    0x1fff79f4   0x1fff79f4   0x00000028   Code   RO          775    i.watchdog_config   watchdog.o
    0x1fff7a1c   0x1fff7a1c   0x00000036   Data   RO            8    .constdata          main.o
    0x1fff7a52   COMPRESSED   0x00000002   PAD
    0x1fff7a54   0x1fff7a54   0x0000000c   Data   RO          275    .constdata          uart.o
    0x1fff7a60   0x1fff7a60   0x00000030   Data   RO         1508    .constdata          app_datetime.o
    0x1fff7a90   0x1fff7a90   0x0000002c   Data   RO         2533    .constdata          osal_simplebleperipheral.o
    0x1fff7abc   0x1fff7abc   0x00000001   Data   RO         2534    .constdata          osal_simplebleperipheral.o
    0x1fff7abd   0x1fff7abd   0x00000002   Data   RO         3036    .constdata          sbpprofile_ota.o
    0x1fff7abf   0x1fff7abf   0x00000002   Data   RO         3037    .constdata          sbpprofile_ota.o
    0x1fff7ac1   0x1fff7ac1   0x00000002   Data   RO         3038    .constdata          sbpprofile_ota.o
    0x1fff7ac3   0x1fff7ac3   0x00000002   Data   RO         3039    .constdata          sbpprofile_ota.o
    0x1fff7ac5   0x1fff7ac5   0x00000002   Data   RO         3040    .constdata          sbpprofile_ota.o
    0x1fff7ac7   COMPRESSED   0x00000001   PAD
    0x1fff7ac8   0x1fff7ac8   0x00000008   Data   RO         3041    .constdata          sbpprofile_ota.o
    0x1fff7ad0   0x1fff7ad0   0x0000000c   Data   RO         3042    .constdata          sbpprofile_ota.o
    0x1fff7adc   0x1fff7adc   0x0000000c   Data   RO         4468    .constdata          mc_p.l(mktime.o)
    0x1fff7ae8   0x1fff7ae8   0x0000000c   Data   RO         4768    .constdata          mc_p.l(localtime_i.o)
    0x1fff7af4   0x1fff7af4   0x00000054   Data   RO            9    .conststring        main.o
    0x1fff7b48   0x1fff7b48   0x00000030   Data   RO         1509    .conststring        app_datetime.o
    0x1fff7b78   0x1fff7b78   0x00000049   Data   RO         3117    .conststring        otaevents.o
    0x1fff7bc1   COMPRESSED   0x00000003   PAD
    0x1fff7bc4   0x1fff7bc4   0x00000011   Data   RO         3557    .conststring        rf.lib(phy_sec_ext.o)
    0x1fff7bd5   COMPRESSED   0x00000003   PAD
    0x1fff7bd8   0x1fff7bd8   0x00000050   Data   RO         4804    Region$$Table       anon$$obj.o
    0x1fff7c28   COMPRESSED   0x00000001   Data   RW           10    .data               main.o
    0x1fff7c29   COMPRESSED   0x00000003   PAD
    0x1fff7c2c   COMPRESSED   0x00000004   Data   RW          178    .data               jump_table.o
    0x1fff7c30   COMPRESSED   0x00000004   Data   RW          688    .data               timer.o
    0x1fff7c34   COMPRESSED   0x00000001   Data   RW          776    .data               watchdog.o
    0x1fff7c35   COMPRESSED   0x00000003   PAD
    0x1fff7c38   COMPRESSED   0x00000018   Data   RW          833    .data               pwrmgr.o
    0x1fff7c50   COMPRESSED   0x0000000a   Data   RW          953    .data               pwm.o
    0x1fff7c5a   COMPRESSED   0x00000002   PAD
    0x1fff7c5c   COMPRESSED   0x0000001c   Data   RW         1077    .data               flash.o
    0x1fff7c78   COMPRESSED   0x0000000e   Data   RW         1194    .data               led_light.o
    0x1fff7c86   COMPRESSED   0x00000002   PAD
    0x1fff7c88   COMPRESSED   0x00000008   Data   RW         1354    .data               my_printf.o
    0x1fff7c90   COMPRESSED   0x00000080   Data   RW         2020    .data               gapgattserver.o
    0x1fff7d10   COMPRESSED   0x00000001   Data   RW         2021    .data               gapgattserver.o
    0x1fff7d11   COMPRESSED   0x00000001   Data   RW         2022    .data               gapgattserver.o
    0x1fff7d12   COMPRESSED   0x00000001   Data   RW         2023    .data               gapgattserver.o
    0x1fff7d13   COMPRESSED   0x00000001   PAD
    0x1fff7d14   COMPRESSED   0x00000061   Data   RW         2100    .data               peripheral.o
    0x1fff7d75   COMPRESSED   0x00000003   PAD
    0x1fff7d78   COMPRESSED   0x00000060   Data   RW         2216    .data               gattservapp.o
    0x1fff7dd8   COMPRESSED   0x00000001   Data   RW         2217    .data               gattservapp.o
    0x1fff7dd9   COMPRESSED   0x00000003   PAD
    0x1fff7ddc   COMPRESSED   0x00000090   Data   RW         2423    .data               ota_app_service.o
    0x1fff7e6c   COMPRESSED   0x00000001   Data   RW         2424    .data               ota_app_service.o
    0x1fff7e6d   COMPRESSED   0x00000001   Data   RW         2425    .data               ota_app_service.o
    0x1fff7e6e   COMPRESSED   0x00000001   Data   RW         2426    .data               ota_app_service.o
    0x1fff7e6f   COMPRESSED   0x00000001   Data   RW         2427    .data               ota_app_service.o
    0x1fff7e70   COMPRESSED   0x00000001   Data   RW         2428    .data               ota_app_service.o
    0x1fff7e71   COMPRESSED   0x00000001   Data   RW         2429    .data               ota_app_service.o
    0x1fff7e72   COMPRESSED   0x00000002   PAD
    0x1fff7e74   COMPRESSED   0x00000004   Data   RW         2535    .data               osal_simplebleperipheral.o
    0x1fff7e78   COMPRESSED   0x00000067   Data   RW         2578    .data               simplebleperipheral.o
    0x1fff7edf   COMPRESSED   0x00000001   PAD
    0x1fff7ee0   COMPRESSED   0x00000014   Data   RW         2682    .data               file_handle.o
    0x1fff7ef4   COMPRESSED   0x00000001   Data   RW         2777    .data               random.o
    0x1fff7ef5   COMPRESSED   0x00000003   PAD
    0x1fff7ef8   COMPRESSED   0x00000040   Data   RW         2822    .data               upgraderhp9serial.o
    0x1fff7f38   COMPRESSED   0x000000f8   Data   RW         3043    .data               sbpprofile_ota.o
    0x1fff8030   COMPRESSED   0x00000001   Data   RW         3044    .data               sbpprofile_ota.o
    0x1fff8031   COMPRESSED   0x00000007   Data   RW         3045    .data               sbpprofile_ota.o
    0x1fff8038   COMPRESSED   0x00000001   Data   RW         3046    .data               sbpprofile_ota.o
    0x1fff8039   COMPRESSED   0x00000007   Data   RW         3047    .data               sbpprofile_ota.o
    0x1fff8040   COMPRESSED   0x00000001   Data   RW         3048    .data               sbpprofile_ota.o
    0x1fff8041   COMPRESSED   0x00000008   Data   RW         3049    .data               sbpprofile_ota.o
    0x1fff8049   COMPRESSED   0x00000001   Data   RW         3050    .data               sbpprofile_ota.o
    0x1fff804a   COMPRESSED   0x0000000b   Data   RW         3051    .data               sbpprofile_ota.o
    0x1fff8055   COMPRESSED   0x00000003   PAD
    0x1fff8058   COMPRESSED   0x00000067   Data   RW         3118    .data               otaevents.o
    0x1fff80bf   COMPRESSED   0x00000001   Data   RW         3200    .data               ota_app_service1.o
    0x1fff80c0   COMPRESSED   0x00000001   Data   RW         3201    .data               ota_app_service1.o
    0x1fff80c1   COMPRESSED   0x00000001   Data   RW         3202    .data               ota_app_service1.o
    0x1fff80c2   COMPRESSED   0x00000001   Data   RW         3203    .data               ota_app_service1.o
    0x1fff80c3   COMPRESSED   0x00000001   PAD
    0x1fff80c4   COMPRESSED   0x0000006c   Data   RW         3204    .data               ota_app_service1.o
    0x1fff8130   COMPRESSED   0x00000004   Data   RW         3289    .data               system_armcm0.o
    0x1fff8134   COMPRESSED   0x00000024   Data   RW         3406    .data               rf.lib(patch.o)
    0x1fff8158   COMPRESSED   0x00000008   Data   RW         3515    .data               rf.lib(rf_phy_driver.o)
    0x1fff8160   COMPRESSED   0x00000004   Data   RW         3558    .data               rf.lib(phy_sec_ext.o)
    0x1fff8164   COMPRESSED   0x00000001   Data   RW         3559    .data               rf.lib(phy_sec_ext.o)
    0x1fff8165   COMPRESSED   0x00000001   PAD
    0x1fff8166   COMPRESSED   0x00000008   Data   RW         3662    .data               ble_host.lib(att_util.o)
    0x1fff816e   COMPRESSED   0x00000004   Data   RW         3663    .data               ble_host.lib(att_util.o)
    0x1fff8172   COMPRESSED   0x0000005a   Data   RW         3798    .data               ble_host.lib(gap_configmgr.o)
    0x1fff81cc   COMPRESSED   0x00000008   Data   RW         3828    .data               ble_host.lib(gap_devmgr.o)
    0x1fff81d4   COMPRESSED   0x00000010   Data   RW         3860    .data               ble_host.lib(gap_linkmgr.o)
    0x1fff81e4   COMPRESSED   0x0000001c   Data   RW         3910    .data               ble_host.lib(gap_peridevmgr.o)
    0x1fff8200   COMPRESSED   0x0000000c   Data   RW         3952    .data               ble_host.lib(gap_task.o)
    0x1fff820c   COMPRESSED   0x00000010   Data   RW         3996    .data               ble_host.lib(gatt_server.o)
    0x1fff821c   COMPRESSED   0x0000000c   Data   RW         4041    .data               ble_host.lib(gatt_task.o)
    0x1fff8228   COMPRESSED   0x00000001   Data   RW         4073    .data               ble_host.lib(l2cap_if.o)
    0x1fff8229   COMPRESSED   0x00000001   Data   RW         4094    .data               ble_host.lib(l2cap_task.o)
    0x1fff822a   COMPRESSED   0x00000002   PAD
    0x1fff822c   COMPRESSED   0x0000000c   Data   RW         4146    .data               ble_host.lib(sm_rsppairing.o)
    0x1fff8238   COMPRESSED   0x00000001   Data   RW         4168    .data               ble_host.lib(sm_task.o)
    0x1fff8239   COMPRESSED   0x00000001   PAD
    0x1fff823a   COMPRESSED   0x00000004   Data   RW         4249    .data               ble_host.lib(l2cap_util.o)
    0x1fff823e   COMPRESSED   0x00000002   PAD
    0x1fff8240   COMPRESSED   0x00000004   Data   RW         4315    .data               ble_host.lib(sm_mgr.o)
    0x1fff8244   COMPRESSED   0x0000000c   Data   RW         4373    .data               ble_host.lib(sm_pairing.o)
    0x1fff8250   COMPRESSED   0x00000004   Data   RW         4461    .data               mc_p.l(rand.o)
    0x1fff8254   COMPRESSED   0x00000004   Data   RW         4773    .data               mc_p.l(errno.o)
    0x1fff8258   COMPRESSED   0x0000000e   Data   RW          834    _section_standby_code_  pwrmgr.o
    0x1fff8266   COMPRESSED   0x00000002   PAD
    0x1fff8268        -       0x000020fc   Zero   RW            7    .bss                main.o
    0x1fffa364        -       0x00000040   Zero   RW          274    .bss                uart.o
    0x1fffa3a4        -       0x0000012c   Zero   RW          512    .bss                gpio.o
    0x1fffa4d0        -       0x00000078   Zero   RW          832    .bss                pwrmgr.o
    0x1fffa548        -       0x00000044   Zero   RW          952    .bss                pwm.o
    0x1fffa58c        -       0x0000002a   Zero   RW         1193    .bss                led_light.o
    0x1fffa5b6   COMPRESSED   0x00000002   PAD
    0x1fffa5b8        -       0x00000010   Zero   RW         1507    .bss                app_datetime.o
    0x1fffa5c8        -       0x00000012   Zero   RW         2017    .bss                gapgattserver.o
    0x1fffa5da        -       0x0000003f   Zero   RW         2098    .bss                peripheral.o
    0x1fffa619   COMPRESSED   0x00000001   PAD
    0x1fffa61a        -       0x000002e8   Zero   RW         2213    .bss                gattservapp.o
    0x1fffa902        -       0x0000009a   Zero   RW         2416    .bss                ota_app_service.o
    0x1fffa99c        -       0x0000000f   Zero   RW         2576    .bss                simplebleperipheral.o
    0x1fffa9ab        -       0x00000017   Zero   RW         2681    .bss                file_handle.o
    0x1fffa9c2   COMPRESSED   0x00000002   PAD
    0x1fffa9c4        -       0x00000f9c   Zero   RW         2820    .bss                upgraderhp9serial.o
    0x1fffb960        -       0x000000b0   Zero   RW         2915    .bss                aes.o
    0x1fffba10        -       0x00000300   Zero   RW         3035    .bss                sbpprofile_ota.o
    0x1fffbd10        -       0x000002cc   Zero   RW         3116    .bss                otaevents.o
    0x1fffbfdc        -       0x00000067   Zero   RW         3194    .bss                ota_app_service1.o
    0x1fffc043   COMPRESSED   0x00000001   PAD
    0x1fffc044        -       0x00000020   Zero   RW         3403    .bss                rf.lib(patch.o)
    0x1fffc064        -       0x00000020   Zero   RW         3514    .bss                rf.lib(rf_phy_driver.o)
    0x1fffc084        -       0x00000010   Zero   RW         3555    .bss                rf.lib(phy_sec_ext.o)
    0x1fffc094        -       0x0000001c   Zero   RW         3797    .bss                ble_host.lib(gap_configmgr.o)
    0x1fffc0b0        -       0x0000002e   Zero   RW         4093    .bss                ble_host.lib(l2cap_task.o)
    0x1fffc0de   COMPRESSED   0x00000002   PAD
    0x1fffc0e0        -       0x0000003c   Zero   RW         4116    .bss                ble_host.lib(linkdb.o)
    0x1fffc11c        -       0x0000000f   Zero   RW         4145    .bss                ble_host.lib(sm_rsppairing.o)
    0x1fffc12b   COMPRESSED   0x00000001   PAD
    0x1fffc12c        -       0x000000a0   Zero   RW         4248    .bss                ble_host.lib(l2cap_util.o)
    0x1fffc1cc        -       0x0000000f   Zero   RW         4313    .bss                ble_host.lib(sm_mgr.o)
    0x1fffc1db   COMPRESSED   0x00000001   PAD
    0x1fffc1dc        -       0x0000002c   Zero   RW         4765    .bss                mc_p.l(localtime_w.o)
    0x1fffc208        -       0x00002800   Zero   RW         3278    STACK               startup_armcm0.o



  Load Region LR_ROM_JT_GC (Base: 0x1fff0000, Size: 0x00000800, Max: 0x00000800, ABSOLUTE, COMPRESSED[0x0000040c])

    Execution Region JUMP_TABLE (Exec base: 0x1fff0000, Load base: 0x1fff0000, Size: 0x00000400, Max: 0x00000400, ABSOLUTE)

    Exec Addr    Load Addr    Size         Type   Attr      Idx    E Section Name        Object

    0x1fff0000   0x1fff0000   0x00000400   Data   RO          180    jump_table_mem_area  jump_table.o


    Execution Region GOLBAL_CONFIG (Exec base: 0x1fff0400, Load base: 0x1fff0400, Size: 0x00000400, Max: 0x00000400, ABSOLUTE, COMPRESSED[0x0000000c])

    Exec Addr    Load Addr    Size         Type   Attr      Idx    E Section Name        Object

    0x1fff0400   COMPRESSED   0x00000400   Data   RW          179    global_config_area  jump_table.o



  Load Region LR_ROM_XIP (Base: 0x11020000, Size: 0x0000aa9c, Max: 0x00014000, ABSOLUTE)

    Execution Region ER_ROM_XIP (Exec base: 0x11020000, Load base: 0x11020000, Size: 0x0000aa9c, Max: 0x00014000, ABSOLUTE)

    Exec Addr    Load Addr    Size         Type   Attr      Idx    E Section Name        Object

    0x11020000   0x11020000   0x0000000c   Ven    RO         4976    Veneer$$Code        anon$$obj.o
    0x1102000c   0x1102000c   0x0000000c   Ven    RO         4977    Veneer$$Code        anon$$obj.o
    0x11020018   0x11020018   0x0000000c   Ven    RO         4978    Veneer$$Code        anon$$obj.o
    0x11020024   0x11020024   0x0000000c   Ven    RO         4979    Veneer$$Code        anon$$obj.o
    0x11020030   0x11020030   0x0000000c   Ven    RO         4980    Veneer$$Code        anon$$obj.o
    0x1102003c   0x1102003c   0x0000000c   Ven    RO         4981    Veneer$$Code        anon$$obj.o
    0x11020048   0x11020048   0x0000000c   Ven    RO         4982    Veneer$$Code        anon$$obj.o
    0x11020054   0x11020054   0x0000000c   Ven    RO         4983    Veneer$$Code        anon$$obj.o
    0x11020060   0x11020060   0x0000000c   Ven    RO         4984    Veneer$$Code        anon$$obj.o
    0x1102006c   0x1102006c   0x0000000c   Ven    RO         4985    Veneer$$Code        anon$$obj.o
    0x11020078   0x11020078   0x0000000c   Ven    RO         4986    Veneer$$Code        anon$$obj.o
    0x11020084   0x11020084   0x0000000c   Ven    RO         4987    Veneer$$Code        anon$$obj.o
    0x11020090   0x11020090   0x0000000c   Ven    RO         4988    Veneer$$Code        anon$$obj.o
    0x1102009c   0x1102009c   0x0000000c   Ven    RO         4989    Veneer$$Code        anon$$obj.o
    0x110200a8   0x110200a8   0x0000000c   Ven    RO         4990    Veneer$$Code        anon$$obj.o
    0x110200b4   0x110200b4   0x0000000c   Ven    RO         4991    Veneer$$Code        anon$$obj.o
    0x110200c0   0x110200c0   0x0000000c   Ven    RO         4992    Veneer$$Code        anon$$obj.o
    0x110200cc   0x110200cc   0x0000000c   Ven    RO         4993    Veneer$$Code        anon$$obj.o
    0x110200d8   0x110200d8   0x0000000c   Ven    RO         4994    Veneer$$Code        anon$$obj.o
    0x110200e4   0x110200e4   0x0000000c   Ven    RO         4995    Veneer$$Code        anon$$obj.o
    0x110200f0   0x110200f0   0x0000000c   Ven    RO         4996    Veneer$$Code        anon$$obj.o
    0x110200fc   0x110200fc   0x0000000c   Ven    RO         4997    Veneer$$Code        anon$$obj.o
    0x11020108   0x11020108   0x0000000c   Ven    RO         4998    Veneer$$Code        anon$$obj.o
    0x11020114   0x11020114   0x0000000c   Ven    RO         4999    Veneer$$Code        anon$$obj.o
    0x11020120   0x11020120   0x0000000c   Ven    RO         5000    Veneer$$Code        anon$$obj.o
    0x1102012c   0x1102012c   0x0000000c   Ven    RO         5001    Veneer$$Code        anon$$obj.o
    0x11020138   0x11020138   0x0000000c   Ven    RO         5002    Veneer$$Code        anon$$obj.o
    0x11020144   0x11020144   0x0000000c   Ven    RO         5003    Veneer$$Code        anon$$obj.o
    0x11020150   0x11020150   0x0000000c   Ven    RO         5004    Veneer$$Code        anon$$obj.o
    0x1102015c   0x1102015c   0x0000000c   Ven    RO         5005    Veneer$$Code        anon$$obj.o
    0x11020168   0x11020168   0x0000000c   Ven    RO         5006    Veneer$$Code        anon$$obj.o
    0x11020174   0x11020174   0x0000000c   Ven    RO         5007    Veneer$$Code        anon$$obj.o
    0x11020180   0x11020180   0x0000000c   Ven    RO         5008    Veneer$$Code        anon$$obj.o
    0x1102018c   0x1102018c   0x0000000c   Ven    RO         5009    Veneer$$Code        anon$$obj.o
    0x11020198   0x11020198   0x0000000c   Ven    RO         5010    Veneer$$Code        anon$$obj.o
    0x110201a4   0x110201a4   0x0000000c   Ven    RO         5011    Veneer$$Code        anon$$obj.o
    0x110201b0   0x110201b0   0x0000000c   Ven    RO         5012    Veneer$$Code        anon$$obj.o
    0x110201bc   0x110201bc   0x0000000c   Ven    RO         5013    Veneer$$Code        anon$$obj.o
    0x110201c8   0x110201c8   0x0000000c   Ven    RO         5014    Veneer$$Code        anon$$obj.o
    0x110201d4   0x110201d4   0x0000000c   Ven    RO         5015    Veneer$$Code        anon$$obj.o
    0x110201e0   0x110201e0   0x0000000c   Ven    RO         5016    Veneer$$Code        anon$$obj.o
    0x110201ec   0x110201ec   0x0000000c   Ven    RO         5017    Veneer$$Code        anon$$obj.o
    0x110201f8   0x110201f8   0x0000000c   Ven    RO         5018    Veneer$$Code        anon$$obj.o
    0x11020204   0x11020204   0x0000000c   Ven    RO         5019    Veneer$$Code        anon$$obj.o
    0x11020210   0x11020210   0x0000000c   Ven    RO         5020    Veneer$$Code        anon$$obj.o
    0x1102021c   0x1102021c   0x0000000c   Ven    RO         5021    Veneer$$Code        anon$$obj.o
    0x11020228   0x11020228   0x0000000c   Ven    RO         5022    Veneer$$Code        anon$$obj.o
    0x11020234   0x11020234   0x0000000c   Ven    RO         5023    Veneer$$Code        anon$$obj.o
    0x11020240   0x11020240   0x0000000c   Ven    RO         5024    Veneer$$Code        anon$$obj.o
    0x1102024c   0x1102024c   0x0000000c   Ven    RO         5025    Veneer$$Code        anon$$obj.o
    0x11020258   0x11020258   0x0000000c   Ven    RO         5026    Veneer$$Code        anon$$obj.o
    0x11020264   0x11020264   0x0000000c   Ven    RO         5027    Veneer$$Code        anon$$obj.o
    0x11020270   0x11020270   0x0000000c   Ven    RO         5028    Veneer$$Code        anon$$obj.o
    0x1102027c   0x1102027c   0x0000000c   Ven    RO         5029    Veneer$$Code        anon$$obj.o
    0x11020288   0x11020288   0x0000000c   Ven    RO         5030    Veneer$$Code        anon$$obj.o
    0x11020294   0x11020294   0x0000000c   Ven    RO         5031    Veneer$$Code        anon$$obj.o
    0x110202a0   0x110202a0   0x0000000c   Ven    RO         5032    Veneer$$Code        anon$$obj.o
    0x110202ac   0x110202ac   0x0000000c   Ven    RO         5033    Veneer$$Code        anon$$obj.o
    0x110202b8   0x110202b8   0x0000000c   Ven    RO         5034    Veneer$$Code        anon$$obj.o
    0x110202c4   0x110202c4   0x0000000c   Ven    RO         5035    Veneer$$Code        anon$$obj.o
    0x110202d0   0x110202d0   0x0000000c   Ven    RO         5036    Veneer$$Code        anon$$obj.o
    0x110202dc   0x110202dc   0x0000000c   Ven    RO         5037    Veneer$$Code        anon$$obj.o
    0x110202e8   0x110202e8   0x0000000c   Ven    RO         5038    Veneer$$Code        anon$$obj.o
    0x110202f4   0x110202f4   0x0000000c   Ven    RO         5039    Veneer$$Code        anon$$obj.o
    0x11020300   0x11020300   0x0000000c   Ven    RO         5040    Veneer$$Code        anon$$obj.o
    0x1102030c   0x1102030c   0x0000000c   Ven    RO         5041    Veneer$$Code        anon$$obj.o
    0x11020318   0x11020318   0x0000000c   Ven    RO         5042    Veneer$$Code        anon$$obj.o
    0x11020324   0x11020324   0x0000000c   Ven    RO         5043    Veneer$$Code        anon$$obj.o
    0x11020330   0x11020330   0x0000000c   Ven    RO         5044    Veneer$$Code        anon$$obj.o
    0x1102033c   0x1102033c   0x0000000c   Ven    RO         5045    Veneer$$Code        anon$$obj.o
    0x11020348   0x11020348   0x0000000c   Ven    RO         5046    Veneer$$Code        anon$$obj.o
    0x11020354   0x11020354   0x0000000c   Ven    RO         5047    Veneer$$Code        anon$$obj.o
    0x11020360   0x11020360   0x0000000c   Ven    RO         5048    Veneer$$Code        anon$$obj.o
    0x1102036c   0x1102036c   0x0000000c   Ven    RO         5049    Veneer$$Code        anon$$obj.o
    0x11020378   0x11020378   0x0000000c   Ven    RO         5050    Veneer$$Code        anon$$obj.o
    0x11020384   0x11020384   0x0000000c   Ven    RO         5051    Veneer$$Code        anon$$obj.o
    0x11020390   0x11020390   0x0000000c   Ven    RO         5052    Veneer$$Code        anon$$obj.o
    0x1102039c   0x1102039c   0x0000000c   Ven    RO         5053    Veneer$$Code        anon$$obj.o
    0x110203a8   0x110203a8   0x0000000c   Ven    RO         5054    Veneer$$Code        anon$$obj.o
    0x110203b4   0x110203b4   0x0000000c   Ven    RO         5055    Veneer$$Code        anon$$obj.o
    0x110203c0   0x110203c0   0x0000000c   Ven    RO         5056    Veneer$$Code        anon$$obj.o
    0x110203cc   0x110203cc   0x0000000c   Ven    RO         5057    Veneer$$Code        anon$$obj.o
    0x110203d8   0x110203d8   0x0000000c   Ven    RO         5058    Veneer$$Code        anon$$obj.o
    0x110203e4   0x110203e4   0x0000000c   Ven    RO         5059    Veneer$$Code        anon$$obj.o
    0x110203f0   0x110203f0   0x0000000c   Ven    RO         5060    Veneer$$Code        anon$$obj.o
    0x110203fc   0x110203fc   0x0000000c   Ven    RO         5061    Veneer$$Code        anon$$obj.o
    0x11020408   0x11020408   0x0000000c   Ven    RO         5062    Veneer$$Code        anon$$obj.o
    0x11020414   0x11020414   0x000003f0   Code   RO         3331    _section_xip_code_  rf.lib(patch.o)
    0x11020804   0x11020804   0x00000016   Code   RO         3605    i.ATT_BuildErrorRsp  ble_host.lib(att_util.o)
    0x1102081a   0x1102081a   0x0000000e   Code   RO         3607    i.ATT_BuildExchangeMTURsp  ble_host.lib(att_util.o)
    0x11020828   0x11020828   0x00000030   Code   RO         3610    i.ATT_BuildFindByTypeValueRsp  ble_host.lib(att_util.o)
    0x11020858   0x11020858   0x0000006c   Code   RO         3612    i.ATT_BuildFindInfoRsp  ble_host.lib(att_util.o)
    0x110208c4   0x110208c4   0x00000020   Code   RO         3613    i.ATT_BuildHandleValueInd  ble_host.lib(att_util.o)
    0x110208e4   0x110208e4   0x0000002a   Code   RO         3615    i.ATT_BuildPrepareWriteRsp  ble_host.lib(att_util.o)
    0x1102090e   0x1102090e   0x00000010   Code   RO         3617    i.ATT_BuildReadBlobRsp  ble_host.lib(att_util.o)
    0x1102091e   0x1102091e   0x0000001a   Code   RO         3618    i.ATT_BuildReadByGrpTypeRsp  ble_host.lib(att_util.o)
    0x11020938   0x11020938   0x0000001a   Code   RO         3620    i.ATT_BuildReadByTypeRsp  ble_host.lib(att_util.o)
    0x11020952   0x11020952   0x00000010   Code   RO         3622    i.ATT_BuildReadMultiRsp  ble_host.lib(att_util.o)
    0x11020962   0x11020962   0x00000010   Code   RO         3624    i.ATT_BuildReadRsp  ble_host.lib(att_util.o)
    0x11020972   0x11020972   0x0000004a   Code   RO         3626    i.ATT_CompareUUID   ble_host.lib(att_util.o)
    0x110209bc   0x110209bc   0x0000002c   Code   RO         3627    i.ATT_ConvertUUIDto128  ble_host.lib(att_util.o)
    0x110209e8   0x110209e8   0x00000014   Code   RO         3573    i.ATT_ErrorRsp      ble_host.lib(att_server.o)
    0x110209fc   0x110209fc   0x00000040   Code   RO         3574    i.ATT_ExchangeMTURsp  ble_host.lib(att_server.o)
    0x11020a3c   0x11020a3c   0x0000000e   Code   RO         3575    i.ATT_ExecuteWriteRsp  ble_host.lib(att_server.o)
    0x11020a4a   0x11020a4a   0x00000002   PAD
    0x11020a4c   0x11020a4c   0x0000001c   Code   RO         3576    i.ATT_FindByTypeValueRsp  ble_host.lib(att_server.o)
    0x11020a68   0x11020a68   0x00000028   Code   RO         3577    i.ATT_FindInfoRsp   ble_host.lib(att_server.o)
    0x11020a90   0x11020a90   0x0000000c   Code   RO         3629    i.ATT_GetCurrentMTUSize  ble_host.lib(att_util.o)
    0x11020a9c   0x11020a9c   0x00000014   Code   RO         3578    i.ATT_HandleValueInd  ble_host.lib(att_server.o)
    0x11020ab0   0x11020ab0   0x00000014   Code   RO         3579    i.ATT_HandleValueNoti  ble_host.lib(att_server.o)
    0x11020ac4   0x11020ac4   0x0000000c   Code   RO         3631    i.ATT_InitMtuSize   ble_host.lib(att_util.o)
    0x11020ad0   0x11020ad0   0x00000018   Code   RO         3633    i.ATT_ParseExchangeMTUReq  ble_host.lib(att_util.o)
    0x11020ae8   0x11020ae8   0x00000012   Code   RO         3635    i.ATT_ParseExecuteWriteReq  ble_host.lib(att_util.o)
    0x11020afa   0x11020afa   0x00000048   Code   RO         3637    i.ATT_ParseFindByTypeValueReq  ble_host.lib(att_util.o)
    0x11020b42   0x11020b42   0x00000022   Code   RO         3639    i.ATT_ParseFindInfoReq  ble_host.lib(att_util.o)
    0x11020b64   0x11020b64   0x0000005e   Code   RO         3643    i.ATT_ParsePacket   ble_host.lib(att_util.o)
    0x11020bc2   0x11020bc2   0x00000038   Code   RO         3644    i.ATT_ParsePrepareWriteReq  ble_host.lib(att_util.o)
    0x11020bfa   0x11020bfa   0x00000022   Code   RO         3646    i.ATT_ParseReadBlobReq  ble_host.lib(att_util.o)
    0x11020c1c   0x11020c1c   0x0000003c   Code   RO         3649    i.ATT_ParseReadByTypeReq  ble_host.lib(att_util.o)
    0x11020c58   0x11020c58   0x00000044   Code   RO         3651    i.ATT_ParseReadMultiReq  ble_host.lib(att_util.o)
    0x11020c9c   0x11020c9c   0x00000018   Code   RO         3653    i.ATT_ParseReadReq  ble_host.lib(att_util.o)
    0x11020cb4   0x11020cb4   0x00000042   Code   RO         3655    i.ATT_ParseWriteReq  ble_host.lib(att_util.o)
    0x11020cf6   0x11020cf6   0x00000002   PAD
    0x11020cf8   0x11020cf8   0x00000014   Code   RO         3580    i.ATT_PrepareWriteRsp  ble_host.lib(att_server.o)
    0x11020d0c   0x11020d0c   0x00000014   Code   RO         3581    i.ATT_ReadBlobRsp   ble_host.lib(att_server.o)
    0x11020d20   0x11020d20   0x0000001c   Code   RO         3582    i.ATT_ReadByGrpTypeRsp  ble_host.lib(att_server.o)
    0x11020d3c   0x11020d3c   0x0000001c   Code   RO         3583    i.ATT_ReadByTypeRsp  ble_host.lib(att_server.o)
    0x11020d58   0x11020d58   0x00000014   Code   RO         3584    i.ATT_ReadMultiRsp  ble_host.lib(att_server.o)
    0x11020d6c   0x11020d6c   0x00000014   Code   RO         3585    i.ATT_ReadRsp       ble_host.lib(att_server.o)
    0x11020d80   0x11020d80   0x0000002c   Code   RO         3657    i.ATT_SetMTUSizeMax  ble_host.lib(att_util.o)
    0x11020dac   0x11020dac   0x00000018   Code   RO         3659    i.ATT_UpdateMtuSize  ble_host.lib(att_util.o)
    0x11020dc4   0x11020dc4   0x0000000e   Code   RO         3586    i.ATT_WriteRsp      ble_host.lib(att_server.o)
    0x11020dd2   0x11020dd2   0x00000018   Code   RO         1404    i.Delay_ms          myi2c.o
    0x11020dea   0x11020dea   0x00000010   Code   RO         1405    i.Delay_us          myi2c.o
    0x11020dfa   0x11020dfa   0x00000002   PAD
    0x11020dfc   0x11020dfc   0x000000e8   Code   RO         2087    i.GAPRole_GetParameter  peripheral.o
    0x11020ee4   0x11020ee4   0x00000044   Code   RO         2088    i.GAPRole_Init      peripheral.o
    0x11020f28   0x11020f28   0x0000014c   Code   RO         2089    i.GAPRole_ProcessEvent  peripheral.o
    0x11021074   0x11021074   0x00000058   Code   RO         2091    i.GAPRole_SendUpdateParam  peripheral.o
    0x110210cc   0x110210cc   0x00000214   Code   RO         2092    i.GAPRole_SetParameter  peripheral.o
    0x110212e0   0x110212e0   0x00000038   Code   RO         2093    i.GAPRole_StartDevice  peripheral.o
    0x11021318   0x11021318   0x00000020   Code   RO         2094    i.GAPRole_TerminateConnection  peripheral.o
    0x11021338   0x11021338   0x0000008c   Code   RO         1790    i.GAP_DeviceInit    gap.o
    0x110213c4   0x110213c4   0x00000054   Code   RO         3887    i.GAP_EndDiscoverable  ble_host.lib(gap_peridevmgr.o)
    0x11021418   0x11021418   0x00000018   Code   RO         3778    i.GAP_GetParamValue  ble_host.lib(gap_configmgr.o)
    0x11021430   0x11021430   0x00000020   Code   RO         3944    i.GAP_Init          ble_host.lib(gap_task.o)
    0x11021450   0x11021450   0x000000c0   Code   RO         3889    i.GAP_MakeDiscoverable  ble_host.lib(gap_peridevmgr.o)
    0x11021510   0x11021510   0x00000008   Code   RO         3945    i.GAP_NumActiveConnections  ble_host.lib(gap_task.o)
    0x11021518   0x11021518   0x00000038   Code   RO         3779    i.GAP_ParamsInit    ble_host.lib(gap_configmgr.o)
    0x11021550   0x11021550   0x00000048   Code   RO         3890    i.GAP_PeriDevMgrInit  ble_host.lib(gap_peridevmgr.o)
    0x11021598   0x11021598   0x000000e0   Code   RO         3946    i.GAP_ProcessEvent  ble_host.lib(gap_task.o)
    0x11021678   0x11021678   0x0000000c   Code   RO         3947    i.GAP_RegisterForHCIMsgs  ble_host.lib(gap_task.o)
    0x11021684   0x11021684   0x00000040   Code   RO         3780    i.GAP_SecParamsInit  ble_host.lib(gap_configmgr.o)
    0x110216c4   0x110216c4   0x00000020   Code   RO         3781    i.GAP_SetParamValue  ble_host.lib(gap_configmgr.o)
    0x110216e4   0x110216e4   0x00000080   Code   RO         3844    i.GAP_TerminateLinkReq  ble_host.lib(gap_linkmgr.o)
    0x11021764   0x11021764   0x00000074   Code   RO         3894    i.GAP_UpdateAdvertisingData  ble_host.lib(gap_peridevmgr.o)
    0x110217d8   0x110217d8   0x00000020   Code   RO         2175    i.GATTServApp_AddService  gattservapp.o
    0x110217f8   0x110217f8   0x00000022   Code   RO         2178    i.GATTServApp_FindAttr  gattservapp.o
    0x1102181a   0x1102181a   0x00000002   PAD
    0x1102181c   0x1102181c   0x0000004c   Code   RO         2181    i.GATTServApp_Init  gattservapp.o
    0x11021868   0x11021868   0x00000030   Code   RO         2182    i.GATTServApp_InitCharCfg  gattservapp.o
    0x11021898   0x11021898   0x00000058   Code   RO         2183    i.GATTServApp_ProcessCCCWriteReq  gattservapp.o
    0x110218f0   0x110218f0   0x00000088   Code   RO         2184    i.GATTServApp_ProcessCharCfg  gattservapp.o
    0x11021978   0x11021978   0x00000038   Code   RO         2185    i.GATTServApp_ProcessEvent  gattservapp.o
    0x110219b0   0x110219b0   0x00000224   Code   RO         2186    i.GATTServApp_ReadAttr  gattservapp.o
    0x11021bd4   0x11021bd4   0x0000000e   Code   RO         2187    i.GATTServApp_ReadCharCfg  gattservapp.o
    0x11021be2   0x11021be2   0x00000002   PAD
    0x11021be4   0x11021be4   0x0000005c   Code   RO         2189    i.GATTServApp_RegisterService  gattservapp.o
    0x11021c40   0x11021c40   0x00000038   Code   RO         2190    i.GATTServApp_SendCCCUpdatedEvent  gattservapp.o
    0x11021c78   0x11021c78   0x0000003e   Code   RO         2195    i.GATTServApp_WriteAttr  gattservapp.o
    0x11021cb6   0x11021cb6   0x00000002   PAD
    0x11021cb8   0x11021cb8   0x0000002c   Code   RO         2196    i.GATTServApp_WriteCharCfg  gattservapp.o
    0x11021ce4   0x11021ce4   0x0000002e   Code   RO         4031    i.GATT_AppCompletedMsg  ble_host.lib(gatt_task.o)
    0x11021d12   0x11021d12   0x00000002   PAD
    0x11021d14   0x11021d14   0x0000004c   Code   RO         3966    i.GATT_FindHandle   ble_host.lib(gatt_server.o)
    0x11021d60   0x11021d60   0x00000064   Code   RO         3967    i.GATT_FindHandleUUID  ble_host.lib(gatt_server.o)
    0x11021dc4   0x11021dc4   0x00000094   Code   RO         3968    i.GATT_FindNextAttr  ble_host.lib(gatt_server.o)
    0x11021e58   0x11021e58   0x00000054   Code   RO         3969    i.GATT_Indication   ble_host.lib(gatt_server.o)
    0x11021eac   0x11021eac   0x0000001c   Code   RO         4032    i.GATT_Init         ble_host.lib(gatt_task.o)
    0x11021ec8   0x11021ec8   0x00000048   Code   RO         3970    i.GATT_InitServer   ble_host.lib(gatt_server.o)
    0x11021f10   0x11021f10   0x0000002e   Code   RO         3971    i.GATT_Notification  ble_host.lib(gatt_server.o)
    0x11021f3e   0x11021f3e   0x00000002   PAD
    0x11021f40   0x11021f40   0x00000034   Code   RO         4033    i.GATT_ProcessEvent  ble_host.lib(gatt_task.o)
    0x11021f74   0x11021f74   0x0000000c   Code   RO         3972    i.GATT_RegisterForReq  ble_host.lib(gatt_server.o)
    0x11021f80   0x11021f80   0x000000a8   Code   RO         3973    i.GATT_RegisterService  ble_host.lib(gatt_server.o)
    0x11022028   0x11022028   0x00000020   Code   RO         3975    i.GATT_ServiceNumAttrs  ble_host.lib(gatt_server.o)
    0x11022048   0x11022048   0x00000026   Code   RO         3977    i.GATT_VerifyReadPermissions  ble_host.lib(gatt_server.o)
    0x1102206e   0x1102206e   0x00000042   Code   RO         3978    i.GATT_VerifyWritePermissions  ble_host.lib(gatt_server.o)
    0x110220b0   0x110220b0   0x00000068   Code   RO         2891    i.GFMul             aes.o
    0x11022118   0x11022118   0x00000014   Code   RO         2892    i.GFMul12           aes.o
    0x1102212c   0x1102212c   0x00000012   Code   RO         2893    i.GFMul2            aes.o
    0x1102213e   0x1102213e   0x0000000c   Code   RO         2894    i.GFMul4            aes.o
    0x1102214a   0x1102214a   0x0000000c   Code   RO         2895    i.GFMul8            aes.o
    0x11022156   0x11022156   0x0000000c   Code   RO         2896    i.GFMul9            aes.o
    0x11022162   0x11022162   0x00000002   PAD
    0x11022164   0x11022164   0x00000020   Code   RO         2007    i.GGS_AddService    gapgattserver.o
    0x11022184   0x11022184   0x00000088   Code   RO         2013    i.GGS_SetParameter  gapgattserver.o
    0x1102220c   0x1102220c   0x0000002c   Code   RO         2503    i.GetCrc16          crc16.o
    0x11022238   0x11022238   0x00000050   Code   RO         1406    i.IIC_RecAck        myi2c.o
    0x11022288   0x11022288   0x0000007c   Code   RO         1407    i.IIC_RecData       myi2c.o
    0x11022304   0x11022304   0x00000060   Code   RO         1408    i.IIC_RecData_byte  myi2c.o
    0x11022364   0x11022364   0x0000000c   Code   RO         1409    i.IIC_SDA_CHANGE_IN  myi2c.o
    0x11022370   0x11022370   0x0000000c   Code   RO         1410    i.IIC_SDA_CHANGE_OUT  myi2c.o
    0x1102237c   0x1102237c   0x00000040   Code   RO         1411    i.IIC_SendAck       myi2c.o
    0x110223bc   0x110223bc   0x0000003a   Code   RO         1412    i.IIC_SendData      myi2c.o
    0x110223f6   0x110223f6   0x00000002   PAD
    0x110223f8   0x110223f8   0x0000004c   Code   RO         1413    i.IIC_SendData_byte  myi2c.o
    0x11022444   0x11022444   0x00000034   Code   RO         1414    i.IIC_Start         myi2c.o
    0x11022478   0x11022478   0x00000034   Code   RO         1415    i.IIC_Stop          myi2c.o
    0x110224ac   0x110224ac   0x00000042   Code   RO         4215    i.L2CAP_BuildCmdReject  ble_host.lib(l2cap_util.o)
    0x110224ee   0x110224ee   0x00000002   PAD
    0x110224f0   0x110224f0   0x00000018   Code   RO         4063    i.L2CAP_CmdReject   ble_host.lib(l2cap_if.o)
    0x11022508   0x11022508   0x00000018   Code   RO         4064    i.L2CAP_ConnParamUpdateReq  ble_host.lib(l2cap_if.o)
    0x11022520   0x11022520   0x00000008   Code   RO         4219    i.L2CAP_Fragment_bm_alloc  ble_host.lib(l2cap_util.o)
    0x11022528   0x11022528   0x00000018   Code   RO         4067    i.L2CAP_HostNumCompletedPkts  ble_host.lib(l2cap_if.o)
    0x11022540   0x11022540   0x00000048   Code   RO         4088    i.L2CAP_Init        ble_host.lib(l2cap_task.o)
    0x11022588   0x11022588   0x00000034   Code   RO         4221    i.L2CAP_ParseParamUpdateReq  ble_host.lib(l2cap_util.o)
    0x110225bc   0x110225bc   0x00000034   Code   RO         4089    i.L2CAP_ProcessEvent  ble_host.lib(l2cap_task.o)
    0x110225f0   0x110225f0   0x00000024   Code   RO         4222    i.L2CAP_ReassemblePkt_Reset  ble_host.lib(l2cap_util.o)
    0x11022614   0x11022614   0x0000002c   Code   RO         4069    i.L2CAP_RegisterApp  ble_host.lib(l2cap_if.o)
    0x11022640   0x11022640   0x00000044   Code   RO         4223    i.L2CAP_SegmentPkt_Reset  ble_host.lib(l2cap_util.o)
    0x11022684   0x11022684   0x00000034   Code   RO         4070    i.L2CAP_SendData    ble_host.lib(l2cap_if.o)
    0x110226b8   0x110226b8   0x00000018   Code   RO         4224    i.L2CAP_bm_alloc    ble_host.lib(l2cap_util.o)
    0x110226d0   0x110226d0   0x00000044   Code   RO         4288    i.SM_CalcRandomAddr  ble_host.lib(sm_mgr.o)
    0x11022714   0x11022714   0x0000009a   Code   RO         4290    i.SM_GenerateAuthenSig  ble_host.lib(sm_mgr.o)
    0x110227ae   0x110227ae   0x00000002   PAD
    0x110227b0   0x110227b0   0x00000024   Code   RO         4163    i.SM_Init           ble_host.lib(sm_task.o)
    0x110227d4   0x110227d4   0x00000048   Code   RO         4164    i.SM_ProcessEvent   ble_host.lib(sm_task.o)
    0x1102281c   0x1102281c   0x00000020   Code   RO         4133    i.SM_ResponderInit  ble_host.lib(sm_rsppairing.o)
    0x1102283c   0x1102283c   0x000000ce   Code   RO         4293    i.SM_VerifyAuthenSig  ble_host.lib(sm_mgr.o)
    0x1102290a   0x1102290a   0x00000002   PAD
    0x1102290c   0x1102290c   0x00000078   Code   RO         2808    i.SelectIICAddr     upgraderhp9serial.o
    0x11022984   0x11022984   0x000001ac   Code   RO         2569    i.SimpleBLEPeripheral_Init  simplebleperipheral.o
    0x11022b30   0x11022b30   0x0000038c   Code   RO         2570    i.SimpleBLEPeripheral_ProcessEvent  simplebleperipheral.o
    0x11022ebc   0x11022ebc   0x00000018   Code   RO          482    i.__NVIC_EnableIRQ  gpio.o
    0x11022ed4   0x11022ed4   0x00000044   Code   RO          483    i.__NVIC_SetPriority  gpio.o
    0x11022f18   0x11022f18   0x0000000e   Code   RO         1345    i._uart_putc        my_printf.o
    0x11022f26   0x11022f26   0x00000002   PAD
    0x11022f28   0x11022f28   0x00000040   Code   RO         2897    i.addRoundKey       aes.o
    0x11022f68   0x11022f68   0x0000007c   Code   RO         3660    i.attSendMsg        ble_host.lib(att_util.o)
    0x11022fe4   0x11022fe4   0x00000264   Code   RO         2809    i.backdoor_changesn  upgraderhp9serial.o
    0x11023248   0x11023248   0x00000060   Code   RO         2571    i.bdAddr2Str        simplebleperipheral.o
    0x110232a8   0x110232a8   0x000000c4   Code   RO         2666    i.check_file_info   file_handle.o
    0x1102336c   0x1102336c   0x00000020   Code   RO         2899    i.convertArrayToStr  aes.o
    0x1102338c   0x1102338c   0x00000022   Code   RO         2900    i.convertToIntArray  aes.o
    0x110233ae   0x110233ae   0x00000002   PAD
    0x110233b0   0x110233b0   0x0000001c   Code   RO         1346    i.dbg_printf        my_printf.o
    0x110233cc   0x110233cc   0x00000014   Code   RO         1347    i.dbg_printf_init   my_printf.o
    0x110233e0   0x110233e0   0x000000a0   Code   RO         2901    i.deAes             aes.o
    0x11023480   0x11023480   0x00000090   Code   RO         2902    i.deMixColumns      aes.o
    0x11023510   0x11023510   0x00000058   Code   RO         2903    i.deShiftRows       aes.o
    0x11023568   0x11023568   0x0000003c   Code   RO         2904    i.deSubBytes        aes.o
    0x110235a4   0x110235a4   0x0000001a   Code   RO         3845    i.disconnectNext    ble_host.lib(gap_linkmgr.o)
    0x110235be   0x110235be   0x00000044   Code   RO         2667    i.distinguish_type_code  file_handle.o
    0x11023602   0x11023602   0x00000002   PAD
    0x11023604   0x11023604   0x00000038   Code   RO         2668    i.erase_file_flash  file_handle.o
    0x1102363c   0x1102363c   0x000000bc   Code   RO         2905    i.extendKey         aes.o
    0x110236f8   0x110236f8   0x00000032   Code   RO         3782    i.gapAddAddrAdj     ble_host.lib(gap_configmgr.o)
    0x1102372a   0x1102372a   0x00000002   PAD
    0x1102372c   0x1102372c   0x00000054   Code   RO         3896    i.gapAllocAdvRecs   ble_host.lib(gap_peridevmgr.o)
    0x11023780   0x11023780   0x0000001e   Code   RO         3783    i.gapDetermineAddrType  ble_host.lib(gap_configmgr.o)
    0x1102379e   0x1102379e   0x00000048   Code   RO         3824    i.gapFindADType     ble_host.lib(gap_devmgr.o)
    0x110237e6   0x110237e6   0x00000002   PAD
    0x110237e8   0x110237e8   0x00000018   Code   RO         3901    i.gapFreeAdvertState  ble_host.lib(gap_peridevmgr.o)
    0x11023800   0x11023800   0x00000040   Code   RO         3846    i.gapFreeAuthLink   ble_host.lib(gap_linkmgr.o)
    0x11023840   0x11023840   0x00000018   Code   RO         3847    i.gapFreeEstLink    ble_host.lib(gap_linkmgr.o)
    0x11023858   0x11023858   0x0000001c   Code   RO         3784    i.gapGetDevAddress  ble_host.lib(gap_configmgr.o)
    0x11023874   0x11023874   0x0000000c   Code   RO         3785    i.gapGetDevAddressMode  ble_host.lib(gap_configmgr.o)
    0x11023880   0x11023880   0x0000000c   Code   RO         3786    i.gapGetIRK         ble_host.lib(gap_configmgr.o)
    0x1102388c   0x1102388c   0x0000000c   Code   RO         3787    i.gapGetSRK         ble_host.lib(gap_configmgr.o)
    0x11023898   0x11023898   0x0000000c   Code   RO         3788    i.gapGetSignCounter  ble_host.lib(gap_configmgr.o)
    0x110238a4   0x110238a4   0x00000028   Code   RO         3789    i.gapIncSignCounter  ble_host.lib(gap_configmgr.o)
    0x110238cc   0x110238cc   0x00000010   Code   RO         3825    i.gapIsAdvertising  ble_host.lib(gap_devmgr.o)
    0x110238dc   0x110238dc   0x0000012c   Code   RO         3848    i.gapPairingCompleteCB  ble_host.lib(gap_linkmgr.o)
    0x11023a08   0x11023a08   0x00000064   Code   RO         3849    i.gapPasskeyNeededCB  ble_host.lib(gap_linkmgr.o)
    0x11023a6c   0x11023a6c   0x00000090   Code   RO         3902    i.gapPeriProcessHCICmdCompleteEvt  ble_host.lib(gap_peridevmgr.o)
    0x11023afc   0x11023afc   0x00000080   Code   RO         3903    i.gapProcessAdvertisingEvt  ble_host.lib(gap_peridevmgr.o)
    0x11023b7c   0x11023b7c   0x00000014   Code   RO         3850    i.gapProcessConnUpdateCompleteEvt  ble_host.lib(gap_linkmgr.o)
    0x11023b90   0x11023b90   0x000000e0   Code   RO         3851    i.gapProcessConnectionCompleteEvt  ble_host.lib(gap_linkmgr.o)
    0x11023c70   0x11023c70   0x00000070   Code   RO         3852    i.gapProcessDisconnectCompleteEvt  ble_host.lib(gap_linkmgr.o)
    0x11023ce0   0x11023ce0   0x000000c0   Code   RO         3948    i.gapProcessHCICmdCompleteEvt  ble_host.lib(gap_task.o)
    0x11023da0   0x11023da0   0x0000002c   Code   RO         3790    i.gapProcessNewAddr  ble_host.lib(gap_configmgr.o)
    0x11023dcc   0x11023dcc   0x000000d4   Code   RO         3949    i.gapProcessOSALMsg  ble_host.lib(gap_task.o)
    0x11023ea0   0x11023ea0   0x0000006c   Code   RO         3791    i.gapProcessRandomAddrComplete  ble_host.lib(gap_configmgr.o)
    0x11023f0c   0x11023f0c   0x00000044   Code   RO         3792    i.gapReadBD_ADDRStatus  ble_host.lib(gap_configmgr.o)
    0x11023f50   0x11023f50   0x0000003c   Code   RO         3793    i.gapReadBufSizeCmdStatus  ble_host.lib(gap_configmgr.o)
    0x11023f8c   0x11023f8c   0x0000000c   Code   RO         3951    i.gapRegisterPeripheral  ble_host.lib(gap_task.o)
    0x11023f98   0x11023f98   0x000002a4   Code   RO         2095    i.gapRole_ProcessGAPMsg  peripheral.o
    0x1102423c   0x1102423c   0x000000d8   Code   RO         2096    i.gapRole_ProcessOSALMsg  peripheral.o
    0x11024314   0x11024314   0x0000005c   Code   RO         2097    i.gapRole_startConnUpdate  peripheral.o
    0x11024370   0x11024370   0x00000044   Code   RO         3854    i.gapSendBondCompleteEvent  ble_host.lib(gap_linkmgr.o)
    0x110243b4   0x110243b4   0x00000048   Code   RO         3794    i.gapSendDeviceInitDoneEvent  ble_host.lib(gap_configmgr.o)
    0x110243fc   0x110243fc   0x00000048   Code   RO         3855    i.gapSendLinkUpdateEvent  ble_host.lib(gap_linkmgr.o)
    0x11024444   0x11024444   0x0000003c   Code   RO         3904    i.gapSendMakeDiscEvent  ble_host.lib(gap_peridevmgr.o)
    0x11024480   0x11024480   0x0000005c   Code   RO         3856    i.gapSendPairingReqEvent  ble_host.lib(gap_linkmgr.o)
    0x110244dc   0x110244dc   0x00000088   Code   RO         3905    i.gapSetAdvParams   ble_host.lib(gap_peridevmgr.o)
    0x11024564   0x11024564   0x0000002c   Code   RO         3906    i.gapSetAdvParamsStatus  ble_host.lib(gap_peridevmgr.o)
    0x11024590   0x11024590   0x00000052   Code   RO         3796    i.gapUpdateConnSignCounter  ble_host.lib(gap_configmgr.o)
    0x110245e2   0x110245e2   0x00000012   Code   RO         3827    i.gapValidADType    ble_host.lib(gap_devmgr.o)
    0x110245f4   0x110245f4   0x00000030   Code   RO         3907    i.gapWriteAdvDataStatus  ble_host.lib(gap_peridevmgr.o)
    0x11024624   0x11024624   0x000000b8   Code   RO         3908    i.gapWriteAdvEnableStatus  ble_host.lib(gap_peridevmgr.o)
    0x110246dc   0x110246dc   0x00000024   Code   RO         3979    i.gattFindServerInfo  ble_host.lib(gatt_server.o)
    0x11024700   0x11024700   0x0000002c   Code   RO         3980    i.gattGetServerStatus  ble_host.lib(gatt_server.o)
    0x1102472c   0x1102472c   0x00000052   Code   RO         4035    i.gattNotifyEvent   ble_host.lib(gatt_task.o)
    0x1102477e   0x1102477e   0x00000002   PAD
    0x11024780   0x11024780   0x0000001c   Code   RO         3981    i.gattProcessExchangeMTUReq  ble_host.lib(gatt_server.o)
    0x1102479c   0x1102479c   0x00000004   Code   RO         3982    i.gattProcessExecuteWriteReq  ble_host.lib(gatt_server.o)
    0x110247a0   0x110247a0   0x0000002c   Code   RO         3983    i.gattProcessFindByTypeValueReq  ble_host.lib(gatt_server.o)
    0x110247cc   0x110247cc   0x000000e8   Code   RO         3984    i.gattProcessFindInfoReq  ble_host.lib(gatt_server.o)
    0x110248b4   0x110248b4   0x00000048   Code   RO         3985    i.gattProcessReadByGrpTypeReq  ble_host.lib(gatt_server.o)
    0x110248fc   0x110248fc   0x0000002c   Code   RO         3986    i.gattProcessReadByTypeReq  ble_host.lib(gatt_server.o)
    0x11024928   0x11024928   0x00000048   Code   RO         3987    i.gattProcessReadMultiReq  ble_host.lib(gatt_server.o)
    0x11024970   0x11024970   0x0000001e   Code   RO         3988    i.gattProcessReadReq  ble_host.lib(gatt_server.o)
    0x1102498e   0x1102498e   0x00000002   PAD
    0x11024990   0x11024990   0x00000094   Code   RO         4036    i.gattProcessRxData  ble_host.lib(gatt_task.o)
    0x11024a24   0x11024a24   0x00000022   Code   RO         3989    i.gattProcessWriteReq  ble_host.lib(gatt_server.o)
    0x11024a46   0x11024a46   0x00000002   PAD
    0x11024a48   0x11024a48   0x0000000c   Code   RO         4038    i.gattRegisterServer  ble_host.lib(gatt_task.o)
    0x11024a54   0x11024a54   0x00000010   Code   RO         3990    i.gattResetServerInfo  ble_host.lib(gatt_server.o)
    0x11024a64   0x11024a64   0x0000000e   Code   RO         2197    i.gattServApp_FindAuthorizeAttrCB  gattservapp.o
    0x11024a72   0x11024a72   0x0000001c   Code   RO         2198    i.gattServApp_FindCharCfgItem  gattservapp.o
    0x11024a8e   0x11024a8e   0x00000002   PAD
    0x11024a90   0x11024a90   0x00000024   Code   RO         2199    i.gattServApp_FindPrepareWriteQ  gattservapp.o
    0x11024ab4   0x11024ab4   0x00000020   Code   RO         2200    i.gattServApp_FindServiceCBs  gattservapp.o
    0x11024ad4   0x11024ad4   0x0000005c   Code   RO         2201    i.gattServApp_HandleConnStatusCB  gattservapp.o
    0x11024b30   0x11024b30   0x00000088   Code   RO         2202    i.gattServApp_ProcessExecuteWriteReq  gattservapp.o
    0x11024bb8   0x11024bb8   0x000000f4   Code   RO         2203    i.gattServApp_ProcessFindByTypeValueReq  gattservapp.o
    0x11024cac   0x11024cac   0x0000015c   Code   RO         2204    i.gattServApp_ProcessMsg  gattservapp.o
    0x11024e08   0x11024e08   0x000000a0   Code   RO         2205    i.gattServApp_ProcessPrepareWriteReq  gattservapp.o
    0x11024ea8   0x11024ea8   0x00000158   Code   RO         2206    i.gattServApp_ProcessReadByGrpTypeReq  gattservapp.o
    0x11025000   0x11025000   0x00000140   Code   RO         2207    i.gattServApp_ProcessReadByTypeReq  gattservapp.o
    0x11025140   0x11025140   0x000000e0   Code   RO         2208    i.gattServApp_ProcessReadMultiReq  gattservapp.o
    0x11025220   0x11025220   0x0000007a   Code   RO         2209    i.gattServApp_ProcessWriteReq  gattservapp.o
    0x1102529a   0x1102529a   0x00000002   PAD
    0x1102529c   0x1102529c   0x00000078   Code   RO         2211    i.gattServApp_SetNumPrepareWrites  gattservapp.o
    0x11025314   0x11025314   0x00000034   Code   RO         2212    i.gattServApp_WriteAttrCB  gattservapp.o
    0x11025348   0x11025348   0x00000080   Code   RO         3991    i.gattServerHandleConnStatusCB  ble_host.lib(gatt_server.o)
    0x110253c8   0x110253c8   0x0000002a   Code   RO         3992    i.gattServerHandleTimerCB  ble_host.lib(gatt_server.o)
    0x110253f2   0x110253f2   0x00000002   PAD
    0x110253f4   0x110253f4   0x000000d0   Code   RO         3993    i.gattServerProcessMsgCB  ble_host.lib(gatt_server.o)
    0x110254c4   0x110254c4   0x00000018   Code   RO         3994    i.gattServiceLastHandle  ble_host.lib(gatt_server.o)
    0x110254dc   0x110254dc   0x0000000e   Code   RO         4039    i.gattStartTimer    ble_host.lib(gatt_task.o)
    0x110254ea   0x110254ea   0x0000001a   Code   RO         4040    i.gattStopTimer     ble_host.lib(gatt_task.o)
    0x11025504   0x11025504   0x00000098   Code   RO         4294    i.generate_subkey   ble_host.lib(sm_mgr.o)
    0x1102559c   0x1102559c   0x0000005c   Code   RO         2906    i.getArrayFrom4W    aes.o
    0x110255f8   0x110255f8   0x00000008   Code   RO         2907    i.getLeft4Bit       aes.o
    0x11025600   0x11025600   0x0000001c   Code   RO         2908    i.getNumFromSBox    aes.o
    0x1102561c   0x1102561c   0x000000b0   Code   RO         2669    i.get_color_address  file_handle.o
    0x110256cc   0x110256cc   0x00000080   Code   RO         2670    i.get_file_info     file_handle.o
    0x1102574c   0x1102574c   0x00000018   Code   RO         2810    i.get_sn_array      upgraderhp9serial.o
    0x11025764   0x11025764   0x000000c2   Code   RO         2014    i.ggs_ReadAttrCB    gapgattserver.o
    0x11025826   0x11025826   0x00000058   Code   RO         2015    i.ggs_SetAttrWPermit  gapgattserver.o
    0x1102587e   0x1102587e   0x00000002   PAD
    0x11025880   0x11025880   0x000000e4   Code   RO         2016    i.ggs_WriteAttrCB   gapgattserver.o
    0x11025964   0x11025964   0x00000018   Code   RO          484    i.hal_GPIO_IRQHandler  gpio.o
    0x1102597c   0x1102597c   0x00000030   Code   RO          485    i.hal_gpio_cfg_analog_io  gpio.o
    0x110259ac   0x110259ac   0x0000001c   Code   RO          489    i.hal_gpio_fmux     gpio.o
    0x110259c8   0x110259c8   0x00000038   Code   RO          490    i.hal_gpio_fmux_set  gpio.o
    0x11025a00   0x11025a00   0x0000005c   Code   RO          491    i.hal_gpio_init     gpio.o
    0x11025a5c   0x11025a5c   0x00000040   Code   RO          492    i.hal_gpio_interrupt_enable  gpio.o
    0x11025a9c   0x11025a9c   0x0000001c   Code   RO          493    i.hal_gpio_pin2pin3_control  gpio.o
    0x11025ab8   0x11025ab8   0x00000060   Code   RO          494    i.hal_gpio_pin_init  gpio.o
    0x11025b18   0x11025b18   0x00000044   Code   RO          495    i.hal_gpio_pull_set  gpio.o
    0x11025b5c   0x11025b5c   0x00000024   Code   RO          496    i.hal_gpio_read     gpio.o
    0x11025b80   0x11025b80   0x0000005c   Code   RO          497    i.hal_gpio_retention_enable  gpio.o
    0x11025bdc   0x11025bdc   0x00000048   Code   RO          498    i.hal_gpio_sleep_handler  gpio.o
    0x11025c24   0x11025c24   0x00000044   Code   RO          499    i.hal_gpio_wakeup_control  gpio.o
    0x11025c68   0x11025c68   0x00000088   Code   RO          500    i.hal_gpio_wakeup_handler  gpio.o
    0x11025cf0   0x11025cf0   0x00000078   Code   RO          501    i.hal_gpio_wakeup_set  gpio.o
    0x11025d68   0x11025d68   0x00000024   Code   RO          502    i.hal_gpio_write    gpio.o
    0x11025d8c   0x11025d8c   0x00000064   Code   RO          504    i.hal_gpioin_enable  gpio.o
    0x11025df0   0x11025df0   0x00000068   Code   RO          505    i.hal_gpioin_event  gpio.o
    0x11025e58   0x11025e58   0x00000024   Code   RO          506    i.hal_gpioin_event_pin  gpio.o
    0x11025e7c   0x11025e7c   0x00000044   Code   RO         2407    i.handleConnStatusCB  ota_app_service.o
    0x11025ec0   0x11025ec0   0x00000044   Code   RO         3181    i.handleConnStatusCB  ota_app_service1.o
    0x11025f04   0x11025f04   0x000000d8   Code   RO         2671    i.handle_aes_file   file_handle.o
    0x11025fdc   0x11025fdc   0x00000084   Code   RO         2408    i.handle_file_again  ota_app_service.o
    0x11026060   0x11026060   0x00000064   Code   RO         2409    i.handle_file_first  ota_app_service.o
    0x110260c4   0x110260c4   0x00000030   Code   RO         2811    i.heap_data_free    upgraderhp9serial.o
    0x110260f4   0x110260f4   0x0000006c   Code   RO         2812    i.heap_data_init    upgraderhp9serial.o
    0x11026160   0x11026160   0x00000024   Code   RO         1416    i.i2c_init          myi2c.o
    0x11026184   0x11026184   0x0000002c   Code   RO         3909    i.isLimitedDiscoverableMode  ble_host.lib(gap_peridevmgr.o)
    0x110261b0   0x110261b0   0x00000038   Code   RO         4225    i.l2capAllocChannel  ble_host.lib(l2cap_util.o)
    0x110261e8   0x110261e8   0x0000002c   Code   RO         4229    i.l2capBuildParamUpdateReq  ble_host.lib(l2cap_util.o)
    0x11026214   0x11026214   0x000000b0   Code   RO         4230    i.l2capEncapSendData  ble_host.lib(l2cap_util.o)
    0x110262c4   0x110262c4   0x00000030   Code   RO         4231    i.l2capFindLocalId  ble_host.lib(l2cap_util.o)
    0x110262f4   0x110262f4   0x00000008   Code   RO         4232    i.l2capFreeChannel  ble_host.lib(l2cap_util.o)
    0x110262fc   0x110262fc   0x00000002   Code   RO         4233    i.l2capHandleRxError  ble_host.lib(l2cap_util.o)
    0x110262fe   0x110262fe   0x00000028   Code   RO         4234    i.l2capHandleTimerCB  ble_host.lib(l2cap_util.o)
    0x11026326   0x11026326   0x00000046   Code   RO         4235    i.l2capNotifyData   ble_host.lib(l2cap_util.o)
    0x1102636c   0x1102636c   0x0000004e   Code   RO         4236    i.l2capNotifySignal  ble_host.lib(l2cap_util.o)
    0x110263ba   0x110263ba   0x00000042   Code   RO         4237    i.l2capParseCmdReject  ble_host.lib(l2cap_util.o)
    0x110263fc   0x110263fc   0x000001a0   Code   RO         4240    i.l2capParsePacket  ble_host.lib(l2cap_util.o)
    0x1102659c   0x1102659c   0x00000016   Code   RO         4241    i.l2capParseParamUpdateRsp  ble_host.lib(l2cap_util.o)
    0x110265b2   0x110265b2   0x00000014   Code   RO         4242    i.l2capParseSignalHdr  ble_host.lib(l2cap_util.o)
    0x110265c6   0x110265c6   0x00000002   PAD
    0x110265c8   0x110265c8   0x00000104   Code   RO         4243    i.l2capPktToSegmentBuff  ble_host.lib(l2cap_util.o)
    0x110266cc   0x110266cc   0x00000068   Code   RO         4090    i.l2capProcessRsp   ble_host.lib(l2cap_task.o)
    0x11026734   0x11026734   0x00000094   Code   RO         4091    i.l2capProcessRxData  ble_host.lib(l2cap_task.o)
    0x110267c8   0x110267c8   0x000000a8   Code   RO         4092    i.l2capProcessSignal  ble_host.lib(l2cap_task.o)
    0x11026870   0x11026870   0x00000058   Code   RO         4244    i.l2capSarBufReset  ble_host.lib(l2cap_util.o)
    0x110268c8   0x110268c8   0x00000060   Code   RO         4245    i.l2capSendCmd      ble_host.lib(l2cap_util.o)
    0x11026928   0x11026928   0x0000007c   Code   RO         4246    i.l2capSendReq      ble_host.lib(l2cap_util.o)
    0x110269a4   0x110269a4   0x00000010   Code   RO         4247    i.l2capStopTimer    ble_host.lib(l2cap_util.o)
    0x110269b4   0x110269b4   0x00000046   Code   RO         2909    i.leftLoop4int      aes.o
    0x110269fa   0x110269fa   0x0000001c   Code   RO         4295    i.leftshift_onebit  ble_host.lib(sm_mgr.o)
    0x11026a16   0x11026a16   0x00000002   PAD
    0x11026a18   0x11026a18   0x00000058   Code   RO         4104    i.linkDB_Add        ble_host.lib(linkdb.o)
    0x11026a70   0x11026a70   0x0000004c   Code   RO         4105    i.linkDB_Authen     ble_host.lib(linkdb.o)
    0x11026abc   0x11026abc   0x00000028   Code   RO         4106    i.linkDB_Find       ble_host.lib(linkdb.o)
    0x11026ae4   0x11026ae4   0x00000038   Code   RO         4107    i.linkDB_FindFirst  ble_host.lib(linkdb.o)
    0x11026b1c   0x11026b1c   0x0000003c   Code   RO         4108    i.linkDB_Init       ble_host.lib(linkdb.o)
    0x11026b58   0x11026b58   0x00000024   Code   RO         4109    i.linkDB_NumActive  ble_host.lib(linkdb.o)
    0x11026b7c   0x11026b7c   0x00000024   Code   RO         4111    i.linkDB_Register   ble_host.lib(linkdb.o)
    0x11026ba0   0x11026ba0   0x00000036   Code   RO         4112    i.linkDB_Remove     ble_host.lib(linkdb.o)
    0x11026bd6   0x11026bd6   0x00000002   PAD
    0x11026bd8   0x11026bd8   0x00000024   Code   RO         4113    i.linkDB_State      ble_host.lib(linkdb.o)
    0x11026bfc   0x11026bfc   0x0000007c   Code   RO         3182    i.load_ota_version  ota_app_service1.o
    0x11026c78   0x11026c78   0x00000268   Code   RO         1348    i.log_vsprintf      my_printf.o
    0x11026ee0   0x11026ee0   0x00000030   Code   RO         2672    i.my_printfS_hex    file_handle.o
    0x11026f10   0x11026f10   0x00000168   Code   RO         1350    i.number            my_printf.o
    0x11027078   0x11027078   0x00000014   Code   RO         2813    i.one_sn_data_init  upgraderhp9serial.o
    0x1102708c   0x1102708c   0x00000028   Code   RO         2410    i.ota_ReadAttrCB    ota_app_service.o
    0x110270b4   0x110270b4   0x00000028   Code   RO         3183    i.ota_ReadAttrCB    ota_app_service1.o
    0x110270dc   0x110270dc   0x00000098   Code   RO         2411    i.ota_WriteAttrCB   ota_app_service.o
    0x11027174   0x11027174   0x000000a8   Code   RO         3184    i.ota_WriteAttrCB   ota_app_service1.o
    0x1102721c   0x1102721c   0x00000060   Code   RO         2412    i.ota_app_AddService  ota_app_service.o
    0x1102727c   0x1102727c   0x0000005c   Code   RO         3185    i.ota_app_AddService1  ota_app_service1.o
    0x110272d8   0x110272d8   0x00000040   Code   RO         2573    i.ota_ble_updata_app_CB  simplebleperipheral.o
    0x11027318   0x11027318   0x00000014   Code   RO         3186    i.ota_disconnect_link  ota_app_service1.o
    0x1102732c   0x1102732c   0x00000128   Code   RO         2574    i.peripheralStateNotificationCB  simplebleperipheral.o
    0x11027454   0x11027454   0x00000002   Code   RO         2575    i.peripheralStateReadRssiCB  simplebleperipheral.o
    0x11027456   0x11027456   0x00000002   PAD
    0x11027458   0x11027458   0x00000304   Code   RO         2413    i.process_cmd       ota_app_service.o
    0x1102775c   0x1102775c   0x000001d4   Code   RO         3189    i.process_cmd       ota_app_service1.o
    0x11027930   0x11027930   0x000000a4   Code   RO         2775    i.random_array      random.o
    0x110279d4   0x110279d4   0x00000050   Code   RO         2673    i.read_file_from_flash  file_handle.o
    0x11027a24   0x11027a24   0x0000003c   Code   RO         2674    i.read_file_info_flash  file_handle.o
    0x11027a60   0x11027a60   0x000001fc   Code   RO         2814    i.read_oem_cmd      upgraderhp9serial.o
    0x11027c5c   0x11027c5c   0x00000224   Code   RO         2815    i.read_oem_cmd_withdelay  upgraderhp9serial.o
    0x11027e80   0x11027e80   0x00000028   Code   RO         4115    i.reportStatusChange  ble_host.lib(linkdb.o)
    0x11027ea8   0x11027ea8   0x00000078   Code   RO         2414    i.response          ota_app_service.o
    0x11027f20   0x11027f20   0x0000002e   Code   RO         3190    i.response          ota_app_service1.o
    0x11027f4e   0x11027f4e   0x00000036   Code   RO         3191    i.response_rsp      ota_app_service1.o
    0x11027f84   0x11027f84   0x0000003e   Code   RO         2911    i.rightLoop4int     aes.o
    0x11027fc2   0x11027fc2   0x00000012   Code   RO         2676    i.round_read_from_buff  file_handle.o
    0x11027fd4   0x11027fd4   0x0000000e   Code   RO         2415    i.save_file_to_flash  ota_app_service.o
    0x11027fe2   0x11027fe2   0x00000002   PAD
    0x11027fe4   0x11027fe4   0x000000ec   Code   RO         3857    i.sendAuthEvent     ble_host.lib(gap_linkmgr.o)
    0x110280d0   0x110280d0   0x0000005a   Code   RO         3858    i.sendEstLinkEvent  ble_host.lib(gap_linkmgr.o)
    0x1102812a   0x1102812a   0x00000002   PAD
    0x1102812c   0x1102812c   0x0000004c   Code   RO         3192    i.sendNotify        ota_app_service1.o
    0x11028178   0x11028178   0x0000002a   Code   RO         3859    i.sendTerminateEvent  ble_host.lib(gap_linkmgr.o)
    0x110281a2   0x110281a2   0x00000002   PAD
    0x110281a4   0x110281a4   0x00000018   Code   RO         3193    i.set_ota_mode      ota_app_service1.o
    0x110281bc   0x110281bc   0x0000005c   Code   RO         2776    i.set_random_seed   random.o
    0x11028218   0x11028218   0x00000020   Code   RO         1351    i.skip_atoi         my_printf.o
    0x11028238   0x11028238   0x00000018   Code   RO         4296    i.smAuthReqToUint8  ble_host.lib(sm_mgr.o)
    0x11028250   0x11028250   0x0000002c   Code   RO         4347    i.smDetermineKeySize  ble_host.lib(sm_pairing.o)
    0x1102827c   0x1102827c   0x00000010   Code   RO         4297    i.smEncrypt         ble_host.lib(sm_mgr.o)
    0x1102828c   0x1102828c   0x00000008   Code   RO         4298    i.smEncryptLocal    ble_host.lib(sm_mgr.o)
    0x11028294   0x11028294   0x00000034   Code   RO         4348    i.smEndPairing      ble_host.lib(sm_pairing.o)
    0x110282c8   0x110282c8   0x0000005c   Code   RO         4349    i.smFreePairingParams  ble_host.lib(sm_pairing.o)
    0x11028324   0x11028324   0x0000002c   Code   RO         4350    i.smGenerateConfirm  ble_host.lib(sm_pairing.o)
    0x11028350   0x11028350   0x00000040   Code   RO         4351    i.smGeneratePairingReqRsp  ble_host.lib(sm_pairing.o)
    0x11028390   0x11028390   0x00000026   Code   RO         4299    i.smGenerateRandBuf  ble_host.lib(sm_mgr.o)
    0x110283b6   0x110283b6   0x00000002   PAD
    0x110283b8   0x110283b8   0x0000002c   Code   RO         4352    i.smGenerateRandMsg  ble_host.lib(sm_pairing.o)
    0x110283e4   0x110283e4   0x00000020   Code   RO         4353    i.smLinkCheck       ble_host.lib(sm_pairing.o)
    0x11028404   0x11028404   0x00000040   Code   RO         4354    i.smNextPairingState  ble_host.lib(sm_pairing.o)
    0x11028444   0x11028444   0x00000014   Code   RO         4355    i.smPairingSendEncInfo  ble_host.lib(sm_pairing.o)
    0x11028458   0x11028458   0x00000028   Code   RO         4356    i.smPairingSendIdentityAddrInfo  ble_host.lib(sm_pairing.o)
    0x11028480   0x11028480   0x00000014   Code   RO         4357    i.smPairingSendIdentityInfo  ble_host.lib(sm_pairing.o)
    0x11028494   0x11028494   0x0000002c   Code   RO         4358    i.smPairingSendMasterID  ble_host.lib(sm_pairing.o)
    0x110284c0   0x110284c0   0x00000014   Code   RO         4359    i.smPairingSendSingingInfo  ble_host.lib(sm_pairing.o)
    0x110284d4   0x110284d4   0x0000009c   Code   RO         4360    i.smProcessDataMsg  ble_host.lib(sm_pairing.o)
    0x11028570   0x11028570   0x000000b4   Code   RO         4361    i.smProcessEncryptChange  ble_host.lib(sm_pairing.o)
    0x11028624   0x11028624   0x00000094   Code   RO         4165    i.smProcessOSALMsg  ble_host.lib(sm_task.o)
    0x110286b8   0x110286b8   0x0000007c   Code   RO         4301    i.smProcessRandComplete  ble_host.lib(sm_mgr.o)
    0x11028734   0x11028734   0x0000000c   Code   RO         4364    i.smRegisterResponder  ble_host.lib(sm_pairing.o)
    0x11028740   0x11028740   0x000000e4   Code   RO         4134    i.smResponderProcessLTKReq  ble_host.lib(sm_rsppairing.o)
    0x11028824   0x11028824   0x000001b8   Code   RO         4135    i.smResponderSendNextKeyInfo  ble_host.lib(sm_rsppairing.o)
    0x110289dc   0x110289dc   0x0000016c   Code   RO         4365    i.smSavePairInfo    ble_host.lib(sm_pairing.o)
    0x11028b48   0x11028b48   0x00000024   Code   RO         4366    i.smSendFailAndEnd  ble_host.lib(sm_pairing.o)
    0x11028b6c   0x11028b6c   0x00000046   Code   RO         4405    i.smSendSMMsg       ble_host.lib(smp.o)
    0x11028bb2   0x11028bb2   0x00000002   PAD
    0x11028bb4   0x11028bb4   0x00000040   Code   RO         4367    i.smSetPairingReqRsp  ble_host.lib(sm_pairing.o)
    0x11028bf4   0x11028bf4   0x0000004c   Code   RO         4302    i.smStartRspTimer   ble_host.lib(sm_mgr.o)
    0x11028c40   0x11028c40   0x0000000a   Code   RO         4166    i.smState_timerCB   ble_host.lib(sm_task.o)
    0x11028c4a   0x11028c4a   0x00000002   PAD
    0x11028c4c   0x11028c4c   0x00000020   Code   RO         4303    i.smStopRspTimer    ble_host.lib(sm_mgr.o)
    0x11028c6c   0x11028c6c   0x0000000a   Code   RO         4369    i.smTimedOut        ble_host.lib(sm_pairing.o)
    0x11028c76   0x11028c76   0x0000000a   Code   RO         4167    i.smTo_timerCB      ble_host.lib(sm_task.o)
    0x11028c80   0x11028c80   0x0000002c   Code   RO         4304    i.smUint8ToAuthReq  ble_host.lib(sm_mgr.o)
    0x11028cac   0x11028cac   0x00000154   Code   RO         4305    i.sm_CMAC           ble_host.lib(sm_mgr.o)
    0x11028e00   0x11028e00   0x00000044   Code   RO         4306    i.sm_ah             ble_host.lib(sm_mgr.o)
    0x11028e44   0x11028e44   0x00000098   Code   RO         4370    i.sm_c1             ble_host.lib(sm_pairing.o)
    0x11028edc   0x11028edc   0x000000c2   Code   RO         4307    i.sm_c1new          ble_host.lib(sm_mgr.o)
    0x11028f9e   0x11028f9e   0x00000040   Code   RO         4310    i.sm_s1             ble_host.lib(sm_mgr.o)
    0x11028fde   0x11028fde   0x0000001a   Code   RO         4311    i.sm_xor            ble_host.lib(sm_mgr.o)
    0x11028ff8   0x11028ff8   0x00000022   Code   RO         4406    i.smpBuildEncInfo   ble_host.lib(smp.o)
    0x1102901a   0x1102901a   0x00000026   Code   RO         4407    i.smpBuildIdentityAddrInfo  ble_host.lib(smp.o)
    0x11029040   0x11029040   0x00000022   Code   RO         4408    i.smpBuildIdentityInfo  ble_host.lib(smp.o)
    0x11029062   0x11029062   0x0000002e   Code   RO         4409    i.smpBuildMasterID  ble_host.lib(smp.o)
    0x11029090   0x11029090   0x00000022   Code   RO         4410    i.smpBuildPairingConfirm  ble_host.lib(smp.o)
    0x110290b2   0x110290b2   0x00000018   Code   RO         4411    i.smpBuildPairingFailed  ble_host.lib(smp.o)
    0x110290ca   0x110290ca   0x00000022   Code   RO         4412    i.smpBuildPairingRandom  ble_host.lib(smp.o)
    0x110290ec   0x110290ec   0x0000000e   Code   RO         4413    i.smpBuildPairingReq  ble_host.lib(smp.o)
    0x110290fa   0x110290fa   0x00000084   Code   RO         4414    i.smpBuildPairingReqRsp  ble_host.lib(smp.o)
    0x1102917e   0x1102917e   0x0000000e   Code   RO         4415    i.smpBuildPairingRsp  ble_host.lib(smp.o)
    0x1102918c   0x1102918c   0x00000022   Code   RO         4417    i.smpBuildSigningInfo  ble_host.lib(smp.o)
    0x110291ae   0x110291ae   0x0000001e   Code   RO         4418    i.smpParseEncInfo   ble_host.lib(smp.o)
    0x110291cc   0x110291cc   0x00000022   Code   RO         4419    i.smpParseIdentityAddrInfo  ble_host.lib(smp.o)
    0x110291ee   0x110291ee   0x0000001e   Code   RO         4420    i.smpParseIdentityInfo  ble_host.lib(smp.o)
    0x1102920c   0x1102920c   0x00000028   Code   RO         4421    i.smpParseMasterID  ble_host.lib(smp.o)
    0x11029234   0x11029234   0x0000001e   Code   RO         4422    i.smpParsePairingConfirm  ble_host.lib(smp.o)
    0x11029252   0x11029252   0x00000020   Code   RO         4423    i.smpParsePairingFailed  ble_host.lib(smp.o)
    0x11029272   0x11029272   0x0000001e   Code   RO         4424    i.smpParsePairingRandom  ble_host.lib(smp.o)
    0x11029290   0x11029290   0x000000d4   Code   RO         4425    i.smpParsePairingReq  ble_host.lib(smp.o)
    0x11029364   0x11029364   0x0000001c   Code   RO         4426    i.smpParseSecurityReq  ble_host.lib(smp.o)
    0x11029380   0x11029380   0x0000001e   Code   RO         4427    i.smpParseSigningInfo  ble_host.lib(smp.o)
    0x1102939e   0x1102939e   0x00000002   PAD
    0x110293a0   0x110293a0   0x00000050   Code   RO         4371    i.smpProcessIncoming  ble_host.lib(sm_pairing.o)
    0x110293f0   0x110293f0   0x00000050   Code   RO         4136    i.smpResponderProcessEncryptionInformation  ble_host.lib(sm_rsppairing.o)
    0x11029440   0x11029440   0x00000048   Code   RO         4137    i.smpResponderProcessIdentityAddrInfo  ble_host.lib(sm_rsppairing.o)
    0x11029488   0x11029488   0x00000044   Code   RO         4138    i.smpResponderProcessIdentityInfo  ble_host.lib(sm_rsppairing.o)
    0x110294cc   0x110294cc   0x000000b4   Code   RO         4139    i.smpResponderProcessIncoming  ble_host.lib(sm_rsppairing.o)
    0x11029580   0x11029580   0x00000064   Code   RO         4140    i.smpResponderProcessMasterID  ble_host.lib(sm_rsppairing.o)
    0x110295e4   0x110295e4   0x0000004c   Code   RO         4141    i.smpResponderProcessPairingConfirm  ble_host.lib(sm_rsppairing.o)
    0x11029630   0x11029630   0x00000058   Code   RO         4142    i.smpResponderProcessPairingRandom  ble_host.lib(sm_rsppairing.o)
    0x11029688   0x11029688   0x000000b8   Code   RO         4143    i.smpResponderProcessPairingReq  ble_host.lib(sm_rsppairing.o)
    0x11029740   0x11029740   0x00000054   Code   RO         4144    i.smpResponderProcessSigningInfo  ble_host.lib(sm_rsppairing.o)
    0x11029794   0x11029794   0x00000016   Code   RO         2913    i.splitIntToArray   aes.o
    0x110297aa   0x110297aa   0x00000002   PAD
    0x110297ac   0x110297ac   0x000000c4   Code   RO         2678    i.test_printf_file_data  file_handle.o
    0x11029870   0x11029870   0x0000017c   Code   RO         2679    i.updata_file_info  file_handle.o
    0x110299ec   0x110299ec   0x00000030   Code   RO         2816    i.updata_print_hex  upgraderhp9serial.o
    0x11029a1c   0x11029a1c   0x00000090   Code   RO         2817    i.update_backdoor   upgraderhp9serial.o
    0x11029aac   0x11029aac   0x00000080   Code   RO         2818    i.update_sndata     upgraderhp9serial.o
    0x11029b2c   0x11029b2c   0x00000198   Code   RO         2819    i.upgrader_hp9_serial  upgraderhp9serial.o
    0x11029cc4   0x11029cc4   0x00000020   Code   RO         2680    i.write_file_to_flash  file_handle.o
    0x11029ce4   0x11029ce4   0x00000016   Code   RO         4312    i.xor_128           ble_host.lib(sm_mgr.o)
    0x11029cfa   0x11029cfa   0x0000008a   Data   RO          513    .constdata          gpio.o
    0x11029d84   0x11029d84   0x00000010   Data   RO         1352    .constdata          my_printf.o
    0x11029d94   0x11029d94   0x00000008   Data   RO         2018    .constdata          gapgattserver.o
    0x11029d9c   0x11029d9c   0x0000000c   Data   RO         2019    .constdata          gapgattserver.o
    0x11029da8   0x11029da8   0x00000008   Data   RO         2214    .constdata          gattservapp.o
    0x11029db0   0x11029db0   0x0000000c   Data   RO         2215    .constdata          gattservapp.o
    0x11029dbc   0x11029dbc   0x00000010   Data   RO         2417    .constdata          ota_app_service.o
    0x11029dcc   0x11029dcc   0x00000010   Data   RO         2418    .constdata          ota_app_service.o
    0x11029ddc   0x11029ddc   0x00000010   Data   RO         2419    .constdata          ota_app_service.o
    0x11029dec   0x11029dec   0x00000010   Data   RO         2420    .constdata          ota_app_service.o
    0x11029dfc   0x11029dfc   0x00000008   Data   RO         2421    .constdata          ota_app_service.o
    0x11029e04   0x11029e04   0x00000014   Data   RO         2422    .constdata          ota_app_service.o
    0x11029e18   0x11029e18   0x00000220   Data   RO         2505    .constdata          crc16.o
    0x1102a038   0x1102a038   0x000008a8   Data   RO         2916    .constdata          aes.o
    0x1102a8e0   0x1102a8e0   0x00000010   Data   RO         3195    .constdata          ota_app_service1.o
    0x1102a8f0   0x1102a8f0   0x00000010   Data   RO         3196    .constdata          ota_app_service1.o
    0x1102a900   0x1102a900   0x00000010   Data   RO         3197    .constdata          ota_app_service1.o
    0x1102a910   0x1102a910   0x00000008   Data   RO         3198    .constdata          ota_app_service1.o
    0x1102a918   0x1102a918   0x0000000c   Data   RO         3199    .constdata          ota_app_service1.o
    0x1102a924   0x1102a924   0x00000010   Data   RO         3661    .constdata          ble_host.lib(att_util.o)
    0x1102a934   0x1102a934   0x00000060   Data   RO         3995    .constdata          ble_host.lib(gatt_server.o)
    0x1102a994   0x1102a994   0x0000002a   Data   RO         4057    .constdata          ble_host.lib(gatt_uuid.o)
    0x1102a9be   0x1102a9be   0x00000010   Data   RO         4314    .constdata          ble_host.lib(sm_mgr.o)
    0x1102a9ce   0x1102a9ce   0x00000019   Data   RO         4372    .constdata          ble_host.lib(sm_pairing.o)
    0x1102a9e7   0x1102a9e7   0x00000001   PAD
    0x1102a9e8   0x1102a9e8   0x0000004d   Data   RO         1353    .conststring        my_printf.o
    0x1102aa35   0x1102aa35   0x00000003   PAD
    0x1102aa38   0x1102aa38   0x00000056   Data   RO         2099    .conststring        peripheral.o
    0x1102aa8e   0x1102aa8e   0x00000002   PAD
    0x1102aa90   0x1102aa90   0x0000000c   Data   RO         2821    .conststring        upgraderhp9serial.o


==============================================================================

Image component sizes


      Code (inc. data)   RO Data    RW Data    ZI Data      Debug   Object Name

      1230         34       2216          0        176      14152   aes.o
       832        260         96          0         16       8230   app_datetime.o
         0          0          0          0          0      12872   central.o
       456         32          0          0          0       3710   clock.o
        44          8        544          0          0       4415   crc16.o
      1654        512          0         20         23       9892   file_handle.o
      1128        102          0         28          0      20211   flash.o
       140         80          0          0          0       1209   gap.o
         0          0          0          0          0      12046   gapbondmgr.o
       678         44         20        131         18       5504   gapgattserver.o
      3558        196         20         97        744      27704   gattservapp.o
      1396        152        138          0        300      21539   gpio.o
       536        332       1024       1028          0       4906   jump_table.o
       284         30          0         14         42       5660   led_light.o
       660        228        138          1       8444      83339   main.o
      1070         22         93          8          0       6923   my_printf.o
       702         32          0          0          0       7576   myi2c.o
       112          4         45          4          0       1920   osal_simplebleperipheral.o
      1494        368         92        150        154      12355   ota_app_service.o
      1180        242         68        112        103      10160   ota_app_service1.o
      2478        666         73        103        716      11129   otaevents.o
      2324        398         86         97         63      13152   peripheral.o
       584         60          0         10         68      11985   pwm.o
       704         96          0         38        120       8536   pwrmgr.o
       256         34          0          1          0       2833   random.o
       820         92         30        285        768       8777   sbpprofile_ota.o
      1794        382          0        103         15      10030   simplebleperipheral.o
        20          0          0          0          0        455   simplebleperipheral_main.o
        20         10          8          0      10240        384   startup_armcm0.o
        16          8          0          4          0       3727   system_armcm0.o
        72         16          0          4          0       1861   timer.o
      1340        130         12          0         64      20122   uart.o
      2716        684         12         64       3996      10552   upgraderhp9serial.o
       220         32          0          1          0       1954   watchdog.o

    ----------------------------------------------------------------------
     33542       6282       4806       2332      26076     379820   Object Totals
      2988        996         80          0          0          0   (incl. Generated)
        36          0         11         29          6          0   (incl. Padding)

    ----------------------------------------------------------------------

      Code (inc. data)   RO Data    RW Data    ZI Data      Debug   Library Member Name

       356         70          0          0          0        956   att_server.o
      1250         36         16         12          0       1940   att_util.o
       806        110          0         90         28       1184   gap_configmgr.o
       106          4          0          8          0        200   gap_devmgr.o
      1598         54          0         16          0       1136   gap_linkmgr.o
      1360        168          0         28          0       1012   gap_peridevmgr.o
       692         74          0         12          0        472   gap_task.o
      1900        112         96         16          0       1916   gatt_server.o
       408         22          0         12          0        568   gatt_task.o
         0          0         42          0          0          0   gatt_uuid.o
       168         18          0          1          0        336   l2cap_if.o
       544         22          0          1         46        384   l2cap_task.o
      2052         74          0          4        160       1788   l2cap_util.o
       522         50          0          0         60        688   linkdb.o
      1684         30         16          4         15       1404   sm_mgr.o
      1634        138         25         12          0       1584   sm_pairing.o
      1632         88          0         12         15        908   sm_rsppairing.o
       276         32          0          1          0        348   sm_task.o
      1004          6          0          0          0       1496   smp.o
        86          0          0          0          0          0   __dczerorl2.o
        26          0          0          0          0         72   atoi.o
         0          0          0          0          0          0   entry.o
         0          0          0          0          0          0   entry10a.o
         0          0          0          0          0          0   entry11a.o
         4          0          0          0          0          0   entry12b.o
         8          4          0          0          0          0   entry2.o
         4          0          0          0          0          0   entry5.o
         0          0          0          0          0          0   entry7b.o
         0          0          0          0          0          0   entry8b.o
         8          4          0          0          0          0   entry9a.o
         8          4          0          4          0         60   errno.o
        30          0          0          0          0          0   handlers.o
        36          8          0          0          0         68   init.o
       116         12         12          0          0         72   localtime_i.o
        16          6          0          0         44         68   localtime_w.o
       140         16         12          0          0         72   mktime.o
       898          8          0          0          0        384   printf6.o
        36         12          0          4          0        120   rand.o
        18          0          0          0          0         60   strcpy.o
        26          0          0          0          0         68   strncpy.o
       112          4          0          0          0         76   strtol.o
        18          0          0          0          0         60   uwrite4.o
      6394        862          0         36         32       2820   patch.o
       224         36         17          5         16        276   phy_sec_ext.o
      5444        914          0          8         32       1492   rf_phy_driver.o

    ----------------------------------------------------------------------
     31696       2998        240        292        452      24088   Library Totals
        52          0          4          6          4          0   (incl. Padding)

    ----------------------------------------------------------------------

      Code (inc. data)   RO Data    RW Data    ZI Data      Debug   Library Name

     17992       1108        195        229        324      18320   ble_host.lib
      1590         78         24          8         44       1180   mc_p.l
     12062       1812         17         49         80       4588   rf.lib

    ----------------------------------------------------------------------
     31696       2998        240        292        452      24088   Library Totals

    ----------------------------------------------------------------------

==============================================================================


      Code (inc. data)   RO Data    RW Data    ZI Data      Debug   

     65238       9280       5046       2624      26528     378736   Grand Totals
     65238       9280       5046        644      26528     378736   ELF Image Totals (compressed)
     65238       9280       5046        644          0          0   ROM Totals

==============================================================================

    Total RO  Size (Code + RO Data)                70284 (  68.64kB)
    Total RW  Size (RW Data + ZI Data)             29152 (  28.47kB)
    Total ROM Size (Code + RO Data + RW Data)      70928 (  69.27kB)

==============================================================================

