Component: ARM Compiler 5.06 update 7 (build 960) Tool: armlink [4d3601]

==============================================================================

Section Cross References

    main.o(i.hal_low_power_io_init) refers to gpio.o(i.hal_gpio_pull_set) for hal_gpio_pull_set
    main.o(i.hal_low_power_io_init) refers to pwrmgr.o(i.hal_pwrmgr_RAM_retention) for hal_pwrmgr_RAM_retention
    main.o(i.hal_low_power_io_init) refers to pwrmgr.o(i.hal_pwrmgr_RAM_retention_set) for hal_pwrmgr_RAM_retention_set
    main.o(i.hal_low_power_io_init) refers to pwrmgr.o(i.hal_pwrmgr_LowCurrentLdo_enable) for hal_pwrmgr_LowCurrentLdo_enable
    main.o(i.hal_low_power_io_init) refers to main.o(.constdata) for .constdata
    main.o(i.hal_rfphy_init) refers to patch.o(i.hal_rom_boot_init) for hal_rom_boot_init
    main.o(i.hal_rfphy_init) refers to main.o(i.__NVIC_SetPriority) for __NVIC_SetPriority
    main.o(i.hal_rfphy_init) refers to main.o(.bss) for .bss
    main.o(i.main) refers to watchdog.o(i.watchdog_config) for watchdog_config
    main.o(i.main) refers to patch.o(_section_xip_code_) for init_config
    main.o(i.main) refers to patch.o(i.ll_patch_slave) for ll_patch_slave
    main.o(i.main) refers to main.o(i.hal_rfphy_init) for hal_rfphy_init
    main.o(i.main) refers to main.o(i.hal_low_power_io_init) for hal_low_power_io_init
    main.o(i.main) refers to clock.o(i.hal_rtc_clock_config) for hal_rtc_clock_config
    main.o(i.main) refers to pwrmgr.o(i.hal_pwrmgr_init) for hal_pwrmgr_init
    main.o(i.main) refers to flash.o(i.hal_spif_cache_init) for hal_spif_cache_init
    main.o(i.main) refers to my_printf.o(i.dbg_printf_init) for dbg_printf_init
    main.o(i.main) refers to gpio.o(i.hal_gpio_init) for hal_gpio_init
    main.o(i.main) refers to gpio.o(i.hal_gpio_read) for hal_gpio_read
    main.o(i.main) refers to rf_phy_driver.o(i.rf_phy_direct_test) for rf_phy_direct_test
    main.o(i.main) refers to my_printf.o(i.dbg_printf) for dbg_printf
    main.o(i.main) refers to simplebleperipheral_main.o(i.app_main) for app_main
    main.o(i.main) refers to main.o(.data) for .data
    main.o(i.main) refers to main.o(.constdata) for .constdata
    main.o(i.main) refers to main.o(.conststring) for .conststring
    jump_table.o(.emb_text) refers to jump_table.o(i._hard_fault) for _hard_fault
    jump_table.o(i._hard_fault) refers to jump_table.o(.data) for .data
    jump_table.o(jump_table_mem_area) refers to osal_simplebleperipheral.o(i.osalInitTasks) for osalInitTasks
    jump_table.o(jump_table_mem_area) refers to osal_simplebleperipheral.o(.constdata) for tasksArr
    jump_table.o(jump_table_mem_area) refers to osal_simplebleperipheral.o(.constdata) for tasksCnt
    jump_table.o(jump_table_mem_area) refers to osal_simplebleperipheral.o(.data) for tasksEvents
    jump_table.o(jump_table_mem_area) refers (Weak) to pwrmgr.o(i.hal_pwrmgr_sleep_process) for hal_pwrmgr_sleep_process
    jump_table.o(jump_table_mem_area) refers (Weak) to pwrmgr.o(i.hal_pwrmgr_wakeup_process) for hal_pwrmgr_wakeup_process
    jump_table.o(jump_table_mem_area) refers to rf_phy_driver.o(i.rf_phy_ini) for rf_phy_ini
    jump_table.o(jump_table_mem_area) refers to jump_table.o(.emb_text) for hard_fault
    jump_table.o(jump_table_mem_area) refers (Weak) to uart.o(_section_sram_code_) for hal_UART0_IRQHandler
    uart.o(_section_sram_code_) refers to pwrmgr.o(i.hal_pwrmgr_unlock) for hal_pwrmgr_unlock
    uart.o(_section_sram_code_) refers to uart.o(.bss) for .bss
    uart.o(_section_sram_code_) refers to uart.o(.constdata) for .constdata
    uart.o(i.hal_uart_deinit) refers to uart.o(i.uart_hw_deinit) for uart_hw_deinit
    uart.o(i.hal_uart_deinit) refers to pwrmgr.o(i.hal_pwrmgr_unregister) for hal_pwrmgr_unregister
    uart.o(i.hal_uart_deinit) refers to uart.o(.bss) for .bss
    uart.o(i.hal_uart_get_tx_ready) refers to uart.o(.bss) for .bss
    uart.o(i.hal_uart_init) refers to uart.o(i.uart_hw_init) for uart_hw_init
    uart.o(i.hal_uart_init) refers to pwrmgr.o(i.hal_pwrmgr_register) for hal_pwrmgr_register
    uart.o(i.hal_uart_init) refers to uart.o(.bss) for .bss
    uart.o(i.hal_uart_init) refers to uart.o(i.uart_wakeup_process_1) for uart_wakeup_process_1
    uart.o(i.hal_uart_init) refers to uart.o(i.uart_wakeup_process_0) for uart_wakeup_process_0
    uart.o(i.hal_uart_send_buff) refers to uart.o(i.txmit_buf_use_tx_buf) for txmit_buf_use_tx_buf
    uart.o(i.hal_uart_send_buff) refers to uart.o(i.txmit_buf_polling) for txmit_buf_polling
    uart.o(i.hal_uart_send_buff) refers to uart.o(.bss) for .bss
    uart.o(i.hal_uart_set_tx_buf) refers to uart.o(.bss) for .bss
    uart.o(i.txmit_buf_use_tx_buf) refers to pwrmgr.o(i.hal_pwrmgr_lock) for hal_pwrmgr_lock
    uart.o(i.txmit_buf_use_tx_buf) refers to uart.o(.bss) for .bss
    uart.o(i.uart_hw_deinit) refers to gpio.o(i.hal_gpio_fmux) for hal_gpio_fmux
    uart.o(i.uart_hw_deinit) refers to clock.o(i.hal_clk_reset) for hal_clk_reset
[...]
    0x1fff32b8   0x1fff32b8   0x00000020   Code   RO         4720    i._printf_post_padding  mc_p.l(printf6.o)
    0x1fff32d8   0x1fff32d8   0x0000002c   Code   RO         4721    i._printf_pre_padding  mc_p.l(printf6.o)
    0x1fff3304   0x1fff3304   0x0000001c   Code   RO         4239    i._rom_sec_boot_init  rf.lib(phy_sec_ext.o)
    0x1fff3320   0x1fff3320   0x00000068   Code   RO         1063    i._spif_wait_nobusy_x  flash.o
    0x1fff3388   0x1fff3388   0x0000000a   Code   RO         4723    i._sputc            mc_p.l(printf6.o)
    0x1fff3392   COMPRESSED   0x00000002   PAD
    0x1fff3394   0x1fff3394   0x00000064   Code   RO         1497    i.app_datetime      app_datetime.o
    0x1fff33f8   0x1fff33f8   0x00000070   Code   RO         1498    i.app_datetime_adjust_baseline  app_datetime.o
    0x1fff3468   0x1fff3468   0x00000068   Code   RO         1500    i.app_datetime_init  app_datetime.o
    0x1fff34d0   0x1fff34d0   0x0000008c   Code   RO         1501    i.app_datetime_set  app_datetime.o
    0x1fff355c   0x1fff355c   0x00000068   Code   RO         1502    i.app_datetime_sync_handler  app_datetime.o
    0x1fff35c4   0x1fff35c4   0x00000014   Code   RO         2657    i.app_main          simplebleperipheral_main.o
    0x1fff35d8   0x1fff35d8   0x00000158   Code   RO         3441    i.check_16MXtal_by_rcTracking  rf.lib(patch.o)
    0x1fff3730   0x1fff3730   0x00000110   Code   RO         3442    i.check_96MXtal_by_rcTracking  rf.lib(patch.o)
    0x1fff3840   0x1fff3840   0x00000090   Code   RO         3444    i.config_RTC1       rf.lib(patch.o)
    0x1fff38d0   0x1fff38d0   0x00000018   Code   RO         4240    i.efuse_init        rf.lib(phy_sec_ext.o)
    0x1fff38e8   0x1fff38e8   0x0000008c   Code   RO         4241    i.finidv            rf.lib(phy_sec_ext.o)
    0x1fff3974   0x1fff3974   0x00000074   Code   RO         3569    i.gen_pn_prbs9      rf.lib(rf_phy_driver.o)
    0x1fff39e8   0x1fff39e8   0x000000d4   Code   RO         1504    i.get_default_tm    app_datetime.o
    0x1fff3abc   0x1fff3abc   0x00000024   Code   RO          676    i.hal_TIMER5_IRQHandler  timer.o
    0x1fff3ae0   0x1fff3ae0   0x00000024   Code   RO          677    i.hal_TIMER6_IRQHandler  timer.o
    0x1fff3b04   0x1fff3b04   0x00000048   Code   RO         1066    i.hal_cache_tag_flush  flash.o
    0x1fff3b4c   0x1fff3b4c   0x00000034   Code   RO          395    i.hal_clk_gate_disable  clock.o
    0x1fff3b80   0x1fff3b80   0x00000034   Code   RO          396    i.hal_clk_gate_enable  clock.o
    0x1fff3bb4   0x1fff3bb4   0x0000007a   Code   RO          399    i.hal_clk_reset     clock.o
    0x1fff3c2e   COMPRESSED   0x00000002   PAD
    0x1fff3c30   0x1fff3c30   0x000000b8   Code   RO         1069    i.hal_flash_erase_sector  flash.o
    0x1fff3ce8   0x1fff3ce8   0x000000b0   Code   RO         1070    i.hal_flash_read    flash.o
    0x1fff3d98   0x1fff3d98   0x000000ac   Code   RO         1071    i.hal_flash_write   flash.o
    0x1fff3e44   0x1fff3e44   0x000000cc   Code   RO         1073    i.hal_get_flash_info  flash.o
    0x1fff3f10   0x1fff3f10   0x0000006c   Code   RO            4    i.hal_low_power_io_init  main.o
    0x1fff3f7c   0x1fff3f7c   0x0000007c   Code   RO          941    i.hal_pwm_ch_start  pwm.o
    0x1fff3ff8   0x1fff3ff8   0x00000054   Code   RO          944    i.hal_pwm_destroy   pwm.o
    0x1fff404c   0x1fff404c   0x00000064   Code   RO          945    i.hal_pwm_init      pwm.o
    0x1fff40b0   0x1fff40b0   0x00000044   Code   RO          947    i.hal_pwm_module_init  pwm.o
    0x1fff40f4   0x1fff40f4   0x00000030   Code   RO          948    i.hal_pwm_open_channel  pwm.o
    0x1fff4124   0x1fff4124   0x00000038   Code   RO          949    i.hal_pwm_set_count_val  pwm.o
    0x1fff415c   0x1fff415c   0x00000030   Code   RO          950    i.hal_pwm_start     pwm.o
    0x1fff418c   0x1fff418c   0x00000038   Code   RO          951    i.hal_pwm_stop      pwm.o
    0x1fff41c4   0x1fff41c4   0x00000004   Code   RO          818    i.hal_pwrmgr_LowCurrentLdo_enable  pwrmgr.o
    0x1fff41c8   0x1fff41c8   0x00000018   Code   RO          819    i.hal_pwrmgr_RAM_retention  pwrmgr.o
    0x1fff41e0   0x1fff41e0   0x00000014   Code   RO          820    i.hal_pwrmgr_RAM_retention_clr  pwrmgr.o
    0x1fff41f4   0x1fff41f4   0x00000020   Code   RO          821    i.hal_pwrmgr_RAM_retention_set  pwrmgr.o
    0x1fff4214   0x1fff4214   0x0000004c   Code   RO          823    i.hal_pwrmgr_init   pwrmgr.o
    0x1fff4260   0x1fff4260   0x00000058   Code   RO          825    i.hal_pwrmgr_lock   pwrmgr.o
    0x1fff42b8   0x1fff42b8   0x0000003c   Code   RO          827    i.hal_pwrmgr_register  pwrmgr.o
    0x1fff42f4   0x1fff42f4   0x00000030   Code   RO          828    i.hal_pwrmgr_sleep_process  pwrmgr.o
    0x1fff4324   0x1fff4324   0x00000068   Code   RO          829    i.hal_pwrmgr_unlock  pwrmgr.o
    0x1fff438c   0x1fff438c   0x00000074   Code   RO          831    i.hal_pwrmgr_wakeup_process  pwrmgr.o
    0x1fff4400   0x1fff4400   0x00000088   Code   RO            5    i.hal_rfphy_init    main.o
    0x1fff4488   0x1fff4488   0x00000008   Code   RO         3447    i.hal_rom_boot_init  rf.lib(patch.o)
    0x1fff4490   0x1fff4490   0x00000084   Code   RO          401    i.hal_rtc_clock_config  clock.o
    0x1fff4514   0x1fff4514   0x00000024   Code   RO         1074    i.hal_spif_cache_init  flash.o
    0x1fff4538   0x1fff4538   0x00000024   Code   RO          402    i.hal_system_soft_reset  clock.o
    0x1fff455c   0x1fff455c   0x00000064   Code   RO          264    i.hal_uart_init     uart.o
    0x1fff45c0   0x1fff45c0   0x00000020   Code   RO          265    i.hal_uart_send_buff  uart.o
    0x1fff45e0   0x1fff45e0   0x0000004c   Code   RO          266    i.hal_uart_send_byte  uart.o
    0x1fff462c   0x1fff462c   0x0000007c   Code   RO         1075    i.hw_spif_cache_config  flash.o
    0x1fff46a8   0x1fff46a8   0x00000020   Code   RO         1186    i.light_config      led_light.o
    0x1fff46c8   0x1fff46c8   0x00000064   Code   RO         1188    i.light_init        led_light.o
    0x1fff472c   0x1fff472c   0x00000044   Code   RO         1190    i.light_pwm_init    led_light.o
    0x1fff4770   0x1fff4770   0x00000054   Code   RO         1191    i.light_reflash     led_light.o
    0x1fff47c4   0x1fff47c4   0x00000040   Code   RO         3450    i.llCalcMaxScanTime1  rf.lib(patch.o)
    0x1fff4804   0x1fff4804   0x00000044   Code   RO         3451    i.llConnTerminate1  rf.lib(patch.o)
    0x1fff4848   0x1fff4848   0x0000000c   Code   RO         3455    i.llProcessTxData1  rf.lib(patch.o)
    0x1fff4854   0x1fff4854   0x00000050   Code   RO         3456    i.llSecAdvAllow1    rf.lib(patch.o)
    0x1fff48a4   0x1fff48a4   0x0000002c   Code   RO         3457    i.llSetupNextSlaveEvent1  rf.lib(patch.o)
    0x1fff48d0   0x1fff48d0   0x00000098   Code   RO         3458    i.llSetupSecAdvEvt1  rf.lib(patch.o)
    0x1fff4968   0x1fff4968   0x000000bc   Code   RO         3461    i.ll_adptive_adj_next_time1  rf.lib(patch.o)
    0x1fff4a24   0x1fff4a24   0x000001ac   Code   RO         3462    i.ll_generateTxBuffer1  rf.lib(patch.o)
    0x1fff4bd0   0x1fff4bd0   0x000001a4   Code   RO         3463    i.ll_hw_go1         rf.lib(patch.o)
    0x1fff4d74   0x1fff4d74   0x0000004c   Code   RO         3467    i.ll_patch_slave    rf.lib(patch.o)
    0x1fff4dc0   0x1fff4dc0   0x00000018   Code   RO         3468    i.ll_processBasicIRQ_SRX  rf.lib(patch.o)
    0x1fff4dd8   0x1fff4dd8   0x00000018   Code   RO         3470    i.ll_processBasicIRQ_ScanTRX  rf.lib(patch.o)
    0x1fff4df0   0x1fff4df0   0x00000018   Code   RO         3472    i.ll_processBasicIRQ_secondaryAdvTRX  rf.lib(patch.o)
    0x1fff4e08   0x1fff4e08   0x00000018   Code   RO         3474    i.ll_processBasicIRQ_secondaryInitSRX  rf.lib(patch.o)
    0x1fff4e20   0x1fff4e20   0x00000018   Code   RO         3476    i.ll_processBasicIRQ_secondaryScanSRX  rf.lib(patch.o)
    0x1fff4e38   0x1fff4e38   0x00000048   Code   RO         3479    i.ll_scheduler2     rf.lib(patch.o)
    0x1fff4e80   0x1fff4e80   0x0000015c   Code   RO            6    i.main              main.o
    0x1fff4fdc   0x1fff4fdc   0x00000068   Code   RO         2532    i.osalInitTasks     osal_simplebleperipheral.o
    0x1fff5044   0x1fff5044   0x0000003c   Code   RO         1505    i.print_hex         app_datetime.o
    0x1fff5080   0x1fff5080   0x00000080   Code   RO         3570    i.rc32k_calibration  rf.lib(rf_phy_driver.o)
    0x1fff5100   0x1fff5100   0x0000002c   Code   RO         3482    i.read_LL_remainder_time1  rf.lib(patch.o)
    0x1fff512c   0x1fff512c   0x0000001c   Code   RO         3571    i.rf_calibrate1     rf.lib(rf_phy_driver.o)
    0x1fff5148   0x1fff5148   0x00000118   Code   RO         3572    i.rf_phy_ana_cfg    rf.lib(rf_phy_driver.o)
    0x1fff5260   0x1fff5260   0x000001a4   Code   RO         3573    i.rf_phy_bb_cfg     rf.lib(rf_phy_driver.o)
    0x1fff5404   0x1fff5404   0x000000a8   Code   RO         3574    i.rf_phy_change_cfg0  rf.lib(rf_phy_driver.o)
    0x1fff54ac   0x1fff54ac   0x00000364   Code   RO         3575    i.rf_phy_direct_test  rf.lib(rf_phy_driver.o)
    0x1fff5810   0x1fff5810   0x00000084   Code   RO         3576    i.rf_phy_dtm_ble_pkt_gen  rf.lib(rf_phy_driver.o)
    0x1fff5894   0x1fff5894   0x000003d4   Code   RO         3577    i.rf_phy_dtm_cmd_parse  rf.lib(rf_phy_driver.o)
    0x1fff5c68   0x1fff5c68   0x000000ec   Code   RO         3578    i.rf_phy_dtm_evt_send  rf.lib(rf_phy_driver.o)
    0x1fff5d54   0x1fff5d54   0x00000338   Code   RO         3586    i.rf_phy_dtm_trigged  rf.lib(rf_phy_driver.o)
    0x1fff608c   0x1fff608c   0x00000078   Code   RO         3587    i.rf_phy_dtm_zigbee_pkt_gen  rf.lib(rf_phy_driver.o)
    0x1fff6104   0x1fff6104   0x00000030   Code   RO         3588    i.rf_phy_get_pktFoot  rf.lib(rf_phy_driver.o)
    0x1fff6134   0x1fff6134   0x0000003c   Code   RO         3590    i.rf_phy_ini        rf.lib(rf_phy_driver.o)
    0x1fff6170   0x1fff6170   0x00000074   Code   RO         3591    i.rf_phy_set_txPower  rf.lib(rf_phy_driver.o)
    0x1fff61e4   0x1fff61e4   0x00000120   Code   RO         3592    i.rf_rxDcoc_cfg     rf.lib(rf_phy_driver.o)
    0x1fff6304   0x1fff6304   0x000000c0   Code   RO         3594    i.rf_tpCal_cfg_avg  rf.lib(rf_phy_driver.o)
    0x1fff63c4   0x1fff63c4   0x0000004c   Code   RO         3595    i.rf_tpCal_gen_cap_arrary  rf.lib(rf_phy_driver.o)
    0x1fff6410   0x1fff6410   0x0000011c   Code   RO         3596    i.rf_tp_cal         rf.lib(rf_phy_driver.o)
    0x1fff652c   0x1fff652c   0x0000006c   Code   RO          268    i.txmit_buf_polling  uart.o
    0x1fff6598   0x1fff6598   0x000000bc   Code   RO          269    i.txmit_buf_use_tx_buf  uart.o
    0x1fff6654   0x1fff6654   0x00000080   Code   RO          270    i.uart_hw_deinit    uart.o
    0x1fff66d4   0x1fff66d4   0x00000158   Code   RO          271    i.uart_hw_init      uart.o
    0x1fff682c   0x1fff682c   0x0000000a   Code   RO          272    i.uart_wakeup_process_0  uart.o
    0x1fff6836   0x1fff6836   0x0000000a   Code   RO          273    i.uart_wakeup_process_1  uart.o
    0x1fff6840   0x1fff6840   0x000001dc   Code   RO         3484    i.wakeupProcess1    rf.lib(patch.o)
    0x1fff6a1c   0x1fff6a1c   0x00000140   Code   RO         3485    i.wakeup_init1      rf.lib(patch.o)
    0x1fff6b5c   0x1fff6b5c   0x00000028   Code   RO          775    i.watchdog_config   watchdog.o
    0x1fff6b84   0x1fff6b84   0x00000036   Data   RO            8    .constdata          main.o
    0x1fff6bba   COMPRESSED   0x00000002   PAD
    0x1fff6bbc   0x1fff6bbc   0x0000000c   Data   RO          275    .constdata          uart.o
    0x1fff6bc8   0x1fff6bc8   0x00000030   Data   RO         1508    .constdata          app_datetime.o
    0x1fff6bf8   0x1fff6bf8   0x00000028   Data   RO         2533    .constdata          osal_simplebleperipheral.o
    0x1fff6c20   0x1fff6c20   0x00000001   Data   RO         2534    .constdata          osal_simplebleperipheral.o
    0x1fff6c21   0x1fff6c21   0x0000000c   Data   RO         4551    .constdata          mc_p.l(mktime.o)
    0x1fff6c2d   0x1fff6c2d   0x0000000c   Data   RO         4851    .constdata          mc_p.l(localtime_i.o)
    0x1fff6c39   COMPRESSED   0x00000003   PAD
    0x1fff6c3c   0x1fff6c3c   0x00000054   Data   RO            9    .conststring        main.o
    0x1fff6c90   0x1fff6c90   0x00000030   Data   RO         1509    .conststring        app_datetime.o
    0x1fff6cc0   0x1fff6cc0   0x00000011   Data   RO         4245    .conststring        rf.lib(phy_sec_ext.o)
    0x1fff6cd1   COMPRESSED   0x00000003   PAD
    0x1fff6cd4   0x1fff6cd4   0x00000050   Data   RO         4887    Region$$Table       anon$$obj.o
    0x1fff6d24   COMPRESSED   0x00000001   Data   RW           10    .data               main.o
    0x1fff6d25   COMPRESSED   0x00000003   PAD
    0x1fff6d28   COMPRESSED   0x00000004   Data   RW          178    .data               jump_table.o
    0x1fff6d2c   COMPRESSED   0x00000004   Data   RW          688    .data               timer.o
    0x1fff6d30   COMPRESSED   0x00000001   Data   RW          776    .data               watchdog.o
    0x1fff6d31   COMPRESSED   0x00000003   PAD
    0x1fff6d34   COMPRESSED   0x00000018   Data   RW          833    .data               pwrmgr.o
    0x1fff6d4c   COMPRESSED   0x0000000a   Data   RW          953    .data               pwm.o
    0x1fff6d56   COMPRESSED   0x00000002   PAD
    0x1fff6d58   COMPRESSED   0x0000001c   Data   RW         1077    .data               flash.o
    0x1fff6d74   COMPRESSED   0x0000000e   Data   RW         1194    .data               led_light.o
    0x1fff6d82   COMPRESSED   0x00000002   PAD
    0x1fff6d84   COMPRESSED   0x00000008   Data   RW         1354    .data               my_printf.o
    0x1fff6d8c   COMPRESSED   0x00000080   Data   RW         2020    .data               gapgattserver.o
    0x1fff6e0c   COMPRESSED   0x00000001   Data   RW         2021    .data               gapgattserver.o
    0x1fff6e0d   COMPRESSED   0x00000001   Data   RW         2022    .data               gapgattserver.o
    0x1fff6e0e   COMPRESSED   0x00000001   Data   RW         2023    .data               gapgattserver.o
    0x1fff6e0f   COMPRESSED   0x00000001   PAD
    0x1fff6e10   COMPRESSED   0x00000061   Data   RW         2100    .data               peripheral.o
    0x1fff6e71   COMPRESSED   0x00000003   PAD
    0x1fff6e74   COMPRESSED   0x00000060   Data   RW         2216    .data               gattservapp.o
    0x1fff6ed4   COMPRESSED   0x00000001   Data   RW         2217    .data               gattservapp.o
    0x1fff6ed5   COMPRESSED   0x00000003   PAD
    0x1fff6ed8   COMPRESSED   0x00000090   Data   RW         2423    .data               ota_app_service.o
    0x1fff6f68   COMPRESSED   0x00000001   Data   RW         2424    .data               ota_app_service.o
    0x1fff6f69   COMPRESSED   0x00000001   Data   RW         2425    .data               ota_app_service.o
    0x1fff6f6a   COMPRESSED   0x00000001   Data   RW         2426    .data               ota_app_service.o
    0x1fff6f6b   COMPRESSED   0x00000001   Data   RW         2427    .data               ota_app_service.o
    0x1fff6f6c   COMPRESSED   0x00000001   Data   RW         2428    .data               ota_app_service.o
    0x1fff6f6d   COMPRESSED   0x00000001   Data   RW         2429    .data               ota_app_service.o
    0x1fff6f6e   COMPRESSED   0x00000002   PAD
    0x1fff6f70   COMPRESSED   0x00000004   Data   RW         2535    .data               osal_simplebleperipheral.o
    0x1fff6f74   COMPRESSED   0x00000098   Data   RW         2576    .data               simplebleperipheral.o
    0x1fff700c   COMPRESSED   0x00000014   Data   RW         2690    .data               file_handle.o
    0x1fff7020   COMPRESSED   0x00000001   Data   RW         2785    .data               random.o
    0x1fff7021   COMPRESSED   0x00000003   PAD
    0x1fff7024   COMPRESSED   0x00000040   Data   RW         2830    .data               upgraderhp9serial.o
    0x1fff7064   COMPRESSED   0x00000028   Data   RW         3174    .data               ppsp_impl.o
    0x1fff708c   COMPRESSED   0x000000ec   Data   RW         3309    .data               ppsp_serv.o
    0x1fff7178   COMPRESSED   0x00000001   Data   RW         3310    .data               ppsp_serv.o
    0x1fff7179   COMPRESSED   0x00000001   Data   RW         3311    .data               ppsp_serv.o
    0x1fff717a   COMPRESSED   0x00000001   Data   RW         3312    .data               ppsp_serv.o
    0x1fff717b   COMPRESSED   0x00000001   Data   RW         3313    .data               ppsp_serv.o
    0x1fff717c   COMPRESSED   0x00000001   Data   RW         3314    .data               ppsp_serv.o
    0x1fff717d   COMPRESSED   0x00000003   PAD
    0x1fff7180   COMPRESSED   0x00000004   Data   RW         3372    .data               system_armcm0.o
    0x1fff7184   COMPRESSED   0x00000024   Data   RW         3489    .data               rf.lib(patch.o)
    0x1fff71a8   COMPRESSED   0x00000008   Data   RW         3598    .data               rf.lib(rf_phy_driver.o)
    0x1fff71b0   COMPRESSED   0x00000008   Data   RW         3721    .data               ble_host.lib(att_util.o)
    0x1fff71b8   COMPRESSED   0x00000004   Data   RW         3722    .data               ble_host.lib(att_util.o)
    0x1fff71bc   COMPRESSED   0x0000005a   Data   RW         3857    .data               ble_host.lib(gap_configmgr.o)
    0x1fff7216   COMPRESSED   0x00000002   PAD
    0x1fff7218   COMPRESSED   0x00000008   Data   RW         3887    .data               ble_host.lib(gap_devmgr.o)
    0x1fff7220   COMPRESSED   0x00000010   Data   RW         3919    .data               ble_host.lib(gap_linkmgr.o)
    0x1fff7230   COMPRESSED   0x0000001c   Data   RW         3969    .data               ble_host.lib(gap_peridevmgr.o)
    0x1fff724c   COMPRESSED   0x0000000c   Data   RW         4011    .data               ble_host.lib(gap_task.o)
    0x1fff7258   COMPRESSED   0x00000010   Data   RW         4055    .data               ble_host.lib(gatt_server.o)
    0x1fff7268   COMPRESSED   0x0000000c   Data   RW         4100    .data               ble_host.lib(gatt_task.o)
    0x1fff7274   COMPRESSED   0x00000001   Data   RW         4132    .data               ble_host.lib(l2cap_if.o)
    0x1fff7275   COMPRESSED   0x00000001   Data   RW         4153    .data               ble_host.lib(l2cap_task.o)
    0x1fff7276   COMPRESSED   0x00000002   PAD
    0x1fff7278   COMPRESSED   0x0000000c   Data   RW         4205    .data               ble_host.lib(sm_rsppairing.o)
    0x1fff7284   COMPRESSED   0x00000001   Data   RW         4227    .data               ble_host.lib(sm_task.o)
    0x1fff7285   COMPRESSED   0x00000003   PAD
    0x1fff7288   COMPRESSED   0x00000004   Data   RW         4246    .data               rf.lib(phy_sec_ext.o)
    0x1fff728c   COMPRESSED   0x00000001   Data   RW         4247    .data               rf.lib(phy_sec_ext.o)
    0x1fff728d   COMPRESSED   0x00000001   PAD
    0x1fff728e   COMPRESSED   0x00000004   Data   RW         4296    .data               ble_host.lib(l2cap_util.o)
    0x1fff7292   COMPRESSED   0x00000002   PAD
    0x1fff7294   COMPRESSED   0x00000004   Data   RW         4362    .data               ble_host.lib(sm_mgr.o)
    0x1fff7298   COMPRESSED   0x0000000c   Data   RW         4420    .data               ble_host.lib(sm_pairing.o)
    0x1fff72a4   COMPRESSED   0x00000004   Data   RW         4544    .data               mc_p.l(rand.o)
    0x1fff72a8   COMPRESSED   0x00000004   Data   RW         4856    .data               mc_p.l(errno.o)
    0x1fff72ac   COMPRESSED   0x0000000e   Data   RW          834    _section_standby_code_  pwrmgr.o
    0x1fff72ba   COMPRESSED   0x00000002   PAD
    0x1fff72bc        -       0x000020fc   Zero   RW            7    .bss                main.o
    0x1fff93b8        -       0x00000040   Zero   RW          274    .bss                uart.o
    0x1fff93f8        -       0x0000012c   Zero   RW          512    .bss                gpio.o
    0x1fff9524        -       0x00000078   Zero   RW          832    .bss                pwrmgr.o
    0x1fff959c        -       0x00000044   Zero   RW          952    .bss                pwm.o
    0x1fff95e0        -       0x0000002a   Zero   RW         1193    .bss                led_light.o
    0x1fff960a   COMPRESSED   0x00000006   PAD
    0x1fff9610        -       0x00000010   Zero   RW         1507    .bss                app_datetime.o
    0x1fff9620        -       0x00000012   Zero   RW         2017    .bss                gapgattserver.o
    0x1fff9632        -       0x0000003f   Zero   RW         2098    .bss                peripheral.o
    0x1fff9671   COMPRESSED   0x00000001   PAD
    0x1fff9672        -       0x000002e8   Zero   RW         2213    .bss                gattservapp.o
    0x1fff995a        -       0x0000009a   Zero   RW         2416    .bss                ota_app_service.o
    0x1fff99f4        -       0x0000000f   Zero   RW         2574    .bss                simplebleperipheral.o
    0x1fff9a03        -       0x00000017   Zero   RW         2689    .bss                file_handle.o
    0x1fff9a1a   COMPRESSED   0x00000002   PAD
    0x1fff9a1c        -       0x00000f9c   Zero   RW         2828    .bss                upgraderhp9serial.o
    0x1fffa9b8        -       0x000000b0   Zero   RW         2923    .bss                aes.o
    0x1fffaa68        -       0x00000100   Zero   RW         3172    .bss                ppsp_impl.o
    0x1fffab68        -       0x000004fb   Zero   RW         3300    .bss                ppsp_serv.o
    0x1fffb063   COMPRESSED   0x00000001   PAD
    0x1fffb064        -       0x00000020   Zero   RW         3486    .bss                rf.lib(patch.o)
    0x1fffb084        -       0x00000020   Zero   RW         3597    .bss                rf.lib(rf_phy_driver.o)
    0x1fffb0a4        -       0x0000001c   Zero   RW         3856    .bss                ble_host.lib(gap_configmgr.o)
    0x1fffb0c0        -       0x0000002e   Zero   RW         4152    .bss                ble_host.lib(l2cap_task.o)
    0x1fffb0ee   COMPRESSED   0x00000002   PAD
    0x1fffb0f0        -       0x0000003c   Zero   RW         4175    .bss                ble_host.lib(linkdb.o)
    0x1fffb12c        -       0x0000000f   Zero   RW         4204    .bss                ble_host.lib(sm_rsppairing.o)
    0x1fffb13b   COMPRESSED   0x00000001   PAD
    0x1fffb13c        -       0x00000010   Zero   RW         4243    .bss                rf.lib(phy_sec_ext.o)
    0x1fffb14c        -       0x000000a0   Zero   RW         4295    .bss                ble_host.lib(l2cap_util.o)
    0x1fffb1ec        -       0x0000000f   Zero   RW         4360    .bss                ble_host.lib(sm_mgr.o)
    0x1fffb1fb   COMPRESSED   0x00000001   PAD
    0x1fffb1fc        -       0x0000002c   Zero   RW         4848    .bss                mc_p.l(localtime_w.o)
    0x1fffb228        -       0x00002800   Zero   RW         3361    STACK               startup_armcm0.o



  Load Region LR_ROM_JT_GC (Base: 0x1fff0000, Size: 0x00000800, Max: 0x00000800, ABSOLUTE, COMPRESSED[0x0000040c])

    Execution Region JUMP_TABLE (Exec base: 0x1fff0000, Load base: 0x1fff0000, Size: 0x00000400, Max: 0x00000400, ABSOLUTE)

    Exec Addr    Load Addr    Size         Type   Attr      Idx    E Section Name        Object

    0x1fff0000   0x1fff0000   0x00000400   Data   RO          180    jump_table_mem_area  jump_table.o


    Execution Region GOLBAL_CONFIG (Exec base: 0x1fff0400, Load base: 0x1fff0400, Size: 0x00000400, Max: 0x00000400, ABSOLUTE, COMPRESSED[0x0000000c])

    Exec Addr    Load Addr    Size         Type   Attr      Idx    E Section Name        Object

    0x1fff0400   COMPRESSED   0x00000400   Data   RW          179    global_config_area  jump_table.o



  Load Region LR_ROM_XIP (Base: 0x11020000, Size: 0x0000af94, Max: 0x00020000, ABSOLUTE)

    Execution Region ER_ROM_XIP (Exec base: 0x11020000, Load base: 0x11020000, Size: 0x0000af94, Max: 0x00020000, ABSOLUTE)

    Exec Addr    Load Addr    Size         Type   Attr      Idx    E Section Name        Object

    0x11020000   0x11020000   0x0000000c   Ven    RO         5025    Veneer$$Code        anon$$obj.o
    0x1102000c   0x1102000c   0x0000000c   Ven    RO         5026    Veneer$$Code        anon$$obj.o
    0x11020018   0x11020018   0x0000000c   Ven    RO         5027    Veneer$$Code        anon$$obj.o
    0x11020024   0x11020024   0x0000000c   Ven    RO         5028    Veneer$$Code        anon$$obj.o
    0x11020030   0x11020030   0x0000000c   Ven    RO         5029    Veneer$$Code        anon$$obj.o
    0x1102003c   0x1102003c   0x0000000c   Ven    RO         5030    Veneer$$Code        anon$$obj.o
    0x11020048   0x11020048   0x0000000c   Ven    RO         5031    Veneer$$Code        anon$$obj.o
    0x11020054   0x11020054   0x0000000c   Ven    RO         5032    Veneer$$Code        anon$$obj.o
    0x11020060   0x11020060   0x0000000c   Ven    RO         5033    Veneer$$Code        anon$$obj.o
    0x1102006c   0x1102006c   0x0000000c   Ven    RO         5034    Veneer$$Code        anon$$obj.o
    0x11020078   0x11020078   0x0000000c   Ven    RO         5035    Veneer$$Code        anon$$obj.o
    0x11020084   0x11020084   0x0000000c   Ven    RO         5036    Veneer$$Code        anon$$obj.o
    0x11020090   0x11020090   0x0000000c   Ven    RO         5037    Veneer$$Code        anon$$obj.o
    0x1102009c   0x1102009c   0x0000000c   Ven    RO         5038    Veneer$$Code        anon$$obj.o
    0x110200a8   0x110200a8   0x0000000c   Ven    RO         5039    Veneer$$Code        anon$$obj.o
    0x110200b4   0x110200b4   0x0000000c   Ven    RO         5040    Veneer$$Code        anon$$obj.o
    0x110200c0   0x110200c0   0x0000000c   Ven    RO         5041    Veneer$$Code        anon$$obj.o
    0x110200cc   0x110200cc   0x0000000c   Ven    RO         5042    Veneer$$Code        anon$$obj.o
    0x110200d8   0x110200d8   0x0000000c   Ven    RO         5043    Veneer$$Code        anon$$obj.o
    0x110200e4   0x110200e4   0x0000000c   Ven    RO         5044    Veneer$$Code        anon$$obj.o
    0x110200f0   0x110200f0   0x0000000c   Ven    RO         5045    Veneer$$Code        anon$$obj.o
    0x110200fc   0x110200fc   0x0000000c   Ven    RO         5046    Veneer$$Code        anon$$obj.o
    0x11020108   0x11020108   0x0000000c   Ven    RO         5047    Veneer$$Code        anon$$obj.o
    0x11020114   0x11020114   0x0000000c   Ven    RO         5048    Veneer$$Code        anon$$obj.o
    0x11020120   0x11020120   0x0000000c   Ven    RO         5049    Veneer$$Code        anon$$obj.o
    0x1102012c   0x1102012c   0x0000000c   Ven    RO         5050    Veneer$$Code        anon$$obj.o
    0x11020138   0x11020138   0x0000000c   Ven    RO         5051    Veneer$$Code        anon$$obj.o
    0x11020144   0x11020144   0x0000000c   Ven    RO         5052    Veneer$$Code        anon$$obj.o
    0x11020150   0x11020150   0x0000000c   Ven    RO         5053    Veneer$$Code        anon$$obj.o
    0x1102015c   0x1102015c   0x0000000c   Ven    RO         5054    Veneer$$Code        anon$$obj.o
    0x11020168   0x11020168   0x0000000c   Ven    RO         5055    Veneer$$Code        anon$$obj.o
    0x11020174   0x11020174   0x0000000c   Ven    RO         5056    Veneer$$Code        anon$$obj.o
    0x11020180   0x11020180   0x0000000c   Ven    RO         5057    Veneer$$Code        anon$$obj.o
    0x1102018c   0x1102018c   0x0000000c   Ven    RO         5058    Veneer$$Code        anon$$obj.o
    0x11020198   0x11020198   0x0000000c   Ven    RO         5059    Veneer$$Code        anon$$obj.o
    0x110201a4   0x110201a4   0x0000000c   Ven    RO         5060    Veneer$$Code        anon$$obj.o
    0x110201b0   0x110201b0   0x0000000c   Ven    RO         5061    Veneer$$Code        anon$$obj.o
    0x110201bc   0x110201bc   0x0000000c   Ven    RO         5062    Veneer$$Code        anon$$obj.o
    0x110201c8   0x110201c8   0x0000000c   Ven    RO         5063    Veneer$$Code        anon$$obj.o
    0x110201d4   0x110201d4   0x0000000c   Ven    RO         5064    Veneer$$Code        anon$$obj.o
    0x110201e0   0x110201e0   0x0000000c   Ven    RO         5065    Veneer$$Code        anon$$obj.o
    0x110201ec   0x110201ec   0x0000000c   Ven    RO         5066    Veneer$$Code        anon$$obj.o
    0x110201f8   0x110201f8   0x0000000c   Ven    RO         5067    Veneer$$Code        anon$$obj.o
    0x11020204   0x11020204   0x0000000c   Ven    RO         5068    Veneer$$Code        anon$$obj.o
    0x11020210   0x11020210   0x0000000c   Ven    RO         5069    Veneer$$Code        anon$$obj.o
    0x1102021c   0x1102021c   0x0000000c   Ven    RO         5070    Veneer$$Code        anon$$obj.o
    0x11020228   0x11020228   0x0000000c   Ven    RO         5071    Veneer$$Code        anon$$obj.o
    0x11020234   0x11020234   0x0000000c   Ven    RO         5072    Veneer$$Code        anon$$obj.o
    0x11020240   0x11020240   0x0000000c   Ven    RO         5073    Veneer$$Code        anon$$obj.o
    0x1102024c   0x1102024c   0x0000000c   Ven    RO         5074    Veneer$$Code        anon$$obj.o
    0x11020258   0x11020258   0x0000000c   Ven    RO         5075    Veneer$$Code        anon$$obj.o
    0x11020264   0x11020264   0x0000000c   Ven    RO         5076    Veneer$$Code        anon$$obj.o
    0x11020270   0x11020270   0x0000000c   Ven    RO         5077    Veneer$$Code        anon$$obj.o
    0x1102027c   0x1102027c   0x0000000c   Ven    RO         5078    Veneer$$Code        anon$$obj.o
    0x11020288   0x11020288   0x0000000c   Ven    RO         5079    Veneer$$Code        anon$$obj.o
    0x11020294   0x11020294   0x0000000c   Ven    RO         5080    Veneer$$Code        anon$$obj.o
    0x110202a0   0x110202a0   0x0000000c   Ven    RO         5081    Veneer$$Code        anon$$obj.o
    0x110202ac   0x110202ac   0x0000000c   Ven    RO         5082    Veneer$$Code        anon$$obj.o
    0x110202b8   0x110202b8   0x0000000c   Ven    RO         5083    Veneer$$Code        anon$$obj.o
    0x110202c4   0x110202c4   0x0000000c   Ven    RO         5084    Veneer$$Code        anon$$obj.o
    0x110202d0   0x110202d0   0x0000000c   Ven    RO         5085    Veneer$$Code        anon$$obj.o
    0x110202dc   0x110202dc   0x0000000c   Ven    RO         5086    Veneer$$Code        anon$$obj.o
    0x110202e8   0x110202e8   0x0000000c   Ven    RO         5087    Veneer$$Code        anon$$obj.o
    0x110202f4   0x110202f4   0x0000000c   Ven    RO         5088    Veneer$$Code        anon$$obj.o
    0x11020300   0x11020300   0x0000000c   Ven    RO         5089    Veneer$$Code        anon$$obj.o
    0x1102030c   0x1102030c   0x0000000c   Ven    RO         5090    Veneer$$Code        anon$$obj.o
    0x11020318   0x11020318   0x0000000c   Ven    RO         5091    Veneer$$Code        anon$$obj.o
    0x11020324   0x11020324   0x0000000c   Ven    RO         5092    Veneer$$Code        anon$$obj.o
    0x11020330   0x11020330   0x0000000c   Ven    RO         5093    Veneer$$Code        anon$$obj.o
    0x1102033c   0x1102033c   0x0000000c   Ven    RO         5094    Veneer$$Code        anon$$obj.o
    0x11020348   0x11020348   0x0000000c   Ven    RO         5095    Veneer$$Code        anon$$obj.o
    0x11020354   0x11020354   0x0000000c   Ven    RO         5096    Veneer$$Code        anon$$obj.o
    0x11020360   0x11020360   0x0000000c   Ven    RO         5097    Veneer$$Code        anon$$obj.o
    0x1102036c   0x1102036c   0x0000000c   Ven    RO         5098    Veneer$$Code        anon$$obj.o
    0x11020378   0x11020378   0x0000000c   Ven    RO         5099    Veneer$$Code        anon$$obj.o
    0x11020384   0x11020384   0x0000000c   Ven    RO         5100    Veneer$$Code        anon$$obj.o
    0x11020390   0x11020390   0x0000000c   Ven    RO         5101    Veneer$$Code        anon$$obj.o
    0x1102039c   0x1102039c   0x0000000c   Ven    RO         5102    Veneer$$Code        anon$$obj.o
    0x110203a8   0x110203a8   0x0000000c   Ven    RO         5103    Veneer$$Code        anon$$obj.o
    0x110203b4   0x110203b4   0x0000000c   Ven    RO         5104    Veneer$$Code        anon$$obj.o
    0x110203c0   0x110203c0   0x0000000c   Ven    RO         5105    Veneer$$Code        anon$$obj.o
    0x110203cc   0x110203cc   0x0000000c   Ven    RO         5106    Veneer$$Code        anon$$obj.o
    0x110203d8   0x110203d8   0x0000000c   Ven    RO         5107    Veneer$$Code        anon$$obj.o
    0x110203e4   0x110203e4   0x000003f0   Code   RO         3414    _section_xip_code_  rf.lib(patch.o)
    0x110207d4   0x110207d4   0x00000016   Code   RO         3664    i.ATT_BuildErrorRsp  ble_host.lib(att_util.o)
    0x110207ea   0x110207ea   0x0000000e   Code   RO         3666    i.ATT_BuildExchangeMTURsp  ble_host.lib(att_util.o)
    0x110207f8   0x110207f8   0x00000030   Code   RO         3669    i.ATT_BuildFindByTypeValueRsp  ble_host.lib(att_util.o)
    0x11020828   0x11020828   0x0000006c   Code   RO         3671    i.ATT_BuildFindInfoRsp  ble_host.lib(att_util.o)
    0x11020894   0x11020894   0x00000020   Code   RO         3672    i.ATT_BuildHandleValueInd  ble_host.lib(att_util.o)
    0x110208b4   0x110208b4   0x0000002a   Code   RO         3674    i.ATT_BuildPrepareWriteRsp  ble_host.lib(att_util.o)
    0x110208de   0x110208de   0x00000010   Code   RO         3676    i.ATT_BuildReadBlobRsp  ble_host.lib(att_util.o)
    0x110208ee   0x110208ee   0x0000001a   Code   RO         3677    i.ATT_BuildReadByGrpTypeRsp  ble_host.lib(att_util.o)
    0x11020908   0x11020908   0x0000001a   Code   RO         3679    i.ATT_BuildReadByTypeRsp  ble_host.lib(att_util.o)
    0x11020922   0x11020922   0x00000010   Code   RO         3681    i.ATT_BuildReadMultiRsp  ble_host.lib(att_util.o)
    0x11020932   0x11020932   0x00000010   Code   RO         3683    i.ATT_BuildReadRsp  ble_host.lib(att_util.o)
    0x11020942   0x11020942   0x0000004a   Code   RO         3685    i.ATT_CompareUUID   ble_host.lib(att_util.o)
    0x1102098c   0x1102098c   0x0000002c   Code   RO         3686    i.ATT_ConvertUUIDto128  ble_host.lib(att_util.o)
    0x110209b8   0x110209b8   0x00000014   Code   RO         3632    i.ATT_ErrorRsp      ble_host.lib(att_server.o)
    0x110209cc   0x110209cc   0x00000040   Code   RO         3633    i.ATT_ExchangeMTURsp  ble_host.lib(att_server.o)
    0x11020a0c   0x11020a0c   0x0000000e   Code   RO         3634    i.ATT_ExecuteWriteRsp  ble_host.lib(att_server.o)
    0x11020a1a   0x11020a1a   0x00000002   PAD
    0x11020a1c   0x11020a1c   0x0000001c   Code   RO         3635    i.ATT_FindByTypeValueRsp  ble_host.lib(att_server.o)
    0x11020a38   0x11020a38   0x00000028   Code   RO         3636    i.ATT_FindInfoRsp   ble_host.lib(att_server.o)
    0x11020a60   0x11020a60   0x0000000c   Code   RO         3688    i.ATT_GetCurrentMTUSize  ble_host.lib(att_util.o)
    0x11020a6c   0x11020a6c   0x00000014   Code   RO         3637    i.ATT_HandleValueInd  ble_host.lib(att_server.o)
    0x11020a80   0x11020a80   0x00000014   Code   RO         3638    i.ATT_HandleValueNoti  ble_host.lib(att_server.o)
    0x11020a94   0x11020a94   0x0000000c   Code   RO         3690    i.ATT_InitMtuSize   ble_host.lib(att_util.o)
    0x11020aa0   0x11020aa0   0x00000018   Code   RO         3692    i.ATT_ParseExchangeMTUReq  ble_host.lib(att_util.o)
    0x11020ab8   0x11020ab8   0x00000012   Code   RO         3694    i.ATT_ParseExecuteWriteReq  ble_host.lib(att_util.o)
    0x11020aca   0x11020aca   0x00000048   Code   RO         3696    i.ATT_ParseFindByTypeValueReq  ble_host.lib(att_util.o)
    0x11020b12   0x11020b12   0x00000022   Code   RO         3698    i.ATT_ParseFindInfoReq  ble_host.lib(att_util.o)
    0x11020b34   0x11020b34   0x0000005e   Code   RO         3702    i.ATT_ParsePacket   ble_host.lib(att_util.o)
    0x11020b92   0x11020b92   0x00000038   Code   RO         3703    i.ATT_ParsePrepareWriteReq  ble_host.lib(att_util.o)
    0x11020bca   0x11020bca   0x00000022   Code   RO         3705    i.ATT_ParseReadBlobReq  ble_host.lib(att_util.o)
    0x11020bec   0x11020bec   0x0000003c   Code   RO         3708    i.ATT_ParseReadByTypeReq  ble_host.lib(att_util.o)
    0x11020c28   0x11020c28   0x00000044   Code   RO         3710    i.ATT_ParseReadMultiReq  ble_host.lib(att_util.o)
    0x11020c6c   0x11020c6c   0x00000018   Code   RO         3712    i.ATT_ParseReadReq  ble_host.lib(att_util.o)
    0x11020c84   0x11020c84   0x00000042   Code   RO         3714    i.ATT_ParseWriteReq  ble_host.lib(att_util.o)
    0x11020cc6   0x11020cc6   0x00000002   PAD
    0x11020cc8   0x11020cc8   0x00000014   Code   RO         3639    i.ATT_PrepareWriteRsp  ble_host.lib(att_server.o)
    0x11020cdc   0x11020cdc   0x00000014   Code   RO         3640    i.ATT_ReadBlobRsp   ble_host.lib(att_server.o)
    0x11020cf0   0x11020cf0   0x0000001c   Code   RO         3641    i.ATT_ReadByGrpTypeRsp  ble_host.lib(att_server.o)
    0x11020d0c   0x11020d0c   0x0000001c   Code   RO         3642    i.ATT_ReadByTypeRsp  ble_host.lib(att_server.o)
    0x11020d28   0x11020d28   0x00000014   Code   RO         3643    i.ATT_ReadMultiRsp  ble_host.lib(att_server.o)
    0x11020d3c   0x11020d3c   0x00000014   Code   RO         3644    i.ATT_ReadRsp       ble_host.lib(att_server.o)
    0x11020d50   0x11020d50   0x0000002c   Code   RO         3716    i.ATT_SetMTUSizeMax  ble_host.lib(att_util.o)
    0x11020d7c   0x11020d7c   0x00000018   Code   RO         3718    i.ATT_UpdateMtuSize  ble_host.lib(att_util.o)
    0x11020d94   0x11020d94   0x0000000e   Code   RO         3645    i.ATT_WriteRsp      ble_host.lib(att_server.o)
    0x11020da2   0x11020da2   0x00000018   Code   RO         1404    i.Delay_ms          myi2c.o
    0x11020dba   0x11020dba   0x00000010   Code   RO         1405    i.Delay_us          myi2c.o
    0x11020dca   0x11020dca   0x00000002   PAD
    0x11020dcc   0x11020dcc   0x000000e8   Code   RO         2087    i.GAPRole_GetParameter  peripheral.o
    0x11020eb4   0x11020eb4   0x00000044   Code   RO         2088    i.GAPRole_Init      peripheral.o
    0x11020ef8   0x11020ef8   0x0000014c   Code   RO         2089    i.GAPRole_ProcessEvent  peripheral.o
    0x11021044   0x11021044   0x00000058   Code   RO         2091    i.GAPRole_SendUpdateParam  peripheral.o
    0x1102109c   0x1102109c   0x00000214   Code   RO         2092    i.GAPRole_SetParameter  peripheral.o
    0x110212b0   0x110212b0   0x00000038   Code   RO         2093    i.GAPRole_StartDevice  peripheral.o
    0x110212e8   0x110212e8   0x00000020   Code   RO         2094    i.GAPRole_TerminateConnection  peripheral.o
    0x11021308   0x11021308   0x0000008c   Code   RO         1790    i.GAP_DeviceInit    gap.o
    0x11021394   0x11021394   0x00000054   Code   RO         3946    i.GAP_EndDiscoverable  ble_host.lib(gap_peridevmgr.o)
    0x110213e8   0x110213e8   0x00000018   Code   RO         3837    i.GAP_GetParamValue  ble_host.lib(gap_configmgr.o)
    0x11021400   0x11021400   0x00000020   Code   RO         4003    i.GAP_Init          ble_host.lib(gap_task.o)
    0x11021420   0x11021420   0x000000c0   Code   RO         3948    i.GAP_MakeDiscoverable  ble_host.lib(gap_peridevmgr.o)
    0x110214e0   0x110214e0   0x00000008   Code   RO         4004    i.GAP_NumActiveConnections  ble_host.lib(gap_task.o)
    0x110214e8   0x110214e8   0x00000038   Code   RO         3838    i.GAP_ParamsInit    ble_host.lib(gap_configmgr.o)
    0x11021520   0x11021520   0x00000048   Code   RO         3949    i.GAP_PeriDevMgrInit  ble_host.lib(gap_peridevmgr.o)
    0x11021568   0x11021568   0x000000e0   Code   RO         4005    i.GAP_ProcessEvent  ble_host.lib(gap_task.o)
    0x11021648   0x11021648   0x0000000c   Code   RO         4006    i.GAP_RegisterForHCIMsgs  ble_host.lib(gap_task.o)
    0x11021654   0x11021654   0x00000040   Code   RO         3839    i.GAP_SecParamsInit  ble_host.lib(gap_configmgr.o)
    0x11021694   0x11021694   0x00000020   Code   RO         3840    i.GAP_SetParamValue  ble_host.lib(gap_configmgr.o)
    0x110216b4   0x110216b4   0x00000080   Code   RO         3903    i.GAP_TerminateLinkReq  ble_host.lib(gap_linkmgr.o)
    0x11021734   0x11021734   0x00000074   Code   RO         3953    i.GAP_UpdateAdvertisingData  ble_host.lib(gap_peridevmgr.o)
    0x110217a8   0x110217a8   0x00000020   Code   RO         2175    i.GATTServApp_AddService  gattservapp.o
    0x110217c8   0x110217c8   0x00000022   Code   RO         2178    i.GATTServApp_FindAttr  gattservapp.o
    0x110217ea   0x110217ea   0x00000002   PAD
    0x110217ec   0x110217ec   0x0000004c   Code   RO         2181    i.GATTServApp_Init  gattservapp.o
    0x11021838   0x11021838   0x00000030   Code   RO         2182    i.GATTServApp_InitCharCfg  gattservapp.o
    0x11021868   0x11021868   0x00000058   Code   RO         2183    i.GATTServApp_ProcessCCCWriteReq  gattservapp.o
    0x110218c0   0x110218c0   0x00000088   Code   RO         2184    i.GATTServApp_ProcessCharCfg  gattservapp.o
    0x11021948   0x11021948   0x00000038   Code   RO         2185    i.GATTServApp_ProcessEvent  gattservapp.o
    0x11021980   0x11021980   0x00000224   Code   RO         2186    i.GATTServApp_ReadAttr  gattservapp.o
    0x11021ba4   0x11021ba4   0x0000000e   Code   RO         2187    i.GATTServApp_ReadCharCfg  gattservapp.o
    0x11021bb2   0x11021bb2   0x00000002   PAD
    0x11021bb4   0x11021bb4   0x0000005c   Code   RO         2189    i.GATTServApp_RegisterService  gattservapp.o
    0x11021c10   0x11021c10   0x00000038   Code   RO         2190    i.GATTServApp_SendCCCUpdatedEvent  gattservapp.o
    0x11021c48   0x11021c48   0x0000003e   Code   RO         2195    i.GATTServApp_WriteAttr  gattservapp.o
    0x11021c86   0x11021c86   0x00000002   PAD
    0x11021c88   0x11021c88   0x0000002c   Code   RO         2196    i.GATTServApp_WriteCharCfg  gattservapp.o
    0x11021cb4   0x11021cb4   0x0000002e   Code   RO         4090    i.GATT_AppCompletedMsg  ble_host.lib(gatt_task.o)
    0x11021ce2   0x11021ce2   0x00000002   PAD
    0x11021ce4   0x11021ce4   0x0000004c   Code   RO         4025    i.GATT_FindHandle   ble_host.lib(gatt_server.o)
    0x11021d30   0x11021d30   0x00000064   Code   RO         4026    i.GATT_FindHandleUUID  ble_host.lib(gatt_server.o)
    0x11021d94   0x11021d94   0x00000094   Code   RO         4027    i.GATT_FindNextAttr  ble_host.lib(gatt_server.o)
    0x11021e28   0x11021e28   0x00000054   Code   RO         4028    i.GATT_Indication   ble_host.lib(gatt_server.o)
    0x11021e7c   0x11021e7c   0x0000001c   Code   RO         4091    i.GATT_Init         ble_host.lib(gatt_task.o)
    0x11021e98   0x11021e98   0x00000048   Code   RO         4029    i.GATT_InitServer   ble_host.lib(gatt_server.o)
    0x11021ee0   0x11021ee0   0x0000002e   Code   RO         4030    i.GATT_Notification  ble_host.lib(gatt_server.o)
    0x11021f0e   0x11021f0e   0x00000002   PAD
    0x11021f10   0x11021f10   0x00000034   Code   RO         4092    i.GATT_ProcessEvent  ble_host.lib(gatt_task.o)
    0x11021f44   0x11021f44   0x0000000c   Code   RO         4031    i.GATT_RegisterForReq  ble_host.lib(gatt_server.o)
    0x11021f50   0x11021f50   0x000000a8   Code   RO         4032    i.GATT_RegisterService  ble_host.lib(gatt_server.o)
    0x11021ff8   0x11021ff8   0x00000020   Code   RO         4034    i.GATT_ServiceNumAttrs  ble_host.lib(gatt_server.o)
    0x11022018   0x11022018   0x00000026   Code   RO         4036    i.GATT_VerifyReadPermissions  ble_host.lib(gatt_server.o)
    0x1102203e   0x1102203e   0x00000042   Code   RO         4037    i.GATT_VerifyWritePermissions  ble_host.lib(gatt_server.o)
    0x11022080   0x11022080   0x00000068   Code   RO         2899    i.GFMul             aes.o
    0x110220e8   0x110220e8   0x00000014   Code   RO         2900    i.GFMul12           aes.o
    0x110220fc   0x110220fc   0x00000012   Code   RO         2901    i.GFMul2            aes.o
    0x1102210e   0x1102210e   0x0000000c   Code   RO         2902    i.GFMul4            aes.o
    0x1102211a   0x1102211a   0x0000000c   Code   RO         2903    i.GFMul8            aes.o
    0x11022126   0x11022126   0x0000000c   Code   RO         2904    i.GFMul9            aes.o
    0x11022132   0x11022132   0x00000002   PAD
    0x11022134   0x11022134   0x00000020   Code   RO         2007    i.GGS_AddService    gapgattserver.o
    0x11022154   0x11022154   0x00000088   Code   RO         2013    i.GGS_SetParameter  gapgattserver.o
    0x110221dc   0x110221dc   0x0000002c   Code   RO         2503    i.GetCrc16          crc16.o
    0x11022208   0x11022208   0x00000050   Code   RO         1406    i.IIC_RecAck        myi2c.o
    0x11022258   0x11022258   0x0000007c   Code   RO         1407    i.IIC_RecData       myi2c.o
    0x110222d4   0x110222d4   0x00000060   Code   RO         1408    i.IIC_RecData_byte  myi2c.o
    0x11022334   0x11022334   0x0000000c   Code   RO         1409    i.IIC_SDA_CHANGE_IN  myi2c.o
    0x11022340   0x11022340   0x0000000c   Code   RO         1410    i.IIC_SDA_CHANGE_OUT  myi2c.o
    0x1102234c   0x1102234c   0x00000040   Code   RO         1411    i.IIC_SendAck       myi2c.o
    0x1102238c   0x1102238c   0x0000003a   Code   RO         1412    i.IIC_SendData      myi2c.o
    0x110223c6   0x110223c6   0x00000002   PAD
    0x110223c8   0x110223c8   0x0000004c   Code   RO         1413    i.IIC_SendData_byte  myi2c.o
    0x11022414   0x11022414   0x00000034   Code   RO         1414    i.IIC_Start         myi2c.o
    0x11022448   0x11022448   0x00000034   Code   RO         1415    i.IIC_Stop          myi2c.o
    0x1102247c   0x1102247c   0x00000042   Code   RO         4262    i.L2CAP_BuildCmdReject  ble_host.lib(l2cap_util.o)
    0x110224be   0x110224be   0x00000002   PAD
    0x110224c0   0x110224c0   0x00000018   Code   RO         4122    i.L2CAP_CmdReject   ble_host.lib(l2cap_if.o)
    0x110224d8   0x110224d8   0x00000018   Code   RO         4123    i.L2CAP_ConnParamUpdateReq  ble_host.lib(l2cap_if.o)
    0x110224f0   0x110224f0   0x00000008   Code   RO         4266    i.L2CAP_Fragment_bm_alloc  ble_host.lib(l2cap_util.o)
    0x110224f8   0x110224f8   0x00000018   Code   RO         4126    i.L2CAP_HostNumCompletedPkts  ble_host.lib(l2cap_if.o)
    0x11022510   0x11022510   0x00000048   Code   RO         4147    i.L2CAP_Init        ble_host.lib(l2cap_task.o)
    0x11022558   0x11022558   0x00000034   Code   RO         4268    i.L2CAP_ParseParamUpdateReq  ble_host.lib(l2cap_util.o)
    0x1102258c   0x1102258c   0x00000034   Code   RO         4148    i.L2CAP_ProcessEvent  ble_host.lib(l2cap_task.o)
    0x110225c0   0x110225c0   0x00000024   Code   RO         4269    i.L2CAP_ReassemblePkt_Reset  ble_host.lib(l2cap_util.o)
    0x110225e4   0x110225e4   0x0000002c   Code   RO         4128    i.L2CAP_RegisterApp  ble_host.lib(l2cap_if.o)
    0x11022610   0x11022610   0x00000044   Code   RO         4270    i.L2CAP_SegmentPkt_Reset  ble_host.lib(l2cap_util.o)
    0x11022654   0x11022654   0x00000034   Code   RO         4129    i.L2CAP_SendData    ble_host.lib(l2cap_if.o)
    0x11022688   0x11022688   0x00000018   Code   RO         4271    i.L2CAP_bm_alloc    ble_host.lib(l2cap_util.o)
    0x110226a0   0x110226a0   0x00000044   Code   RO         4335    i.SM_CalcRandomAddr  ble_host.lib(sm_mgr.o)
    0x110226e4   0x110226e4   0x0000009a   Code   RO         4337    i.SM_GenerateAuthenSig  ble_host.lib(sm_mgr.o)
    0x1102277e   0x1102277e   0x00000002   PAD
    0x11022780   0x11022780   0x00000024   Code   RO         4222    i.SM_Init           ble_host.lib(sm_task.o)
    0x110227a4   0x110227a4   0x00000048   Code   RO         4223    i.SM_ProcessEvent   ble_host.lib(sm_task.o)
    0x110227ec   0x110227ec   0x00000020   Code   RO         4192    i.SM_ResponderInit  ble_host.lib(sm_rsppairing.o)
    0x1102280c   0x1102280c   0x000000ce   Code   RO         4340    i.SM_VerifyAuthenSig  ble_host.lib(sm_mgr.o)
    0x110228da   0x110228da   0x00000002   PAD
    0x110228dc   0x110228dc   0x00000078   Code   RO         2816    i.SelectIICAddr     upgraderhp9serial.o
    0x11022954   0x11022954   0x000001b4   Code   RO         2566    i.SimpleBLEPeripheral_Init  simplebleperipheral.o
    0x11022b08   0x11022b08   0x00000354   Code   RO         2567    i.SimpleBLEPeripheral_ProcessEvent  simplebleperipheral.o
    0x11022e5c   0x11022e5c   0x00000018   Code   RO          482    i.__NVIC_EnableIRQ  gpio.o
    0x11022e74   0x11022e74   0x00000044   Code   RO          483    i.__NVIC_SetPriority  gpio.o
    0x11022eb8   0x11022eb8   0x0000000e   Code   RO         1345    i._uart_putc        my_printf.o
    0x11022ec6   0x11022ec6   0x00000002   PAD
    0x11022ec8   0x11022ec8   0x00000040   Code   RO         2905    i.addRoundKey       aes.o
    0x11022f08   0x11022f08   0x0000007c   Code   RO         3719    i.attSendMsg        ble_host.lib(att_util.o)
    0x11022f84   0x11022f84   0x00000264   Code   RO         2817    i.backdoor_changesn  upgraderhp9serial.o
    0x110231e8   0x110231e8   0x00000060   Code   RO         2568    i.bdAddr2Str        simplebleperipheral.o
    0x11023248   0x11023248   0x000000c4   Code   RO         2674    i.check_file_info   file_handle.o
    0x1102330c   0x1102330c   0x00000020   Code   RO         2907    i.convertArrayToStr  aes.o
    0x1102332c   0x1102332c   0x00000022   Code   RO         2908    i.convertToIntArray  aes.o
    0x1102334e   0x1102334e   0x00000002   PAD
    0x11023350   0x11023350   0x0000001c   Code   RO         1346    i.dbg_printf        my_printf.o
    0x1102336c   0x1102336c   0x00000014   Code   RO         1347    i.dbg_printf_init   my_printf.o
    0x11023380   0x11023380   0x000000a0   Code   RO         2909    i.deAes             aes.o
    0x11023420   0x11023420   0x00000090   Code   RO         2910    i.deMixColumns      aes.o
    0x110234b0   0x110234b0   0x00000058   Code   RO         2911    i.deShiftRows       aes.o
    0x11023508   0x11023508   0x0000003c   Code   RO         2912    i.deSubBytes        aes.o
    0x11023544   0x11023544   0x0000001a   Code   RO         3904    i.disconnectNext    ble_host.lib(gap_linkmgr.o)
    0x1102355e   0x1102355e   0x00000044   Code   RO         2675    i.distinguish_type_code  file_handle.o
    0x110235a2   0x110235a2   0x00000002   PAD
    0x110235a4   0x110235a4   0x00000038   Code   RO         2676    i.erase_file_flash  file_handle.o
    0x110235dc   0x110235dc   0x000000bc   Code   RO         2913    i.extendKey         aes.o
    0x11023698   0x11023698   0x00000032   Code   RO         3841    i.gapAddAddrAdj     ble_host.lib(gap_configmgr.o)
    0x110236ca   0x110236ca   0x00000002   PAD
    0x110236cc   0x110236cc   0x00000054   Code   RO         3955    i.gapAllocAdvRecs   ble_host.lib(gap_peridevmgr.o)
    0x11023720   0x11023720   0x0000001e   Code   RO         3842    i.gapDetermineAddrType  ble_host.lib(gap_configmgr.o)
    0x1102373e   0x1102373e   0x00000048   Code   RO         3883    i.gapFindADType     ble_host.lib(gap_devmgr.o)
    0x11023786   0x11023786   0x00000002   PAD
    0x11023788   0x11023788   0x00000018   Code   RO         3960    i.gapFreeAdvertState  ble_host.lib(gap_peridevmgr.o)
    0x110237a0   0x110237a0   0x00000040   Code   RO         3905    i.gapFreeAuthLink   ble_host.lib(gap_linkmgr.o)
    0x110237e0   0x110237e0   0x00000018   Code   RO         3906    i.gapFreeEstLink    ble_host.lib(gap_linkmgr.o)
    0x110237f8   0x110237f8   0x0000001c   Code   RO         3843    i.gapGetDevAddress  ble_host.lib(gap_configmgr.o)
    0x11023814   0x11023814   0x0000000c   Code   RO         3844    i.gapGetDevAddressMode  ble_host.lib(gap_configmgr.o)
    0x11023820   0x11023820   0x0000000c   Code   RO         3845    i.gapGetIRK         ble_host.lib(gap_configmgr.o)
    0x1102382c   0x1102382c   0x0000000c   Code   RO         3846    i.gapGetSRK         ble_host.lib(gap_configmgr.o)
    0x11023838   0x11023838   0x0000000c   Code   RO         3847    i.gapGetSignCounter  ble_host.lib(gap_configmgr.o)
    0x11023844   0x11023844   0x00000028   Code   RO         3848    i.gapIncSignCounter  ble_host.lib(gap_configmgr.o)
    0x1102386c   0x1102386c   0x00000010   Code   RO         3884    i.gapIsAdvertising  ble_host.lib(gap_devmgr.o)
    0x1102387c   0x1102387c   0x0000012c   Code   RO         3907    i.gapPairingCompleteCB  ble_host.lib(gap_linkmgr.o)
    0x110239a8   0x110239a8   0x00000064   Code   RO         3908    i.gapPasskeyNeededCB  ble_host.lib(gap_linkmgr.o)
    0x11023a0c   0x11023a0c   0x00000090   Code   RO         3961    i.gapPeriProcessHCICmdCompleteEvt  ble_host.lib(gap_peridevmgr.o)
    0x11023a9c   0x11023a9c   0x00000080   Code   RO         3962    i.gapProcessAdvertisingEvt  ble_host.lib(gap_peridevmgr.o)
    0x11023b1c   0x11023b1c   0x00000014   Code   RO         3909    i.gapProcessConnUpdateCompleteEvt  ble_host.lib(gap_linkmgr.o)
    0x11023b30   0x11023b30   0x000000e0   Code   RO         3910    i.gapProcessConnectionCompleteEvt  ble_host.lib(gap_linkmgr.o)
    0x11023c10   0x11023c10   0x00000070   Code   RO         3911    i.gapProcessDisconnectCompleteEvt  ble_host.lib(gap_linkmgr.o)
    0x11023c80   0x11023c80   0x000000c0   Code   RO         4007    i.gapProcessHCICmdCompleteEvt  ble_host.lib(gap_task.o)
    0x11023d40   0x11023d40   0x0000002c   Code   RO         3849    i.gapProcessNewAddr  ble_host.lib(gap_configmgr.o)
    0x11023d6c   0x11023d6c   0x000000d4   Code   RO         4008    i.gapProcessOSALMsg  ble_host.lib(gap_task.o)
    0x11023e40   0x11023e40   0x0000006c   Code   RO         3850    i.gapProcessRandomAddrComplete  ble_host.lib(gap_configmgr.o)
    0x11023eac   0x11023eac   0x00000044   Code   RO         3851    i.gapReadBD_ADDRStatus  ble_host.lib(gap_configmgr.o)
    0x11023ef0   0x11023ef0   0x0000003c   Code   RO         3852    i.gapReadBufSizeCmdStatus  ble_host.lib(gap_configmgr.o)
    0x11023f2c   0x11023f2c   0x0000000c   Code   RO         4010    i.gapRegisterPeripheral  ble_host.lib(gap_task.o)
    0x11023f38   0x11023f38   0x000002a4   Code   RO         2095    i.gapRole_ProcessGAPMsg  peripheral.o
    0x110241dc   0x110241dc   0x000000d8   Code   RO         2096    i.gapRole_ProcessOSALMsg  peripheral.o
    0x110242b4   0x110242b4   0x0000005c   Code   RO         2097    i.gapRole_startConnUpdate  peripheral.o
    0x11024310   0x11024310   0x00000044   Code   RO         3913    i.gapSendBondCompleteEvent  ble_host.lib(gap_linkmgr.o)
    0x11024354   0x11024354   0x00000048   Code   RO         3853    i.gapSendDeviceInitDoneEvent  ble_host.lib(gap_configmgr.o)
    0x1102439c   0x1102439c   0x00000048   Code   RO         3914    i.gapSendLinkUpdateEvent  ble_host.lib(gap_linkmgr.o)
    0x110243e4   0x110243e4   0x0000003c   Code   RO         3963    i.gapSendMakeDiscEvent  ble_host.lib(gap_peridevmgr.o)
    0x11024420   0x11024420   0x0000005c   Code   RO         3915    i.gapSendPairingReqEvent  ble_host.lib(gap_linkmgr.o)
    0x1102447c   0x1102447c   0x00000088   Code   RO         3964    i.gapSetAdvParams   ble_host.lib(gap_peridevmgr.o)
    0x11024504   0x11024504   0x0000002c   Code   RO         3965    i.gapSetAdvParamsStatus  ble_host.lib(gap_peridevmgr.o)
    0x11024530   0x11024530   0x00000052   Code   RO         3855    i.gapUpdateConnSignCounter  ble_host.lib(gap_configmgr.o)
    0x11024582   0x11024582   0x00000012   Code   RO         3886    i.gapValidADType    ble_host.lib(gap_devmgr.o)
    0x11024594   0x11024594   0x00000030   Code   RO         3966    i.gapWriteAdvDataStatus  ble_host.lib(gap_peridevmgr.o)
    0x110245c4   0x110245c4   0x000000b8   Code   RO         3967    i.gapWriteAdvEnableStatus  ble_host.lib(gap_peridevmgr.o)
    0x1102467c   0x1102467c   0x00000024   Code   RO         4038    i.gattFindServerInfo  ble_host.lib(gatt_server.o)
    0x110246a0   0x110246a0   0x0000002c   Code   RO         4039    i.gattGetServerStatus  ble_host.lib(gatt_server.o)
    0x110246cc   0x110246cc   0x00000052   Code   RO         4094    i.gattNotifyEvent   ble_host.lib(gatt_task.o)
    0x1102471e   0x1102471e   0x00000002   PAD
    0x11024720   0x11024720   0x0000001c   Code   RO         4040    i.gattProcessExchangeMTUReq  ble_host.lib(gatt_server.o)
    0x1102473c   0x1102473c   0x00000004   Code   RO         4041    i.gattProcessExecuteWriteReq  ble_host.lib(gatt_server.o)
    0x11024740   0x11024740   0x0000002c   Code   RO         4042    i.gattProcessFindByTypeValueReq  ble_host.lib(gatt_server.o)
    0x1102476c   0x1102476c   0x000000e8   Code   RO         4043    i.gattProcessFindInfoReq  ble_host.lib(gatt_server.o)
    0x11024854   0x11024854   0x00000048   Code   RO         4044    i.gattProcessReadByGrpTypeReq  ble_host.lib(gatt_server.o)
    0x1102489c   0x1102489c   0x0000002c   Code   RO         4045    i.gattProcessReadByTypeReq  ble_host.lib(gatt_server.o)
    0x110248c8   0x110248c8   0x00000048   Code   RO         4046    i.gattProcessReadMultiReq  ble_host.lib(gatt_server.o)
    0x11024910   0x11024910   0x0000001e   Code   RO         4047    i.gattProcessReadReq  ble_host.lib(gatt_server.o)
    0x1102492e   0x1102492e   0x00000002   PAD
    0x11024930   0x11024930   0x00000094   Code   RO         4095    i.gattProcessRxData  ble_host.lib(gatt_task.o)
    0x110249c4   0x110249c4   0x00000022   Code   RO         4048    i.gattProcessWriteReq  ble_host.lib(gatt_server.o)
    0x110249e6   0x110249e6   0x00000002   PAD
    0x110249e8   0x110249e8   0x0000000c   Code   RO         4097    i.gattRegisterServer  ble_host.lib(gatt_task.o)
    0x110249f4   0x110249f4   0x00000010   Code   RO         4049    i.gattResetServerInfo  ble_host.lib(gatt_server.o)
    0x11024a04   0x11024a04   0x0000000e   Code   RO         2197    i.gattServApp_FindAuthorizeAttrCB  gattservapp.o
    0x11024a12   0x11024a12   0x0000001c   Code   RO         2198    i.gattServApp_FindCharCfgItem  gattservapp.o
    0x11024a2e   0x11024a2e   0x00000002   PAD
    0x11024a30   0x11024a30   0x00000024   Code   RO         2199    i.gattServApp_FindPrepareWriteQ  gattservapp.o
    0x11024a54   0x11024a54   0x00000020   Code   RO         2200    i.gattServApp_FindServiceCBs  gattservapp.o
    0x11024a74   0x11024a74   0x0000005c   Code   RO         2201    i.gattServApp_HandleConnStatusCB  gattservapp.o
    0x11024ad0   0x11024ad0   0x00000088   Code   RO         2202    i.gattServApp_ProcessExecuteWriteReq  gattservapp.o
    0x11024b58   0x11024b58   0x000000f4   Code   RO         2203    i.gattServApp_ProcessFindByTypeValueReq  gattservapp.o
    0x11024c4c   0x11024c4c   0x0000015c   Code   RO         2204    i.gattServApp_ProcessMsg  gattservapp.o
    0x11024da8   0x11024da8   0x000000a0   Code   RO         2205    i.gattServApp_ProcessPrepareWriteReq  gattservapp.o
    0x11024e48   0x11024e48   0x00000158   Code   RO         2206    i.gattServApp_ProcessReadByGrpTypeReq  gattservapp.o
    0x11024fa0   0x11024fa0   0x00000140   Code   RO         2207    i.gattServApp_ProcessReadByTypeReq  gattservapp.o
    0x110250e0   0x110250e0   0x000000e0   Code   RO         2208    i.gattServApp_ProcessReadMultiReq  gattservapp.o
    0x110251c0   0x110251c0   0x0000007a   Code   RO         2209    i.gattServApp_ProcessWriteReq  gattservapp.o
    0x1102523a   0x1102523a   0x00000002   PAD
    0x1102523c   0x1102523c   0x00000078   Code   RO         2211    i.gattServApp_SetNumPrepareWrites  gattservapp.o
    0x110252b4   0x110252b4   0x00000034   Code   RO         2212    i.gattServApp_WriteAttrCB  gattservapp.o
    0x110252e8   0x110252e8   0x00000080   Code   RO         4050    i.gattServerHandleConnStatusCB  ble_host.lib(gatt_server.o)
    0x11025368   0x11025368   0x0000002a   Code   RO         4051    i.gattServerHandleTimerCB  ble_host.lib(gatt_server.o)
    0x11025392   0x11025392   0x00000002   PAD
    0x11025394   0x11025394   0x000000d0   Code   RO         4052    i.gattServerProcessMsgCB  ble_host.lib(gatt_server.o)
    0x11025464   0x11025464   0x00000018   Code   RO         4053    i.gattServiceLastHandle  ble_host.lib(gatt_server.o)
    0x1102547c   0x1102547c   0x0000000e   Code   RO         4098    i.gattStartTimer    ble_host.lib(gatt_task.o)
    0x1102548a   0x1102548a   0x0000001a   Code   RO         4099    i.gattStopTimer     ble_host.lib(gatt_task.o)
    0x110254a4   0x110254a4   0x00000098   Code   RO         4341    i.generate_subkey   ble_host.lib(sm_mgr.o)
    0x1102553c   0x1102553c   0x0000005c   Code   RO         2914    i.getArrayFrom4W    aes.o
    0x11025598   0x11025598   0x00000008   Code   RO         2915    i.getLeft4Bit       aes.o
    0x110255a0   0x110255a0   0x0000001c   Code   RO         2916    i.getNumFromSBox    aes.o
    0x110255bc   0x110255bc   0x000000b0   Code   RO         2677    i.get_color_address  file_handle.o
    0x1102566c   0x1102566c   0x00000080   Code   RO         2678    i.get_file_info     file_handle.o
    0x110256ec   0x110256ec   0x00000018   Code   RO         2818    i.get_sn_array      upgraderhp9serial.o
    0x11025704   0x11025704   0x000000c2   Code   RO         2014    i.ggs_ReadAttrCB    gapgattserver.o
    0x110257c6   0x110257c6   0x00000058   Code   RO         2015    i.ggs_SetAttrWPermit  gapgattserver.o
    0x1102581e   0x1102581e   0x00000002   PAD
    0x11025820   0x11025820   0x000000e4   Code   RO         2016    i.ggs_WriteAttrCB   gapgattserver.o
    0x11025904   0x11025904   0x00000018   Code   RO          484    i.hal_GPIO_IRQHandler  gpio.o
    0x1102591c   0x1102591c   0x00000030   Code   RO          485    i.hal_gpio_cfg_analog_io  gpio.o
    0x1102594c   0x1102594c   0x0000001c   Code   RO          489    i.hal_gpio_fmux     gpio.o
    0x11025968   0x11025968   0x00000038   Code   RO          490    i.hal_gpio_fmux_set  gpio.o
    0x110259a0   0x110259a0   0x0000005c   Code   RO          491    i.hal_gpio_init     gpio.o
    0x110259fc   0x110259fc   0x00000040   Code   RO          492    i.hal_gpio_interrupt_enable  gpio.o
    0x11025a3c   0x11025a3c   0x0000001c   Code   RO          493    i.hal_gpio_pin2pin3_control  gpio.o
    0x11025a58   0x11025a58   0x00000060   Code   RO          494    i.hal_gpio_pin_init  gpio.o
    0x11025ab8   0x11025ab8   0x00000044   Code   RO          495    i.hal_gpio_pull_set  gpio.o
    0x11025afc   0x11025afc   0x00000024   Code   RO          496    i.hal_gpio_read     gpio.o
    0x11025b20   0x11025b20   0x0000005c   Code   RO          497    i.hal_gpio_retention_enable  gpio.o
    0x11025b7c   0x11025b7c   0x00000048   Code   RO          498    i.hal_gpio_sleep_handler  gpio.o
    0x11025bc4   0x11025bc4   0x00000044   Code   RO          499    i.hal_gpio_wakeup_control  gpio.o
    0x11025c08   0x11025c08   0x00000088   Code   RO          500    i.hal_gpio_wakeup_handler  gpio.o
    0x11025c90   0x11025c90   0x00000078   Code   RO          501    i.hal_gpio_wakeup_set  gpio.o
    0x11025d08   0x11025d08   0x00000024   Code   RO          502    i.hal_gpio_write    gpio.o
    0x11025d2c   0x11025d2c   0x00000064   Code   RO          504    i.hal_gpioin_enable  gpio.o
    0x11025d90   0x11025d90   0x00000068   Code   RO          505    i.hal_gpioin_event  gpio.o
    0x11025df8   0x11025df8   0x00000024   Code   RO          506    i.hal_gpioin_event_pin  gpio.o
    0x11025e1c   0x11025e1c   0x00000044   Code   RO         2407    i.handleConnStatusCB  ota_app_service.o
    0x11025e60   0x11025e60   0x000000d8   Code   RO         2679    i.handle_aes_file   file_handle.o
    0x11025f38   0x11025f38   0x00000084   Code   RO         2408    i.handle_file_again  ota_app_service.o
    0x11025fbc   0x11025fbc   0x00000064   Code   RO         2409    i.handle_file_first  ota_app_service.o
    0x11026020   0x11026020   0x00000030   Code   RO         2819    i.heap_data_free    upgraderhp9serial.o
    0x11026050   0x11026050   0x0000006c   Code   RO         2820    i.heap_data_init    upgraderhp9serial.o
    0x110260bc   0x110260bc   0x00000024   Code   RO         1416    i.i2c_init          myi2c.o
    0x110260e0   0x110260e0   0x0000002c   Code   RO         3968    i.isLimitedDiscoverableMode  ble_host.lib(gap_peridevmgr.o)
    0x1102610c   0x1102610c   0x00000038   Code   RO         4272    i.l2capAllocChannel  ble_host.lib(l2cap_util.o)
    0x11026144   0x11026144   0x0000002c   Code   RO         4276    i.l2capBuildParamUpdateReq  ble_host.lib(l2cap_util.o)
    0x11026170   0x11026170   0x000000b0   Code   RO         4277    i.l2capEncapSendData  ble_host.lib(l2cap_util.o)
    0x11026220   0x11026220   0x00000030   Code   RO         4278    i.l2capFindLocalId  ble_host.lib(l2cap_util.o)
    0x11026250   0x11026250   0x00000008   Code   RO         4279    i.l2capFreeChannel  ble_host.lib(l2cap_util.o)
    0x11026258   0x11026258   0x00000002   Code   RO         4280    i.l2capHandleRxError  ble_host.lib(l2cap_util.o)
    0x1102625a   0x1102625a   0x00000028   Code   RO         4281    i.l2capHandleTimerCB  ble_host.lib(l2cap_util.o)
    0x11026282   0x11026282   0x00000046   Code   RO         4282    i.l2capNotifyData   ble_host.lib(l2cap_util.o)
    0x110262c8   0x110262c8   0x0000004e   Code   RO         4283    i.l2capNotifySignal  ble_host.lib(l2cap_util.o)
    0x11026316   0x11026316   0x00000042   Code   RO         4284    i.l2capParseCmdReject  ble_host.lib(l2cap_util.o)
    0x11026358   0x11026358   0x000001a0   Code   RO         4287    i.l2capParsePacket  ble_host.lib(l2cap_util.o)
    0x110264f8   0x110264f8   0x00000016   Code   RO         4288    i.l2capParseParamUpdateRsp  ble_host.lib(l2cap_util.o)
    0x1102650e   0x1102650e   0x00000014   Code   RO         4289    i.l2capParseSignalHdr  ble_host.lib(l2cap_util.o)
    0x11026522   0x11026522   0x00000002   PAD
    0x11026524   0x11026524   0x00000104   Code   RO         4290    i.l2capPktToSegmentBuff  ble_host.lib(l2cap_util.o)
    0x11026628   0x11026628   0x00000068   Code   RO         4149    i.l2capProcessRsp   ble_host.lib(l2cap_task.o)
    0x11026690   0x11026690   0x00000094   Code   RO         4150    i.l2capProcessRxData  ble_host.lib(l2cap_task.o)
    0x11026724   0x11026724   0x000000a8   Code   RO         4151    i.l2capProcessSignal  ble_host.lib(l2cap_task.o)
    0x110267cc   0x110267cc   0x00000058   Code   RO         4291    i.l2capSarBufReset  ble_host.lib(l2cap_util.o)
    0x11026824   0x11026824   0x00000060   Code   RO         4292    i.l2capSendCmd      ble_host.lib(l2cap_util.o)
    0x11026884   0x11026884   0x0000007c   Code   RO         4293    i.l2capSendReq      ble_host.lib(l2cap_util.o)
    0x11026900   0x11026900   0x00000010   Code   RO         4294    i.l2capStopTimer    ble_host.lib(l2cap_util.o)
    0x11026910   0x11026910   0x00000046   Code   RO         2917    i.leftLoop4int      aes.o
    0x11026956   0x11026956   0x0000001c   Code   RO         4342    i.leftshift_onebit  ble_host.lib(sm_mgr.o)
    0x11026972   0x11026972   0x00000002   PAD
    0x11026974   0x11026974   0x00000058   Code   RO         4163    i.linkDB_Add        ble_host.lib(linkdb.o)
    0x110269cc   0x110269cc   0x0000004c   Code   RO         4164    i.linkDB_Authen     ble_host.lib(linkdb.o)
    0x11026a18   0x11026a18   0x00000028   Code   RO         4165    i.linkDB_Find       ble_host.lib(linkdb.o)
    0x11026a40   0x11026a40   0x00000038   Code   RO         4166    i.linkDB_FindFirst  ble_host.lib(linkdb.o)
    0x11026a78   0x11026a78   0x0000003c   Code   RO         4167    i.linkDB_Init       ble_host.lib(linkdb.o)
    0x11026ab4   0x11026ab4   0x00000024   Code   RO         4168    i.linkDB_NumActive  ble_host.lib(linkdb.o)
    0x11026ad8   0x11026ad8   0x00000024   Code   RO         4170    i.linkDB_Register   ble_host.lib(linkdb.o)
    0x11026afc   0x11026afc   0x00000036   Code   RO         4171    i.linkDB_Remove     ble_host.lib(linkdb.o)
    0x11026b32   0x11026b32   0x00000002   PAD
    0x11026b34   0x11026b34   0x00000024   Code   RO         4172    i.linkDB_State      ble_host.lib(linkdb.o)
    0x11026b58   0x11026b58   0x00000268   Code   RO         1348    i.log_vsprintf      my_printf.o
    0x11026dc0   0x11026dc0   0x00000030   Code   RO         2680    i.my_printfS_hex    file_handle.o
    0x11026df0   0x11026df0   0x00000168   Code   RO         1350    i.number            my_printf.o
    0x11026f58   0x11026f58   0x00000014   Code   RO         2821    i.one_sn_data_init  upgraderhp9serial.o
    0x11026f6c   0x11026f6c   0x00000028   Code   RO         2410    i.ota_ReadAttrCB    ota_app_service.o
    0x11026f94   0x11026f94   0x00000098   Code   RO         2411    i.ota_WriteAttrCB   ota_app_service.o
    0x1102702c   0x1102702c   0x00000060   Code   RO         2412    i.ota_app_AddService  ota_app_service.o
    0x1102708c   0x1102708c   0x00000040   Code   RO         2570    i.ota_ble_updata_app_CB  simplebleperipheral.o
    0x110270cc   0x110270cc   0x00000130   Code   RO         2571    i.peripheralStateNotificationCB  simplebleperipheral.o
    0x110271fc   0x110271fc   0x00000002   Code   RO         2572    i.peripheralStateReadRssiCB  simplebleperipheral.o
    0x110271fe   0x110271fe   0x00000002   PAD
    0x11027200   0x11027200   0x00000044   Code   RO         3147    i.ppsp_impl_ack_serv_msgs_comp  ppsp_impl.o
    0x11027244   0x11027244   0x0000005c   Code   RO         3148    i.ppsp_impl_ack_serv_msgs_pack  ppsp_impl.o
    0x110272a0   0x110272a0   0x00000060   Code   RO         3149    i.ppsp_impl_ack_serv_msgs_upda  ppsp_impl.o
    0x11027300   0x11027300   0x00000058   Code   RO         3150    i.ppsp_impl_ack_serv_msgs_verf  ppsp_impl.o
    0x11027358   0x11027358   0x00000050   Code   RO         3151    i.ppsp_impl_ack_serv_msgs_vers  ppsp_impl.o
    0x110273a8   0x110273a8   0x00000030   Code   RO         3152    i.ppsp_impl_cal_crc16_CCITT_FALSE  ppsp_impl.o
    0x110273d8   0x110273d8   0x0000007c   Code   RO         3153    i.ppsp_impl_chk_msgs_vali  ppsp_impl.o
    0x11027454   0x11027454   0x00000054   Code   RO         3160    i.ppsp_impl_new_msgs_raws  ppsp_impl.o
    0x110274a8   0x110274a8   0x00000110   Code   RO         3164    i.ppsp_impl_prc_serv_msgs_comp  ppsp_impl.o
    0x110275b8   0x110275b8   0x00000050   Code   RO         3165    i.ppsp_impl_prc_serv_msgs_pack  ppsp_impl.o
    0x11027608   0x11027608   0x00000098   Code   RO         3166    i.ppsp_impl_prc_serv_msgs_rand  ppsp_impl.o
    0x110276a0   0x110276a0   0x00000108   Code   RO         3167    i.ppsp_impl_prc_serv_msgs_upda  ppsp_impl.o
    0x110277a8   0x110277a8   0x00000040   Code   RO         3168    i.ppsp_impl_psh_prog_data  ppsp_impl.o
    0x110277e8   0x110277e8   0x0000003c   Code   RO         3170    i.ppsp_impl_reg_serv_appl  ppsp_impl.o
    0x11027824   0x11027824   0x000000c8   Code   RO         3171    i.ppsp_impl_serv_rmsg_hdlr  ppsp_impl.o
    0x110278ec   0x110278ec   0x00000048   Code   RO         3293    i.ppsp_serv_add_serv  ppsp_serv.o
    0x11027934   0x11027934   0x00000084   Code   RO         3294    i.ppsp_serv_get_attr  ppsp_serv.o
    0x110279b8   0x110279b8   0x0000003c   Code   RO         3296    i.ppsp_serv_hdlr_conn_stat  ppsp_serv.o
    0x110279f4   0x110279f4   0x00000014   Code   RO         3297    i.ppsp_serv_reg_appl  ppsp_serv.o
    0x11027a08   0x11027a08   0x0000012c   Code   RO         3298    i.ppsp_serv_set_attr  ppsp_serv.o
    0x11027b34   0x11027b34   0x000000ac   Code   RO         3299    i.ppsp_serv_set_para  ppsp_serv.o
    0x11027be0   0x11027be0   0x00000304   Code   RO         2413    i.process_cmd       ota_app_service.o
    0x11027ee4   0x11027ee4   0x000000a4   Code   RO         2783    i.random_array      random.o
    0x11027f88   0x11027f88   0x00000050   Code   RO         2681    i.read_file_from_flash  file_handle.o
    0x11027fd8   0x11027fd8   0x0000003c   Code   RO         2682    i.read_file_info_flash  file_handle.o
    0x11028014   0x11028014   0x000001fc   Code   RO         2822    i.read_oem_cmd      upgraderhp9serial.o
    0x11028210   0x11028210   0x00000224   Code   RO         2823    i.read_oem_cmd_withdelay  upgraderhp9serial.o
    0x11028434   0x11028434   0x00000028   Code   RO         4174    i.reportStatusChange  ble_host.lib(linkdb.o)
    0x1102845c   0x1102845c   0x00000078   Code   RO         2414    i.response          ota_app_service.o
    0x110284d4   0x110284d4   0x0000003e   Code   RO         2919    i.rightLoop4int     aes.o
    0x11028512   0x11028512   0x00000012   Code   RO         2684    i.round_read_from_buff  file_handle.o
    0x11028524   0x11028524   0x0000000e   Code   RO         2415    i.save_file_to_flash  ota_app_service.o
    0x11028532   0x11028532   0x00000002   PAD
    0x11028534   0x11028534   0x000000ec   Code   RO         3916    i.sendAuthEvent     ble_host.lib(gap_linkmgr.o)
    0x11028620   0x11028620   0x0000005a   Code   RO         3917    i.sendEstLinkEvent  ble_host.lib(gap_linkmgr.o)
    0x1102867a   0x1102867a   0x0000002a   Code   RO         3918    i.sendTerminateEvent  ble_host.lib(gap_linkmgr.o)
    0x110286a4   0x110286a4   0x0000005c   Code   RO         2784    i.set_random_seed   random.o
    0x11028700   0x11028700   0x0000001c   Code   RO         2573    i.simple_rset_hdlr  simplebleperipheral.o
    0x1102871c   0x1102871c   0x00000020   Code   RO         1351    i.skip_atoi         my_printf.o
    0x1102873c   0x1102873c   0x00000018   Code   RO         4343    i.smAuthReqToUint8  ble_host.lib(sm_mgr.o)
    0x11028754   0x11028754   0x0000002c   Code   RO         4394    i.smDetermineKeySize  ble_host.lib(sm_pairing.o)
    0x11028780   0x11028780   0x00000010   Code   RO         4344    i.smEncrypt         ble_host.lib(sm_mgr.o)
    0x11028790   0x11028790   0x00000008   Code   RO         4345    i.smEncryptLocal    ble_host.lib(sm_mgr.o)
    0x11028798   0x11028798   0x00000034   Code   RO         4395    i.smEndPairing      ble_host.lib(sm_pairing.o)
    0x110287cc   0x110287cc   0x0000005c   Code   RO         4396    i.smFreePairingParams  ble_host.lib(sm_pairing.o)
    0x11028828   0x11028828   0x0000002c   Code   RO         4397    i.smGenerateConfirm  ble_host.lib(sm_pairing.o)
    0x11028854   0x11028854   0x00000040   Code   RO         4398    i.smGeneratePairingReqRsp  ble_host.lib(sm_pairing.o)
    0x11028894   0x11028894   0x00000026   Code   RO         4346    i.smGenerateRandBuf  ble_host.lib(sm_mgr.o)
    0x110288ba   0x110288ba   0x00000002   PAD
    0x110288bc   0x110288bc   0x0000002c   Code   RO         4399    i.smGenerateRandMsg  ble_host.lib(sm_pairing.o)
    0x110288e8   0x110288e8   0x00000020   Code   RO         4400    i.smLinkCheck       ble_host.lib(sm_pairing.o)
    0x11028908   0x11028908   0x00000040   Code   RO         4401    i.smNextPairingState  ble_host.lib(sm_pairing.o)
    0x11028948   0x11028948   0x00000014   Code   RO         4402    i.smPairingSendEncInfo  ble_host.lib(sm_pairing.o)
    0x1102895c   0x1102895c   0x00000028   Code   RO         4403    i.smPairingSendIdentityAddrInfo  ble_host.lib(sm_pairing.o)
    0x11028984   0x11028984   0x00000014   Code   RO         4404    i.smPairingSendIdentityInfo  ble_host.lib(sm_pairing.o)
    0x11028998   0x11028998   0x0000002c   Code   RO         4405    i.smPairingSendMasterID  ble_host.lib(sm_pairing.o)
    0x110289c4   0x110289c4   0x00000014   Code   RO         4406    i.smPairingSendSingingInfo  ble_host.lib(sm_pairing.o)
    0x110289d8   0x110289d8   0x0000009c   Code   RO         4407    i.smProcessDataMsg  ble_host.lib(sm_pairing.o)
    0x11028a74   0x11028a74   0x000000b4   Code   RO         4408    i.smProcessEncryptChange  ble_host.lib(sm_pairing.o)
    0x11028b28   0x11028b28   0x00000094   Code   RO         4224    i.smProcessOSALMsg  ble_host.lib(sm_task.o)
    0x11028bbc   0x11028bbc   0x0000007c   Code   RO         4348    i.smProcessRandComplete  ble_host.lib(sm_mgr.o)
    0x11028c38   0x11028c38   0x0000000c   Code   RO         4411    i.smRegisterResponder  ble_host.lib(sm_pairing.o)
    0x11028c44   0x11028c44   0x000000e4   Code   RO         4193    i.smResponderProcessLTKReq  ble_host.lib(sm_rsppairing.o)
    0x11028d28   0x11028d28   0x000001b8   Code   RO         4194    i.smResponderSendNextKeyInfo  ble_host.lib(sm_rsppairing.o)
    0x11028ee0   0x11028ee0   0x0000016c   Code   RO         4412    i.smSavePairInfo    ble_host.lib(sm_pairing.o)
    0x1102904c   0x1102904c   0x00000024   Code   RO         4413    i.smSendFailAndEnd  ble_host.lib(sm_pairing.o)
    0x11029070   0x11029070   0x00000046   Code   RO         4452    i.smSendSMMsg       ble_host.lib(smp.o)
    0x110290b6   0x110290b6   0x00000002   PAD
    0x110290b8   0x110290b8   0x00000040   Code   RO         4414    i.smSetPairingReqRsp  ble_host.lib(sm_pairing.o)
    0x110290f8   0x110290f8   0x0000004c   Code   RO         4349    i.smStartRspTimer   ble_host.lib(sm_mgr.o)
    0x11029144   0x11029144   0x0000000a   Code   RO         4225    i.smState_timerCB   ble_host.lib(sm_task.o)
    0x1102914e   0x1102914e   0x00000002   PAD
    0x11029150   0x11029150   0x00000020   Code   RO         4350    i.smStopRspTimer    ble_host.lib(sm_mgr.o)
    0x11029170   0x11029170   0x0000000a   Code   RO         4416    i.smTimedOut        ble_host.lib(sm_pairing.o)
    0x1102917a   0x1102917a   0x0000000a   Code   RO         4226    i.smTo_timerCB      ble_host.lib(sm_task.o)
    0x11029184   0x11029184   0x0000002c   Code   RO         4351    i.smUint8ToAuthReq  ble_host.lib(sm_mgr.o)
    0x110291b0   0x110291b0   0x00000154   Code   RO         4352    i.sm_CMAC           ble_host.lib(sm_mgr.o)
    0x11029304   0x11029304   0x00000044   Code   RO         4353    i.sm_ah             ble_host.lib(sm_mgr.o)
    0x11029348   0x11029348   0x00000098   Code   RO         4417    i.sm_c1             ble_host.lib(sm_pairing.o)
    0x110293e0   0x110293e0   0x000000c2   Code   RO         4354    i.sm_c1new          ble_host.lib(sm_mgr.o)
    0x110294a2   0x110294a2   0x00000040   Code   RO         4357    i.sm_s1             ble_host.lib(sm_mgr.o)
    0x110294e2   0x110294e2   0x0000001a   Code   RO         4358    i.sm_xor            ble_host.lib(sm_mgr.o)
    0x110294fc   0x110294fc   0x00000022   Code   RO         4453    i.smpBuildEncInfo   ble_host.lib(smp.o)
    0x1102951e   0x1102951e   0x00000026   Code   RO         4454    i.smpBuildIdentityAddrInfo  ble_host.lib(smp.o)
    0x11029544   0x11029544   0x00000022   Code   RO         4455    i.smpBuildIdentityInfo  ble_host.lib(smp.o)
    0x11029566   0x11029566   0x0000002e   Code   RO         4456    i.smpBuildMasterID  ble_host.lib(smp.o)
    0x11029594   0x11029594   0x00000022   Code   RO         4457    i.smpBuildPairingConfirm  ble_host.lib(smp.o)
    0x110295b6   0x110295b6   0x00000018   Code   RO         4458    i.smpBuildPairingFailed  ble_host.lib(smp.o)
    0x110295ce   0x110295ce   0x00000022   Code   RO         4459    i.smpBuildPairingRandom  ble_host.lib(smp.o)
    0x110295f0   0x110295f0   0x0000000e   Code   RO         4460    i.smpBuildPairingReq  ble_host.lib(smp.o)
    0x110295fe   0x110295fe   0x00000084   Code   RO         4461    i.smpBuildPairingReqRsp  ble_host.lib(smp.o)
    0x11029682   0x11029682   0x0000000e   Code   RO         4462    i.smpBuildPairingRsp  ble_host.lib(smp.o)
    0x11029690   0x11029690   0x00000022   Code   RO         4464    i.smpBuildSigningInfo  ble_host.lib(smp.o)
    0x110296b2   0x110296b2   0x0000001e   Code   RO         4465    i.smpParseEncInfo   ble_host.lib(smp.o)
    0x110296d0   0x110296d0   0x00000022   Code   RO         4466    i.smpParseIdentityAddrInfo  ble_host.lib(smp.o)
    0x110296f2   0x110296f2   0x0000001e   Code   RO         4467    i.smpParseIdentityInfo  ble_host.lib(smp.o)
    0x11029710   0x11029710   0x00000028   Code   RO         4468    i.smpParseMasterID  ble_host.lib(smp.o)
    0x11029738   0x11029738   0x0000001e   Code   RO         4469    i.smpParsePairingConfirm  ble_host.lib(smp.o)
    0x11029756   0x11029756   0x00000020   Code   RO         4470    i.smpParsePairingFailed  ble_host.lib(smp.o)
    0x11029776   0x11029776   0x0000001e   Code   RO         4471    i.smpParsePairingRandom  ble_host.lib(smp.o)
    0x11029794   0x11029794   0x000000d4   Code   RO         4472    i.smpParsePairingReq  ble_host.lib(smp.o)
    0x11029868   0x11029868   0x0000001c   Code   RO         4473    i.smpParseSecurityReq  ble_host.lib(smp.o)
    0x11029884   0x11029884   0x0000001e   Code   RO         4474    i.smpParseSigningInfo  ble_host.lib(smp.o)
    0x110298a2   0x110298a2   0x00000002   PAD
    0x110298a4   0x110298a4   0x00000050   Code   RO         4418    i.smpProcessIncoming  ble_host.lib(sm_pairing.o)
    0x110298f4   0x110298f4   0x00000050   Code   RO         4195    i.smpResponderProcessEncryptionInformation  ble_host.lib(sm_rsppairing.o)
    0x11029944   0x11029944   0x00000048   Code   RO         4196    i.smpResponderProcessIdentityAddrInfo  ble_host.lib(sm_rsppairing.o)
    0x1102998c   0x1102998c   0x00000044   Code   RO         4197    i.smpResponderProcessIdentityInfo  ble_host.lib(sm_rsppairing.o)
    0x110299d0   0x110299d0   0x000000b4   Code   RO         4198    i.smpResponderProcessIncoming  ble_host.lib(sm_rsppairing.o)
    0x11029a84   0x11029a84   0x00000064   Code   RO         4199    i.smpResponderProcessMasterID  ble_host.lib(sm_rsppairing.o)
    0x11029ae8   0x11029ae8   0x0000004c   Code   RO         4200    i.smpResponderProcessPairingConfirm  ble_host.lib(sm_rsppairing.o)
    0x11029b34   0x11029b34   0x00000058   Code   RO         4201    i.smpResponderProcessPairingRandom  ble_host.lib(sm_rsppairing.o)
    0x11029b8c   0x11029b8c   0x000000b8   Code   RO         4202    i.smpResponderProcessPairingReq  ble_host.lib(sm_rsppairing.o)
    0x11029c44   0x11029c44   0x00000054   Code   RO         4203    i.smpResponderProcessSigningInfo  ble_host.lib(sm_rsppairing.o)
    0x11029c98   0x11029c98   0x00000016   Code   RO         2921    i.splitIntToArray   aes.o
    0x11029cae   0x11029cae   0x00000002   PAD
    0x11029cb0   0x11029cb0   0x000000c4   Code   RO         2686    i.test_printf_file_data  file_handle.o
    0x11029d74   0x11029d74   0x0000017c   Code   RO         2687    i.updata_file_info  file_handle.o
    0x11029ef0   0x11029ef0   0x00000030   Code   RO         2824    i.updata_print_hex  upgraderhp9serial.o
    0x11029f20   0x11029f20   0x00000090   Code   RO         2825    i.update_backdoor   upgraderhp9serial.o
    0x11029fb0   0x11029fb0   0x00000080   Code   RO         2826    i.update_sndata     upgraderhp9serial.o
    0x1102a030   0x1102a030   0x00000198   Code   RO         2827    i.upgrader_hp9_serial  upgraderhp9serial.o
    0x1102a1c8   0x1102a1c8   0x00000020   Code   RO         2688    i.write_file_to_flash  file_handle.o
    0x1102a1e8   0x1102a1e8   0x00000016   Code   RO         4359    i.xor_128           ble_host.lib(sm_mgr.o)
    0x1102a1fe   0x1102a1fe   0x0000008a   Data   RO          513    .constdata          gpio.o
    0x1102a288   0x1102a288   0x00000010   Data   RO         1352    .constdata          my_printf.o
    0x1102a298   0x1102a298   0x00000008   Data   RO         2018    .constdata          gapgattserver.o
    0x1102a2a0   0x1102a2a0   0x0000000c   Data   RO         2019    .constdata          gapgattserver.o
    0x1102a2ac   0x1102a2ac   0x00000008   Data   RO         2214    .constdata          gattservapp.o
    0x1102a2b4   0x1102a2b4   0x0000000c   Data   RO         2215    .constdata          gattservapp.o
    0x1102a2c0   0x1102a2c0   0x00000010   Data   RO         2417    .constdata          ota_app_service.o
    0x1102a2d0   0x1102a2d0   0x00000010   Data   RO         2418    .constdata          ota_app_service.o
    0x1102a2e0   0x1102a2e0   0x00000010   Data   RO         2419    .constdata          ota_app_service.o
    0x1102a2f0   0x1102a2f0   0x00000010   Data   RO         2420    .constdata          ota_app_service.o
    0x1102a300   0x1102a300   0x00000008   Data   RO         2421    .constdata          ota_app_service.o
    0x1102a308   0x1102a308   0x00000014   Data   RO         2422    .constdata          ota_app_service.o
    0x1102a31c   0x1102a31c   0x00000220   Data   RO         2505    .constdata          crc16.o
    0x1102a53c   0x1102a53c   0x000008a8   Data   RO         2924    .constdata          aes.o
    0x1102ade4   0x1102ade4   0x00000015   Data   RO         3173    .constdata          ppsp_impl.o
    0x1102adf9   0x1102adf9   0x00000002   Data   RO         3301    .constdata          ppsp_serv.o
    0x1102adfb   0x1102adfb   0x00000002   Data   RO         3302    .constdata          ppsp_serv.o
    0x1102adfd   0x1102adfd   0x00000002   Data   RO         3303    .constdata          ppsp_serv.o
    0x1102adff   0x1102adff   0x00000002   Data   RO         3304    .constdata          ppsp_serv.o
    0x1102ae01   0x1102ae01   0x00000002   Data   RO         3305    .constdata          ppsp_serv.o
    0x1102ae03   0x1102ae03   0x00000002   Data   RO         3306    .constdata          ppsp_serv.o
    0x1102ae05   0x1102ae05   0x00000003   PAD
    0x1102ae08   0x1102ae08   0x00000008   Data   RO         3307    .constdata          ppsp_serv.o
    0x1102ae10   0x1102ae10   0x0000000c   Data   RO         3308    .constdata          ppsp_serv.o
    0x1102ae1c   0x1102ae1c   0x00000010   Data   RO         3720    .constdata          ble_host.lib(att_util.o)
    0x1102ae2c   0x1102ae2c   0x00000060   Data   RO         4054    .constdata          ble_host.lib(gatt_server.o)
    0x1102ae8c   0x1102ae8c   0x0000002a   Data   RO         4116    .constdata          ble_host.lib(gatt_uuid.o)
    0x1102aeb6   0x1102aeb6   0x00000010   Data   RO         4361    .constdata          ble_host.lib(sm_mgr.o)
    0x1102aec6   0x1102aec6   0x00000019   Data   RO         4419    .constdata          ble_host.lib(sm_pairing.o)
    0x1102aedf   0x1102aedf   0x00000001   PAD
    0x1102aee0   0x1102aee0   0x0000004d   Data   RO         1353    .conststring        my_printf.o
    0x1102af2d   0x1102af2d   0x00000003   PAD
    0x1102af30   0x1102af30   0x00000056   Data   RO         2099    .conststring        peripheral.o
    0x1102af86   0x1102af86   0x00000002   PAD
    0x1102af88   0x1102af88   0x0000000c   Data   RO         2829    .conststring        upgraderhp9serial.o


==============================================================================

Image component sizes


      Code (inc. data)   RO Data    RW Data    ZI Data      Debug   Object Name

      1230         34       2216          0        176      14152   aes.o
       832        260         96          0         16       8230   app_datetime.o
         0          0          0          0          0      12872   central.o
       438         32          0          0          0       3249   clock.o
        44          8        544          0          0       4415   crc16.o
      1654        512          0         20         23       9892   file_handle.o
      1128        102          0         28          0      20211   flash.o
       140         80          0          0          0       1209   gap.o
         0          0          0          0          0      12046   gapbondmgr.o
       678         44         20        131         18       5504   gapgattserver.o
      3558        196         20         97        744      27704   gattservapp.o
      1396        152        138          0        300      21539   gpio.o
       536        332       1024       1028          0       4906   jump_table.o
       284         30          0         14         42       5660   led_light.o
       660        228        138          1       8444      83339   main.o
      1070         22         93          8          0       6923   my_printf.o
       702         32          0          0          0       7576   myi2c.o
       104          4         41          4          0       1872   osal_simplebleperipheral.o
      1494        368         92        150        154      12355   ota_app_service.o
      2324        398         86         97         63      13152   peripheral.o
      1772        308         21         40        256      19512   ppsp_impl.o
       756         80         32        241       1275       7035   ppsp_serv.o
       584         60          0         10         68      11985   pwm.o
       704         96          0         38        120       8536   pwrmgr.o
       256         34          0          1          0       2833   random.o
      1782        390          0        152         15      12434   simplebleperipheral.o
        20          0          0          0          0        455   simplebleperipheral_main.o
        20         10          8          0      10240        388   startup_armcm0.o
        16          8          0          4          0       3727   system_armcm0.o
        72         16          0          4          0       1861   timer.o
      1340        130         12          0         64      20122   uart.o
      2716        684         12         64       3996      10552   upgraderhp9serial.o
       220         32          0          1          0       1954   watchdog.o

    ----------------------------------------------------------------------
     31094       5526       4683       2160      26024     378200   Object Totals
      2532        844         80          0          0          0   (incl. Generated)
        32          0         10         27         10          0   (incl. Padding)

    ----------------------------------------------------------------------

      Code (inc. data)   RO Data    RW Data    ZI Data      Debug   Library Member Name

       356         70          0          0          0        956   att_server.o
      1250         36         16         12          0       1940   att_util.o
       806        110          0         90         28       1184   gap_configmgr.o
       106          4          0          8          0        200   gap_devmgr.o
      1598         54          0         16          0       1136   gap_linkmgr.o
      1360        168          0         28          0       1012   gap_peridevmgr.o
       692         74          0         12          0        472   gap_task.o
      1900        112         96         16          0       1916   gatt_server.o
       408         22          0         12          0        568   gatt_task.o
         0          0         42          0          0          0   gatt_uuid.o
       168         18          0          1          0        336   l2cap_if.o
       544         22          0          1         46        384   l2cap_task.o
      2052         74          0          4        160       1788   l2cap_util.o
       522         50          0          0         60        688   linkdb.o
      1684         30         16          4         15       1404   sm_mgr.o
      1634        138         25         12          0       1584   sm_pairing.o
      1632         88          0         12         15        908   sm_rsppairing.o
       276         32          0          1          0        348   sm_task.o
      1004          6          0          0          0       1496   smp.o
        86          0          0          0          0          0   __dczerorl2.o
        26          0          0          0          0         72   atoi.o
         0          0          0          0          0          0   entry.o
         0          0          0          0          0          0   entry10a.o
         0          0          0          0          0          0   entry11a.o
         4          0          0          0          0          0   entry12b.o
         8          4          0          0          0          0   entry2.o
         4          0          0          0          0          0   entry5.o
         0          0          0          0          0          0   entry7b.o
         0          0          0          0          0          0   entry8b.o
         8          4          0          0          0          0   entry9a.o
         8          4          0          4          0         60   errno.o
        30          0          0          0          0          0   handlers.o
        36          8          0          0          0         68   init.o
       116         12         12          0          0         72   localtime_i.o
        16          6          0          0         44         68   localtime_w.o
       140         16         12          0          0         72   mktime.o
       898          8          0          0          0        384   printf6.o
        36         12          0          4          0        120   rand.o
        18          0          0          0          0         60   strcpy.o
        26          0          0          0          0         68   strncpy.o
       112          4          0          0          0         76   strtol.o
        18          0          0          0          0         60   uwrite4.o
      6394        862          0         36         32       2820   patch.o
       224         36         17          5         16        276   phy_sec_ext.o
      5444        914          0          8         32       1492   rf_phy_driver.o

    ----------------------------------------------------------------------
     31692       2998        243        296        452      24088   Library Totals
        48          0          7         10          4          0   (incl. Padding)

    ----------------------------------------------------------------------

      Code (inc. data)   RO Data    RW Data    ZI Data      Debug   Library Name

     17992       1108        195        229        324      18320   ble_host.lib
      1590         78         24          8         44       1180   mc_p.l
     12062       1812         17         49         80       4588   rf.lib

    ----------------------------------------------------------------------
     31692       2998        243        296        452      24088   Library Totals

    ----------------------------------------------------------------------

==============================================================================


      Code (inc. data)   RO Data    RW Data    ZI Data      Debug   

     62786       8524       4926       2456      26476     377380   Grand Totals
     62786       8524       4926        504      26476     377380   ELF Image Totals (compressed)
     62786       8524       4926        504          0          0   ROM Totals

==============================================================================

    Total RO  Size (Code + RO Data)                67712 (  66.13kB)
    Total RW  Size (RW Data + ZI Data)             28932 (  28.25kB)
    Total ROM Size (Code + RO Data + RW Data)      68216 (  66.62kB)

==============================================================================

