<!doctype html public "-//w3c//dtd html 4.0 transitional//en">
<html><head>
<title>Static Call Graph - [.\Objects\simpleBlePeripheral.axf]</title></head>
<body><HR>
<H1>Static Call Graph for image .\Objects\simpleBlePeripheral.axf</H1><HR>
<BR><P>#&#060CALLGRAPH&#062# ARM Linker, 5060960: Last Updated: Thu Sep 10 11:39:29 2026
<BR><P>
<H3>Maximum Stack Usage =       4528 bytes + Unknown(Untraceable Function Pointers)</H3><H3>
Call chain for Maximum Stack Depth:</H3>
SimpleBLEPeripheral_ProcessEvent &rArr; handle_aes_file &rArr; deAes &rArr; deMixColumns &rArr; GFMul &rArr; GFMul12 &rArr; GFMul8 &rArr; GFMul4
<P>
<H3>
Function Pointers
</H3><UL>
 <LI><a href="#[42]">ATT_BuildErrorRsp</a> from att_util.o(i.ATT_BuildErrorRsp) referenced from att_server.o(i.ATT_ErrorRsp)
 <LI><a href="#[43]">ATT_BuildExchangeMTURsp</a> from att_util.o(i.ATT_BuildExchangeMTURsp) referenced from att_server.o(i.ATT_ExchangeMTURsp)
 <LI><a href="#[44]">ATT_BuildFindByTypeValueRsp</a> from att_util.o(i.ATT_BuildFindByTypeValueRsp) referenced from att_server.o(i.ATT_FindByTypeValueRsp)
 <LI><a href="#[45]">ATT_BuildFindInfoRsp</a> from att_util.o(i.ATT_BuildFindInfoRsp) referenced from att_server.o(i.ATT_FindInfoRsp)
 <LI><a href="#[46]">ATT_BuildHandleValueInd</a> from att_util.o(i.ATT_BuildHandleValueInd) referenced from att_server.o(i.ATT_HandleValueInd)
 <LI><a href="#[46]">ATT_BuildHandleValueInd</a> from att_util.o(i.ATT_BuildHandleValueInd) referenced from att_server.o(i.ATT_HandleValueNoti)
 <LI><a href="#[47]">ATT_BuildPrepareWriteRsp</a> from att_util.o(i.ATT_BuildPrepareWriteRsp) referenced from att_server.o(i.ATT_PrepareWriteRsp)
 <LI><a href="#[48]">ATT_BuildReadBlobRsp</a> from att_util.o(i.ATT_BuildReadBlobRsp) referenced from att_server.o(i.ATT_ReadBlobRsp)
 <LI><a href="#[49]">ATT_BuildReadByGrpTypeRsp</a> from att_util.o(i.ATT_BuildReadByGrpTypeRsp) referenced from att_server.o(i.ATT_ReadByGrpTypeRsp)
 <LI><a href="#[4a]">ATT_BuildReadByTypeRsp</a> from att_util.o(i.ATT_BuildReadByTypeRsp) referenced from att_server.o(i.ATT_ReadByTypeRsp)
 <LI><a href="#[4b]">ATT_BuildReadMultiRsp</a> from att_util.o(i.ATT_BuildReadMultiRsp) referenced from att_server.o(i.ATT_ReadMultiRsp)
 <LI><a href="#[4c]">ATT_BuildReadRsp</a> from att_util.o(i.ATT_BuildReadRsp) referenced from att_server.o(i.ATT_ReadRsp)
 <LI><a href="#[6e]">ATT_ParseExchangeMTUReq</a> from att_util.o(i.ATT_ParseExchangeMTUReq) referenced from gatt_server.o(.constdata)
 <LI><a href="#[7f]">ATT_ParseExecuteWriteReq</a> from att_util.o(i.ATT_ParseExecuteWriteReq) referenced from gatt_server.o(.constdata)
 <LI><a href="#[72]">ATT_ParseFindByTypeValueReq</a> from att_util.o(i.ATT_ParseFindByTypeValueReq) referenced from gatt_server.o(.constdata)
 <LI><a href="#[70]">ATT_ParseFindInfoReq</a> from att_util.o(i.ATT_ParseFindInfoReq) referenced from gatt_server.o(.constdata)
 <LI><a href="#[7e]">ATT_ParsePrepareWriteReq</a> from att_util.o(i.ATT_ParsePrepareWriteReq) referenced from gatt_server.o(.constdata)
 <LI><a href="#[78]">ATT_ParseReadBlobReq</a> from att_util.o(i.ATT_ParseReadBlobReq) referenced from gatt_server.o(.constdata)
 <LI><a href="#[74]">ATT_ParseReadByTypeReq</a> from att_util.o(i.ATT_ParseReadByTypeReq) referenced 2 times from gatt_server.o(.constdata)
 <LI><a href="#[79]">ATT_ParseReadMultiReq</a> from att_util.o(i.ATT_ParseReadMultiReq) referenced from gatt_server.o(.constdata)
 <LI><a href="#[76]">ATT_ParseReadReq</a> from att_util.o(i.ATT_ParseReadReq) referenced from gatt_server.o(.constdata)
 <LI><a href="#[7c]">ATT_ParseWriteReq</a> from att_util.o(i.ATT_ParseWriteReq) referenced from gatt_server.o(.constdata)
 <LI><a href="#[1b]">DTM_UART_IRQHandler</a> from rf_phy_driver.o(i.DTM_UART_IRQHandler) referenced from rf_phy_driver.o(i.rf_phy_direct_test)
 <LI><a href="#[26]">GAPRole_ProcessEvent</a> from peripheral.o(i.GAPRole_ProcessEvent) referenced from osal_simplebleperipheral.o(.constdata)
 <LI><a href="#[24]">GAP_ProcessEvent</a> from gap_task.o(i.GAP_ProcessEvent) referenced from osal_simplebleperipheral.o(.constdata)
 <LI><a href="#[27]">GATTServApp_ProcessEvent</a> from gattservapp.o(i.GATTServApp_ProcessEvent) referenced from osal_simplebleperipheral.o(.constdata)
 <LI><a href="#[25]">GATT_ProcessEvent</a> from gatt_task.o(i.GATT_ProcessEvent) referenced from osal_simplebleperipheral.o(.constdata)
 <LI><a href="#[20]">HCI_ProcessEvent</a> from bb_rom_sym_m0.txt(ABSOLUTE) referenced from osal_simplebleperipheral.o(.constdata)
 <LI><a href="#[51]">L2CAP_BuildCmdReject</a> from l2cap_util.o(i.L2CAP_BuildCmdReject) referenced from l2cap_if.o(i.L2CAP_CmdReject)
 <LI><a href="#[22]">L2CAP_ProcessEvent</a> from l2cap_task.o(i.L2CAP_ProcessEvent) referenced from osal_simplebleperipheral.o(.constdata)
 <LI><a href="#[35]">LL_ENC_AES128_Encrypt1</a> from patch.o(i.LL_ENC_AES128_Encrypt1) referenced from patch.o(_section_xip_code_)
 <LI><a href="#[37]">LL_ENC_Decrypt1</a> from patch.o(i.LL_ENC_Decrypt1) referenced from patch.o(_section_xip_code_)
 <LI><a href="#[36]">LL_ENC_Encrypt1</a> from patch.o(i.LL_ENC_Encrypt1) referenced from patch.o(_section_xip_code_)
 <LI><a href="#[32]">LL_IRQHandler1</a> from patch.o(i.LL_IRQHandler1) referenced from patch.o(_section_xip_code_)
 <LI><a href="#[1f]">LL_ProcessEvent</a> from bb_rom_sym_m0.txt(ABSOLUTE) referenced from osal_simplebleperipheral.o(.constdata)
 <LI><a href="#[17]">LL_SetAdvControl1</a> from patch.o(i.LL_SetAdvControl1) referenced from patch.o(i.ll_patch_slave)
 <LI><a href="#[14]">LL_SetAdvParam1</a> from patch.o(i.LL_SetAdvParam1) referenced from patch.o(i.ll_patch_slave)
 <LI><a href="#[3c]">LL_SetDataLengh1</a> from patch.o(i.LL_SetDataLengh1) referenced from patch.o(_section_xip_code_)
 <LI><a href="#[41]">LL_set_default_conn_params1</a> from patch.o(i.LL_set_default_conn_params1) referenced from patch.o(_section_xip_code_)
 <LI><a href="#[29]">OTATEST_Event</a> from otaevents.o(i.OTATEST_Event) referenced from osal_simplebleperipheral.o(.constdata)
 <LI><a href="#[9]">Reset_Handler</a> from startup_armcm0.o(.text) referenced from startup_armcm0.o(RESET)
 <LI><a href="#[23]">SM_ProcessEvent</a> from sm_task.o(i.SM_ProcessEvent) referenced from osal_simplebleperipheral.o(.constdata)
 <LI><a href="#[28]">SimpleBLEPeripheral_ProcessEvent</a> from simplebleperipheral.o(i.SimpleBLEPeripheral_ProcessEvent) referenced from osal_simplebleperipheral.o(.constdata)
 <LI><a href="#[c]">SystemInit</a> from system_armcm0.o(i.SystemInit) referenced from startup_armcm0.o(.text)
 <LI><a href="#[d]">__main</a> from entry.o(.ARM.Collect$$$$00000000) referenced from startup_armcm0.o(.text)
 <LI><a href="#[b]">_hard_fault</a> from jump_table.o(i._hard_fault) referenced from jump_table.o(.emb_text)
 <LI><a href="#[f]">_sputc</a> from printf6.o(i._sputc) referenced from printf6.o(i.__0sprintf$6)
 <LI><a href="#[55]">_uart_putc</a> from my_printf.o(i._uart_putc) referenced from my_printf.o(i.dbg_printf)
 <LI><a href="#[38]">config_RTC1</a> from patch.o(i.config_RTC1) referenced from patch.o(_section_xip_code_)
 <LI><a href="#[3]">gapPeriProcessHCICmdCompleteEvt</a> from gap_peridevmgr.o(i.gapPeriProcessHCICmdCompleteEvt) referenced 2 times from gap_peridevmgr.o(.data)
 <LI><a href="#[4]">gapProcessAdvertisingEvt</a> from gap_peridevmgr.o(i.gapProcessAdvertisingEvt) referenced 2 times from gap_peridevmgr.o(.data)
 <LI><a href="#[5]">gapSetAdvParams</a> from gap_peridevmgr.o(i.gapSetAdvParams) referenced 2 times from gap_peridevmgr.o(.data)
 <LI><a href="#[6f]">gattProcessExchangeMTUReq</a> from gatt_server.o(i.gattProcessExchangeMTUReq) referenced from gatt_server.o(.constdata)
 <LI><a href="#[80]">gattProcessExecuteWriteReq</a> from gatt_server.o(i.gattProcessExecuteWriteReq) referenced from gatt_server.o(.constdata)
 <LI><a href="#[73]">gattProcessFindByTypeValueReq</a> from gatt_server.o(i.gattProcessFindByTypeValueReq) referenced from gatt_server.o(.constdata)
 <LI><a href="#[71]">gattProcessFindInfoReq</a> from gatt_server.o(i.gattProcessFindInfoReq) referenced from gatt_server.o(.constdata)
 <LI><a href="#[7b]">gattProcessReadByGrpTypeReq</a> from gatt_server.o(i.gattProcessReadByGrpTypeReq) referenced from gatt_server.o(.constdata)
 <LI><a href="#[75]">gattProcessReadByTypeReq</a> from gatt_server.o(i.gattProcessReadByTypeReq) referenced from gatt_server.o(.constdata)
 <LI><a href="#[7a]">gattProcessReadMultiReq</a> from gatt_server.o(i.gattProcessReadMultiReq) referenced from gatt_server.o(.constdata)
 <LI><a href="#[77]">gattProcessReadReq</a> from gatt_server.o(i.gattProcessReadReq) referenced 2 times from gatt_server.o(.constdata)
 <LI><a href="#[7d]">gattProcessWriteReq</a> from gatt_server.o(i.gattProcessWriteReq) referenced 2 times from gatt_server.o(.constdata)
 <LI><a href="#[4d]">gattServApp_HandleConnStatusCB</a> from gattservapp.o(i.gattServApp_HandleConnStatusCB) referenced from gattservapp.o(i.GATTServApp_Init)
 <LI><a href="#[69]">gattServApp_WriteAttrCB</a> from gattservapp.o(i.gattServApp_WriteAttrCB) referenced from gattservapp.o(.constdata)
 <LI><a href="#[50]">gattServerHandleConnStatusCB</a> from gatt_server.o(i.gattServerHandleConnStatusCB) referenced from gatt_server.o(i.GATT_InitServer)
 <LI><a href="#[4e]">gattServerHandleTimerCB</a> from gatt_server.o(i.gattServerHandleTimerCB) referenced from gatt_server.o(i.GATT_Indication)
 <LI><a href="#[4f]">gattServerProcessMsgCB</a> from gatt_server.o(i.gattServerProcessMsgCB) referenced from gatt_server.o(i.GATT_InitServer)
 <LI><a href="#[67]">ggs_ReadAttrCB</a> from gapgattserver.o(i.ggs_ReadAttrCB) referenced from gapgattserver.o(.constdata)
 <LI><a href="#[68]">ggs_WriteAttrCB</a> from gapgattserver.o(i.ggs_WriteAttrCB) referenced from gapgattserver.o(.constdata)
 <LI><a href="#[1d]">hal_UART0_IRQHandler</a> from uart.o(_section_sram_code_) referenced from uart.o(i.uart_hw_init)
 <LI><a href="#[1d]">hal_UART0_IRQHandler</a> from uart.o(_section_sram_code_) referenced from jump_table.o(jump_table_mem_area)
 <LI><a href="#[1c]">hal_UART1_IRQHandler</a> from uart.o(_section_sram_code_) referenced from uart.o(i.uart_hw_init)
 <LI><a href="#[57]">hal_gpio_sleep_handler</a> from gpio.o(i.hal_gpio_sleep_handler) referenced from gpio.o(i.hal_gpio_init)
 <LI><a href="#[56]">hal_gpio_wakeup_handler</a> from gpio.o(i.hal_gpio_wakeup_handler) referenced from gpio.o(i.hal_gpio_init)
 <LI><a href="#[2d]">hal_pwrmgr_sleep_process</a> from pwrmgr.o(i.hal_pwrmgr_sleep_process) referenced from jump_table.o(jump_table_mem_area)
 <LI><a href="#[2e]">hal_pwrmgr_wakeup_process</a> from pwrmgr.o(i.hal_pwrmgr_wakeup_process) referenced from jump_table.o(jump_table_mem_area)
 <LI><a href="#[1e]">hal_watchdog_init</a> from watchdog.o(_section_sram_code_) referenced from watchdog.o(i.watchdog_config)
 <LI><a href="#[59]">handleConnStatusCB</a> from ota_app_service.o(i.handleConnStatusCB) referenced from ota_app_service.o(i.ota_app_AddService)
 <LI><a href="#[5a]">handleConnStatusCB</a> from ota_app_service1.o(i.handleConnStatusCB) referenced from ota_app_service1.o(i.ota_app_AddService1)
 <LI><a href="#[30]">hard_fault</a> from jump_table.o(.emb_text) referenced from jump_table.o(jump_table_mem_area)
 <LI><a href="#[11]">hw_spif_cache_config</a> from flash.o(i.hw_spif_cache_config) referenced from flash.o(i.hal_spif_cache_init)
 <LI><a href="#[52]">l2capBuildParamUpdateReq</a> from l2cap_util.o(i.l2capBuildParamUpdateReq) referenced from l2cap_if.o(i.L2CAP_ConnParamUpdateReq)
 <LI><a href="#[58]">l2capHandleTimerCB</a> from l2cap_util.o(i.l2capHandleTimerCB) referenced from l2cap_util.o(i.l2capSendReq)
 <LI><a href="#[3b]">l2capPocessFragmentTxData</a> from l2cap_util.o(_section_sram_code_) referenced from patch.o(_section_xip_code_)
 <LI><a href="#[15]">llCalcMaxScanTime1</a> from patch.o(i.llCalcMaxScanTime1) referenced from patch.o(i.ll_patch_slave)
 <LI><a href="#[40]">llConnTerminate1</a> from patch.o(i.llConnTerminate1) referenced from patch.o(_section_xip_code_)
 <LI><a href="#[3d]">llProcessTxData1</a> from patch.o(i.llProcessTxData1) referenced from patch.o(_section_xip_code_)
 <LI><a href="#[16]">llSecAdvAllow1</a> from patch.o(i.llSecAdvAllow1) referenced from patch.o(i.ll_patch_slave)
 <LI><a href="#[1a]">llSetupNextSlaveEvent1</a> from patch.o(i.llSetupNextSlaveEvent1) referenced from patch.o(i.ll_patch_slave)
 <LI><a href="#[18]">llSetupSecAdvEvt1</a> from patch.o(i.llSetupSecAdvEvt1) referenced from patch.o(i.ll_patch_slave)
 <LI><a href="#[3f]">ll_adptive_adj_next_time1</a> from patch.o(i.ll_adptive_adj_next_time1) referenced from patch.o(_section_xip_code_)
 <LI><a href="#[3e]">ll_generateTxBuffer1</a> from patch.o(i.ll_generateTxBuffer1) referenced from patch.o(_section_xip_code_)
 <LI><a href="#[31]">ll_hw_go1</a> from patch.o(i.ll_hw_go1) referenced from patch.o(_section_xip_code_)
 <LI><a href="#[19]">ll_scheduler2</a> from patch.o(i.ll_scheduler2) referenced from patch.o(i.ll_patch_slave)
 <LI><a href="#[a]">main</a> from main.o(i.main) referenced from entry9a.o(.ARM.Collect$$$$0000000B)
 <LI><a href="#[2c]">osalInitTasks</a> from osal_simplebleperipheral.o(i.osalInitTasks) referenced from jump_table.o(jump_table_mem_area)
 <LI><a href="#[21]">osal_CbTimerProcessEvent</a> from bb_rom_sym_m0.txt(ABSOLUTE) referenced from osal_simplebleperipheral.o(.constdata)
 <LI><a href="#[10]">osal_idle_task</a> from pwrmgr.o(_section_sram_code_) referenced from pwrmgr.o(i.hal_pwrmgr_init)
 <LI><a href="#[6a]">ota_ReadAttrCB</a> from ota_app_service.o(i.ota_ReadAttrCB) referenced 2 times from ota_app_service.o(.constdata)
 <LI><a href="#[6b]">ota_WriteAttrCB</a> from ota_app_service.o(i.ota_WriteAttrCB) referenced 2 times from ota_app_service.o(.constdata)
 <LI><a href="#[54]">ota_ble_updata_app_CB</a> from simplebleperipheral.o(i.ota_ble_updata_app_CB) referenced from simplebleperipheral.o(i.SimpleBLEPeripheral_Init)
 <LI><a href="#[0]">peripheralStateNotificationCB</a> from simplebleperipheral.o(i.peripheralStateNotificationCB) referenced 2 times from simplebleperipheral.o(.data)
 <LI><a href="#[1]">peripheralStateReadRssiCB</a> from simplebleperipheral.o(i.peripheralStateReadRssiCB) referenced 2 times from simplebleperipheral.o(.data)
 <LI><a href="#[33]">rf_calibrate1</a> from rf_phy_driver.o(i.rf_calibrate1) referenced from patch.o(_section_xip_code_)
 <LI><a href="#[34]">rf_phy_change_cfg0</a> from rf_phy_driver.o(i.rf_phy_change_cfg0) referenced from patch.o(_section_xip_code_)
 <LI><a href="#[2f]">rf_phy_ini</a> from rf_phy_driver.o(i.rf_phy_ini) referenced from jump_table.o(jump_table_mem_area)
 <LI><a href="#[2]">simpleProfileChangeCB</a> from otaevents.o(i.simpleProfileChangeCB) referenced 2 times from otaevents.o(.data)
 <LI><a href="#[e]">simpleProfile_HandleConnStatusCB</a> from sbpprofile_ota.o(i.simpleProfile_HandleConnStatusCB) referenced from sbpprofile_ota.o(i.SimpleProfile_AddService)
 <LI><a href="#[2a]">simpleProfile_ReadAttrCB</a> from sbpprofile_ota.o(i.simpleProfile_ReadAttrCB) referenced from sbpprofile_ota.o(.constdata)
 <LI><a href="#[2b]">simpleProfile_WriteAttrCB</a> from sbpprofile_ota.o(i.simpleProfile_WriteAttrCB) referenced from sbpprofile_ota.o(.constdata)
 <LI><a href="#[53]">smLinkCheck</a> from sm_pairing.o(i.smLinkCheck) referenced from sm_task.o(i.SM_Init)
 <LI><a href="#[8]">smResponderProcessLTKReq</a> from sm_rsppairing.o(i.smResponderProcessLTKReq) referenced 2 times from sm_rsppairing.o(.data)
 <LI><a href="#[7]">smResponderSendNextKeyInfo</a> from sm_rsppairing.o(i.smResponderSendNextKeyInfo) referenced 2 times from sm_rsppairing.o(.data)
 <LI><a href="#[64]">smState_timerCB</a> from sm_task.o(i.smState_timerCB) referenced from sm_rsppairing.o(i.smResponderSendNextKeyInfo)
 <LI><a href="#[66]">smTo_timerCB</a> from sm_task.o(i.smTo_timerCB) referenced from sm_mgr.o(i.smStartRspTimer)
 <LI><a href="#[5f]">smpBuildEncInfo</a> from smp.o(i.smpBuildEncInfo) referenced from sm_pairing.o(i.smPairingSendEncInfo)
 <LI><a href="#[60]">smpBuildIdentityAddrInfo</a> from smp.o(i.smpBuildIdentityAddrInfo) referenced from sm_pairing.o(i.smPairingSendIdentityAddrInfo)
 <LI><a href="#[61]">smpBuildIdentityInfo</a> from smp.o(i.smpBuildIdentityInfo) referenced from sm_pairing.o(i.smPairingSendIdentityInfo)
 <LI><a href="#[62]">smpBuildMasterID</a> from smp.o(i.smpBuildMasterID) referenced from sm_pairing.o(i.smPairingSendMasterID)
 <LI><a href="#[5b]">smpBuildPairingConfirm</a> from smp.o(i.smpBuildPairingConfirm) referenced from sm_pairing.o(i.smGenerateConfirm)
 <LI><a href="#[65]">smpBuildPairingFailed</a> from smp.o(i.smpBuildPairingFailed) referenced from sm_pairing.o(i.smSendFailAndEnd)
 <LI><a href="#[5e]">smpBuildPairingRandom</a> from smp.o(i.smpBuildPairingRandom) referenced from sm_pairing.o(i.smGenerateRandMsg)
 <LI><a href="#[5c]">smpBuildPairingReq</a> from smp.o(i.smpBuildPairingReq) referenced from sm_pairing.o(i.smGeneratePairingReqRsp)
 <LI><a href="#[5d]">smpBuildPairingRsp</a> from smp.o(i.smpBuildPairingRsp) referenced from sm_pairing.o(i.smGeneratePairingReqRsp)
 <LI><a href="#[63]">smpBuildSigningInfo</a> from smp.o(i.smpBuildSigningInfo) referenced from sm_pairing.o(i.smPairingSendSingingInfo)
 <LI><a href="#[6]">smpResponderProcessIncoming</a> from sm_rsppairing.o(i.smpResponderProcessIncoming) referenced 2 times from sm_rsppairing.o(.data)
 <LI><a href="#[13]">uart_wakeup_process_0</a> from uart.o(i.uart_wakeup_process_0) referenced from uart.o(i.hal_uart_init)
 <LI><a href="#[12]">uart_wakeup_process_1</a> from uart.o(i.uart_wakeup_process_1) referenced from uart.o(i.hal_uart_init)
 <LI><a href="#[3a]">wakeupProcess1</a> from patch.o(i.wakeupProcess1) referenced from patch.o(_section_xip_code_)
 <LI><a href="#[39]">wakeup_init1</a> from patch.o(i.wakeup_init1) referenced from patch.o(_section_xip_code_)
</UL>
<P>
<H3>
Global Symbols
</H3>
<P><STRONG><a name="[91]"></a>__aeabi_uidivmod</STRONG> (Thumb, 0 bytes, Stack size 0 bytes, bb_rom_sym_m0.txt(ABSOLUTE))
<BR><BR>[Called By]<UL><LI><a href="#[eb]">&gt;&gt;</a>&nbsp;&nbsp;&nbsp;WaitMs (via Veneer)
<LI><a href="#[133]">&gt;&gt;</a>&nbsp;&nbsp;&nbsp;uart_hw_init (via Veneer)
<LI><a href="#[2b1]">&gt;&gt;</a>&nbsp;&nbsp;&nbsp;number (via Veneer)
<LI><a href="#[27f]">&gt;&gt;</a>&nbsp;&nbsp;&nbsp;gattServApp_ProcessReadByTypeReq (via Veneer)
<LI><a href="#[281]">&gt;&gt;</a>&nbsp;&nbsp;&nbsp;gattServApp_ProcessReadByGrpTypeReq (via Veneer)
<LI><a href="#[23a]">&gt;&gt;</a>&nbsp;&nbsp;&nbsp;backdoor_changesn (via Veneer)
<LI><a href="#[2]">&gt;&gt;</a>&nbsp;&nbsp;&nbsp;simpleProfileChangeCB (via Veneer)
<LI><a href="#[3a]">&gt;&gt;</a>&nbsp;&nbsp;&nbsp;wakeupProcess1 (via Veneer)
<LI><a href="#[3f]">&gt;&gt;</a>&nbsp;&nbsp;&nbsp;ll_adptive_adj_next_time1 (via Veneer)
<LI><a href="#[29f]">&gt;&gt;</a>&nbsp;&nbsp;&nbsp;l2capPktToSegmentBuff (via Veneer)
<LI><a href="#[ee]">&gt;&gt;</a>&nbsp;&nbsp;&nbsp;_printf_core (via Veneer)
<LI><a href="#[8c]">&gt;&gt;</a>&nbsp;&nbsp;&nbsp;_localtime (via Veneer)
</UL>

<P><STRONG><a name="[8b]"></a>__aeabi_idivmod</STRONG> (Thumb, 0 bytes, Stack size 0 bytes, bb_rom_sym_m0.txt(ABSOLUTE))
<BR><BR>[Called By]<UL><LI><a href="#[28d]">&gt;&gt;</a>&nbsp;&nbsp;&nbsp;random_array (via Veneer)
<LI><a href="#[16e]">&gt;&gt;</a>&nbsp;&nbsp;&nbsp;rf_phy_dtm_trigged (via Veneer)
<LI><a href="#[8a]">&gt;&gt;</a>&nbsp;&nbsp;&nbsp;mktime (via Veneer)
</UL>

<P><STRONG><a name="[13d]"></a>__aeabi_memcpy</STRONG> (Thumb, 0 bytes, Stack size 0 bytes, bb_rom_sym_m0.txt(ABSOLUTE))
<BR><BR>[Called By]<UL><LI><a href="#[135]">&gt;&gt;</a>&nbsp;&nbsp;&nbsp;txmit_buf_use_tx_buf (via Veneer)
<LI><a href="#[13c]">&gt;&gt;</a>&nbsp;&nbsp;&nbsp;light_reflash (via Veneer)
<LI><a href="#[205]">&gt;&gt;</a>&nbsp;&nbsp;&nbsp;GGS_SetParameter (via Veneer)
<LI><a href="#[165]">&gt;&gt;</a>&nbsp;&nbsp;&nbsp;ota_set_local_version (via Veneer)
<LI><a href="#[163]">&gt;&gt;</a>&nbsp;&nbsp;&nbsp;ota_get_local_version (via Veneer)
<LI><a href="#[2b2]">&gt;&gt;</a>&nbsp;&nbsp;&nbsp;process_cmd (via Veneer)
</UL>

<P><STRONG><a name="[116]"></a>__aeabi_memcpy4</STRONG> (Thumb, 0 bytes, Stack size 0 bytes, bb_rom_sym_m0.txt(ABSOLUTE))
<BR><BR>[Called By]<UL><LI><a href="#[115]">&gt;&gt;</a>&nbsp;&nbsp;&nbsp;hal_low_power_io_init (via Veneer)
<LI><a href="#[243]">&gt;&gt;</a>&nbsp;&nbsp;&nbsp;bdAddr2Str (via Veneer)
</UL>

<P><STRONG><a name="[164]"></a>__aeabi_memclr</STRONG> (Thumb, 0 bytes, Stack size 0 bytes, bb_rom_sym_m0.txt(ABSOLUTE))
<BR><BR>[Called By]<UL><LI><a href="#[163]">&gt;&gt;</a>&nbsp;&nbsp;&nbsp;ota_get_local_version (via Veneer)
</UL>

<P><STRONG><a name="[100]"></a>__aeabi_memclr4</STRONG> (Thumb, 0 bytes, Stack size 0 bytes, bb_rom_sym_m0.txt(ABSOLUTE))
<BR><BR>[Called By]<UL><LI><a href="#[132]">&gt;&gt;</a>&nbsp;&nbsp;&nbsp;hal_uart_init (via Veneer)
<LI><a href="#[127]">&gt;&gt;</a>&nbsp;&nbsp;&nbsp;hal_pwrmgr_init (via Veneer)
<LI><a href="#[155]">&gt;&gt;</a>&nbsp;&nbsp;&nbsp;hal_gpio_init (via Veneer)
<LI><a href="#[ff]">&gt;&gt;</a>&nbsp;&nbsp;&nbsp;app_datetime_set (via Veneer)
<LI><a href="#[242]">&gt;&gt;</a>&nbsp;&nbsp;&nbsp;read_oem_cmd_withdelay (via Veneer)
<LI><a href="#[2bf]">&gt;&gt;</a>&nbsp;&nbsp;&nbsp;read_oem_cmd (via Veneer)
<LI><a href="#[235]">&gt;&gt;</a>&nbsp;&nbsp;&nbsp;test_printf_file_data (via Veneer)
<LI><a href="#[232]">&gt;&gt;</a>&nbsp;&nbsp;&nbsp;handle_aes_file (via Veneer)
<LI><a href="#[2b2]">&gt;&gt;</a>&nbsp;&nbsp;&nbsp;process_cmd (via Veneer)
</UL>

<P><STRONG><a name="[2ba]"></a>strlen</STRONG> (Thumb, 0 bytes, Stack size 0 bytes, bb_rom_sym_m0.txt(ABSOLUTE))
<BR><BR>[Called By]<UL><LI><a href="#[2b3]">&gt;&gt;</a>&nbsp;&nbsp;&nbsp;process_cmd (via Veneer)
</UL>

<P><STRONG><a name="[112]"></a>strcmp</STRONG> (Thumb, 0 bytes, Stack size 0 bytes, bb_rom_sym_m0.txt(ABSOLUTE))
<BR><BR>[Called By]<UL><LI><a href="#[fe]">&gt;&gt;</a>&nbsp;&nbsp;&nbsp;get_default_tm (via Veneer)
</UL>

<P><STRONG><a name="[2b6]"></a>strncmp</STRONG> (Thumb, 0 bytes, Stack size 0 bytes, bb_rom_sym_m0.txt(ABSOLUTE))
<BR><BR>[Called By]<UL><LI><a href="#[2b2]">&gt;&gt;</a>&nbsp;&nbsp;&nbsp;process_cmd (via Veneer)
</UL>

<P><STRONG><a name="[111]"></a>strtok</STRONG> (Thumb, 0 bytes, Stack size 0 bytes, bb_rom_sym_m0.txt(ABSOLUTE))
<BR><BR>[Called By]<UL><LI><a href="#[fe]">&gt;&gt;</a>&nbsp;&nbsp;&nbsp;get_default_tm (via Veneer)
</UL>

<P><STRONG><a name="[b1]"></a>__aeabi_uread4</STRONG> (Thumb, 0 bytes, Stack size 0 bytes, bb_rom_sym_m0.txt(ABSOLUTE))
<BR><BR>[Called By]<UL><LI><a href="#[235]">&gt;&gt;</a>&nbsp;&nbsp;&nbsp;test_printf_file_data (via Veneer)
<LI><a href="#[232]">&gt;&gt;</a>&nbsp;&nbsp;&nbsp;handle_aes_file (via Veneer)
<LI><a href="#[244]">&gt;&gt;</a>&nbsp;&nbsp;&nbsp;check_file_info (via Veneer)
<LI><a href="#[233]">&gt;&gt;</a>&nbsp;&nbsp;&nbsp;updata_file_info (via Veneer)
<LI><a href="#[36]">&gt;&gt;</a>&nbsp;&nbsp;&nbsp;LL_ENC_Encrypt1 (via Veneer)
<LI><a href="#[37]">&gt;&gt;</a>&nbsp;&nbsp;&nbsp;LL_ENC_Decrypt1 (via Veneer)
</UL>

<P><STRONG><a name="[92]"></a>__rt_ctype_table</STRONG> (Thumb, 0 bytes, Stack size 0 bytes, bb_rom_sym_m0.txt(ABSOLUTE))
<BR><BR>[Called By]<UL><LI><a href="#[8f]">&gt;&gt;</a>&nbsp;&nbsp;&nbsp;strtol (via Veneer)
</UL>

<P><STRONG><a name="[93]"></a>_strtoul</STRONG> (Thumb, 0 bytes, Stack size 0 bytes, bb_rom_sym_m0.txt(ABSOLUTE))
<BR><BR>[Called By]<UL><LI><a href="#[8f]">&gt;&gt;</a>&nbsp;&nbsp;&nbsp;strtol (via Veneer)
</UL>

<P><STRONG><a name="[ab]"></a>HCI_CommandCompleteEvent</STRONG> (Thumb, 0 bytes, Stack size 0 bytes, bb_rom_sym_m0.txt(ABSOLUTE))
<BR><BR>[Called By]<UL><LI><a href="#[ac]">&gt;&gt;</a>&nbsp;&nbsp;&nbsp;HCI_LE_LtkReqReplyCmd (via Veneer)
<LI><a href="#[a9]">&gt;&gt;</a>&nbsp;&nbsp;&nbsp;HCI_LE_LtkReqNegReplyCmd (via Veneer)
</UL>

<P><STRONG><a name="[1db]"></a>HCI_DisconnectCmd</STRONG> (Thumb, 0 bytes, Stack size 0 bytes, bb_rom_sym_m0.txt(ABSOLUTE))
<BR><BR>[Called By]<UL><LI><a href="#[1c0]">&gt;&gt;</a>&nbsp;&nbsp;&nbsp;GAP_TerminateLinkReq (via Veneer)
<LI><a href="#[1d9]">&gt;&gt;</a>&nbsp;&nbsp;&nbsp;disconnectNext (via Veneer)
</UL>

<P><STRONG><a name="[1c7]"></a>HCI_GAPTaskRegister</STRONG> (Thumb, 0 bytes, Stack size 0 bytes, bb_rom_sym_m0.txt(ABSOLUTE))
<BR><BR>[Called By]<UL><LI><a href="#[15e]">&gt;&gt;</a>&nbsp;&nbsp;&nbsp;GAP_Init (via Veneer)
</UL>

<P><STRONG><a name="[218]"></a>HCI_HostNumCompletedPktCmd</STRONG> (Thumb, 0 bytes, Stack size 0 bytes, bb_rom_sym_m0.txt(ABSOLUTE))
<BR><BR>[Called By]<UL><LI><a href="#[1f2]">&gt;&gt;</a>&nbsp;&nbsp;&nbsp;L2CAP_HostNumCompletedPkts (via Veneer)
</UL>

<P><STRONG><a name="[15a]"></a>HCI_Init</STRONG> (Thumb, 0 bytes, Stack size 0 bytes, bb_rom_sym_m0.txt(ABSOLUTE))
<BR><BR>[Called By]<UL><LI><a href="#[2c]">&gt;&gt;</a>&nbsp;&nbsp;&nbsp;osalInitTasks (via Veneer)
</UL>

<P><STRONG><a name="[219]"></a>HCI_L2CAPTaskRegister</STRONG> (Thumb, 0 bytes, Stack size 0 bytes, bb_rom_sym_m0.txt(ABSOLUTE))
<BR><BR>[Called By]<UL><LI><a href="#[15c]">&gt;&gt;</a>&nbsp;&nbsp;&nbsp;L2CAP_Init (via Veneer)
</UL>

<P><STRONG><a name="[2e7]"></a>HCI_LE_RandCmd</STRONG> (Thumb, 0 bytes, Stack size 0 bytes, bb_rom_sym_m0.txt(ABSOLUTE))
<BR><BR>[Called By]<UL><LI><a href="#[2e6]">&gt;&gt;</a>&nbsp;&nbsp;&nbsp;smProcessRandComplete (via Veneer)
</UL>

<P><STRONG><a name="[271]"></a>HCI_LE_ReadBufSizeCmd</STRONG> (Thumb, 0 bytes, Stack size 0 bytes, bb_rom_sym_m0.txt(ABSOLUTE))
<BR><BR>[Called By]<UL><LI><a href="#[26d]">&gt;&gt;</a>&nbsp;&nbsp;&nbsp;gapReadBD_ADDRStatus (via Veneer)
</UL>

<P><STRONG><a name="[d6]"></a>HCI_LE_ReadResolvingListSizeCmd</STRONG> (Thumb, 0 bytes, Stack size 0 bytes, bb_rom_sym_m0.txt(ABSOLUTE))
<BR><BR>[Called By]<UL><LI><a href="#[28]">&gt;&gt;</a>&nbsp;&nbsp;&nbsp;SimpleBLEPeripheral_ProcessEvent (via Veneer)
<LI><a href="#[29]">&gt;&gt;</a>&nbsp;&nbsp;&nbsp;OTATEST_Event (via Veneer)
</UL>

<P><STRONG><a name="[1dc]"></a>HCI_LE_SetAdvDataCmd</STRONG> (Thumb, 0 bytes, Stack size 0 bytes, bb_rom_sym_m0.txt(ABSOLUTE))
<BR><BR>[Called By]<UL><LI><a href="#[1bc]">&gt;&gt;</a>&nbsp;&nbsp;&nbsp;GAP_UpdateAdvertisingData (via Veneer)
</UL>

<P><STRONG><a name="[1c5]"></a>HCI_LE_SetAdvEnableCmd</STRONG> (Thumb, 0 bytes, Stack size 0 bytes, bb_rom_sym_m0.txt(ABSOLUTE))
<BR><BR>[Called By]<UL><LI><a href="#[1bb]">&gt;&gt;</a>&nbsp;&nbsp;&nbsp;GAP_EndDiscoverable (via Veneer)
<LI><a href="#[25e]">&gt;&gt;</a>&nbsp;&nbsp;&nbsp;gapSetAdvParamsStatus (via Veneer)
</UL>

<P><STRONG><a name="[277]"></a>HCI_LE_SetAdvParamCmd</STRONG> (Thumb, 0 bytes, Stack size 0 bytes, bb_rom_sym_m0.txt(ABSOLUTE))
<BR><BR>[Called By]<UL><LI><a href="#[5]">&gt;&gt;</a>&nbsp;&nbsp;&nbsp;gapSetAdvParams (via Veneer)
</UL>

<P><STRONG><a name="[186]"></a>HCI_LE_SetDataLengthCmd</STRONG> (Thumb, 0 bytes, Stack size 0 bytes, bb_rom_sym_m0.txt(ABSOLUTE))
<BR><BR>[Called By]<UL><LI><a href="#[2]">&gt;&gt;</a>&nbsp;&nbsp;&nbsp;simpleProfileChangeCB (via Veneer)
</UL>

<P><STRONG><a name="[187]"></a>HCI_LE_SetDefaultPhyMode</STRONG> (Thumb, 0 bytes, Stack size 0 bytes, bb_rom_sym_m0.txt(ABSOLUTE))
<BR><BR>[Called By]<UL><LI><a href="#[2]">&gt;&gt;</a>&nbsp;&nbsp;&nbsp;simpleProfileChangeCB (via Veneer)
</UL>

<P><STRONG><a name="[188]"></a>HCI_LE_SetPhyMode</STRONG> (Thumb, 0 bytes, Stack size 0 bytes, bb_rom_sym_m0.txt(ABSOLUTE))
<BR><BR>[Called By]<UL><LI><a href="#[2]">&gt;&gt;</a>&nbsp;&nbsp;&nbsp;simpleProfileChangeCB (via Veneer)
</UL>

<P><STRONG><a name="[26f]"></a>HCI_LE_SetRandomAddressCmd</STRONG> (Thumb, 0 bytes, Stack size 0 bytes, bb_rom_sym_m0.txt(ABSOLUTE))
<BR><BR>[Called By]<UL><LI><a href="#[1d6]">&gt;&gt;</a>&nbsp;&nbsp;&nbsp;gapProcessNewAddr (via Veneer)
</UL>

<P><STRONG><a name="[1dd]"></a>HCI_LE_SetScanRspDataCmd</STRONG> (Thumb, 0 bytes, Stack size 0 bytes, bb_rom_sym_m0.txt(ABSOLUTE))
<BR><BR>[Called By]<UL><LI><a href="#[1bc]">&gt;&gt;</a>&nbsp;&nbsp;&nbsp;GAP_UpdateAdvertisingData (via Veneer)
</UL>

<P><STRONG><a name="[185]"></a>HCI_PPLUS_ConnEventDoneNoticeCmd</STRONG> (Thumb, 0 bytes, Stack size 0 bytes, bb_rom_sym_m0.txt(ABSOLUTE))
<BR><BR>[Called By]<UL><LI><a href="#[0]">&gt;&gt;</a>&nbsp;&nbsp;&nbsp;peripheralStateNotificationCB (via Veneer)
<LI><a href="#[2]">&gt;&gt;</a>&nbsp;&nbsp;&nbsp;simpleProfileChangeCB (via Veneer)
</UL>

<P><STRONG><a name="[20]"></a>HCI_ProcessEvent</STRONG> (Thumb, 0 bytes, Stack size 0 bytes, bb_rom_sym_m0.txt(ABSOLUTE), UNUSED)
<BR>[Address Reference Count : 1]<UL><LI> osal_simplebleperipheral.o(.constdata)
</UL>
<P><STRONG><a name="[1cd]"></a>HCI_ReadBDADDRCmd</STRONG> (Thumb, 0 bytes, Stack size 0 bytes, bb_rom_sym_m0.txt(ABSOLUTE))
<BR><BR>[Called By]<UL><LI><a href="#[1c1]">&gt;&gt;</a>&nbsp;&nbsp;&nbsp;GAP_ParamsInit (via Veneer)
</UL>

<P><STRONG><a name="[1b8]"></a>HCI_ReadRssiCmd</STRONG> (Thumb, 0 bytes, Stack size 0 bytes, bb_rom_sym_m0.txt(ABSOLUTE))
<BR><BR>[Called By]<UL><LI><a href="#[26]">&gt;&gt;</a>&nbsp;&nbsp;&nbsp;GAPRole_ProcessEvent (via Veneer)
</UL>

<P><STRONG><a name="[22b]"></a>HCI_SMPTaskRegister</STRONG> (Thumb, 0 bytes, Stack size 0 bytes, bb_rom_sym_m0.txt(ABSOLUTE))
<BR><BR>[Called By]<UL><LI><a href="#[15d]">&gt;&gt;</a>&nbsp;&nbsp;&nbsp;SM_Init (via Veneer)
</UL>

<P><STRONG><a name="[a7]"></a>HCI_SendDataPkt</STRONG> (Thumb, 0 bytes, Stack size 0 bytes, bb_rom_sym_m0.txt(ABSOLUTE))
<BR><BR>[Called By]<UL><LI><a href="#[a6]">&gt;&gt;</a>&nbsp;&nbsp;&nbsp;L2CAP_Fragment_SendDataPkt (via Veneer)
</UL>

<P><STRONG><a name="[222]"></a>HCI_bm_alloc</STRONG> (Thumb, 0 bytes, Stack size 0 bytes, bb_rom_sym_m0.txt(ABSOLUTE))
<BR><BR>[Called By]<UL><LI><a href="#[221]">&gt;&gt;</a>&nbsp;&nbsp;&nbsp;L2CAP_bm_alloc (via Veneer)
</UL>

<P><STRONG><a name="[b2]"></a>LL_ConnActive</STRONG> (Thumb, 0 bytes, Stack size 0 bytes, bb_rom_sym_m0.txt(ABSOLUTE))
<BR><BR>[Called By]<UL><LI><a href="#[ad]">&gt;&gt;</a>&nbsp;&nbsp;&nbsp;LL_EncLtkReply (via Veneer)
<LI><a href="#[aa]">&gt;&gt;</a>&nbsp;&nbsp;&nbsp;LL_EncLtkNegReply (via Veneer)
</UL>

<P><STRONG><a name="[2b5]"></a>LL_Disconnect</STRONG> (Thumb, 0 bytes, Stack size 0 bytes, bb_rom_sym_m0.txt(ABSOLUTE))
<BR><BR>[Called By]<UL><LI><a href="#[2b4]">&gt;&gt;</a>&nbsp;&nbsp;&nbsp;ota_disconnect_link (via Veneer)
</UL>

<P><STRONG><a name="[19f]"></a>LL_ENC_AES128_Encrypt</STRONG> (Thumb, 0 bytes, Stack size 0 bytes, bb_rom_sym_m0.txt(ABSOLUTE))
<BR><BR>[Called By]<UL><LI><a href="#[2b3]">&gt;&gt;</a>&nbsp;&nbsp;&nbsp;process_cmd (via Veneer)
<LI><a href="#[19e]">&gt;&gt;</a>&nbsp;&nbsp;&nbsp;TRNG_Rand (via Veneer)
</UL>

<P><STRONG><a name="[ae]"></a>LL_ENC_AES128_Encrypt0</STRONG> (Thumb, 0 bytes, Stack size 0 bytes, bb_rom_sym_m0.txt(ABSOLUTE))
<BR><BR>[Called By]<UL><LI><a href="#[f1]">&gt;&gt;</a>&nbsp;&nbsp;&nbsp;finidv (via Veneer)
<LI><a href="#[35]">&gt;&gt;</a>&nbsp;&nbsp;&nbsp;LL_ENC_AES128_Encrypt1 (via Veneer)
</UL>

<P><STRONG><a name="[b0]"></a>LL_ENC_GenerateNonce</STRONG> (Thumb, 0 bytes, Stack size 0 bytes, bb_rom_sym_m0.txt(ABSOLUTE))
<BR><BR>[Called By]<UL><LI><a href="#[36]">&gt;&gt;</a>&nbsp;&nbsp;&nbsp;LL_ENC_Encrypt1 (via Veneer)
<LI><a href="#[37]">&gt;&gt;</a>&nbsp;&nbsp;&nbsp;LL_ENC_Decrypt1 (via Veneer)
</UL>

<P><STRONG><a name="[af]"></a>LL_ENC_LoadKey</STRONG> (Thumb, 0 bytes, Stack size 0 bytes, bb_rom_sym_m0.txt(ABSOLUTE))
<BR><BR>[Called By]<UL><LI><a href="#[36]">&gt;&gt;</a>&nbsp;&nbsp;&nbsp;LL_ENC_Encrypt1 (via Veneer)
<LI><a href="#[37]">&gt;&gt;</a>&nbsp;&nbsp;&nbsp;LL_ENC_Decrypt1 (via Veneer)
</UL>

<P><STRONG><a name="[2c7]"></a>LL_Encrypt</STRONG> (Thumb, 0 bytes, Stack size 0 bytes, bb_rom_sym_m0.txt(ABSOLUTE))
<BR><BR>[Called By]<UL><LI><a href="#[2c6]">&gt;&gt;</a>&nbsp;&nbsp;&nbsp;smEncrypt (via Veneer)
<LI><a href="#[288]">&gt;&gt;</a>&nbsp;&nbsp;&nbsp;smEncryptLocal (via Veneer)
</UL>

<P><STRONG><a name="[159]"></a>LL_Init</STRONG> (Thumb, 0 bytes, Stack size 0 bytes, bb_rom_sym_m0.txt(ABSOLUTE))
<BR><BR>[Called By]<UL><LI><a href="#[2c]">&gt;&gt;</a>&nbsp;&nbsp;&nbsp;osalInitTasks (via Veneer)
</UL>

<P><STRONG><a name="[12f]"></a>LL_InitConnectContext</STRONG> (Thumb, 0 bytes, Stack size 0 bytes, bb_rom_sym_m0.txt(ABSOLUTE))
<BR><BR>[Called By]<UL><LI><a href="#[12b]">&gt;&gt;</a>&nbsp;&nbsp;&nbsp;hal_rfphy_init (via Veneer)
</UL>

<P><STRONG><a name="[10a]"></a>LL_PLUS_PerStasReadByChn</STRONG> (Thumb, 0 bytes, Stack size 0 bytes, bb_rom_sym_m0.txt(ABSOLUTE))
<BR><BR>[Called By]<UL><LI><a href="#[109]">&gt;&gt;</a>&nbsp;&nbsp;&nbsp;check_PerStatsProcess1 (via Veneer)
</UL>

<P><STRONG><a name="[10b]"></a>LL_PLUS_PerStatsReset</STRONG> (Thumb, 0 bytes, Stack size 0 bytes, bb_rom_sym_m0.txt(ABSOLUTE))
<BR><BR>[Called By]<UL><LI><a href="#[109]">&gt;&gt;</a>&nbsp;&nbsp;&nbsp;check_PerStatsProcess1 (via Veneer)
</UL>

<P><STRONG><a name="[e5]"></a>LL_PLUS_PerStats_Init</STRONG> (Thumb, 0 bytes, Stack size 0 bytes, bb_rom_sym_m0.txt(ABSOLUTE))
<BR><BR>[Called By]<UL><LI><a href="#[dd]">&gt;&gt;</a>&nbsp;&nbsp;&nbsp;OTATEST_Event_Init (via Veneer)
</UL>

<P><STRONG><a name="[1f]"></a>LL_ProcessEvent</STRONG> (Thumb, 0 bytes, Stack size 0 bytes, bb_rom_sym_m0.txt(ABSOLUTE), UNUSED)
<BR>[Address Reference Count : 1]<UL><LI> osal_simplebleperipheral.o(.constdata)
</UL>
<P><STRONG><a name="[2bb]"></a>LL_Rand</STRONG> (Thumb, 0 bytes, Stack size 0 bytes, bb_rom_sym_m0.txt(ABSOLUTE))
<BR><BR>[Called By]<UL><LI><a href="#[2b3]">&gt;&gt;</a>&nbsp;&nbsp;&nbsp;process_cmd (via Veneer)
</UL>

<P><STRONG><a name="[da]"></a>LL_ReadCarrSens</STRONG> (Thumb, 0 bytes, Stack size 0 bytes, bb_rom_sym_m0.txt(ABSOLUTE))
<BR><BR>[Called By]<UL><LI><a href="#[29]">&gt;&gt;</a>&nbsp;&nbsp;&nbsp;OTATEST_Event (via Veneer)
</UL>

<P><STRONG><a name="[d9]"></a>LL_ReadFoff</STRONG> (Thumb, 0 bytes, Stack size 0 bytes, bb_rom_sym_m0.txt(ABSOLUTE))
<BR><BR>[Called By]<UL><LI><a href="#[29]">&gt;&gt;</a>&nbsp;&nbsp;&nbsp;OTATEST_Event (via Veneer)
</UL>

<P><STRONG><a name="[d8]"></a>LL_ReadRssi</STRONG> (Thumb, 0 bytes, Stack size 0 bytes, bb_rom_sym_m0.txt(ABSOLUTE))
<BR><BR>[Called By]<UL><LI><a href="#[29]">&gt;&gt;</a>&nbsp;&nbsp;&nbsp;OTATEST_Event (via Veneer)
</UL>

<P><STRONG><a name="[d0]"></a>LL_SetAdvParam0</STRONG> (Thumb, 0 bytes, Stack size 0 bytes, bb_rom_sym_m0.txt(ABSOLUTE))
<BR><BR>[Called By]<UL><LI><a href="#[14]">&gt;&gt;</a>&nbsp;&nbsp;&nbsp;LL_SetAdvParam1 (via Veneer)
</UL>

<P><STRONG><a name="[d1]"></a>LL_SetDataLengh0</STRONG> (Thumb, 0 bytes, Stack size 0 bytes, bb_rom_sym_m0.txt(ABSOLUTE))
<BR><BR>[Called By]<UL><LI><a href="#[3c]">&gt;&gt;</a>&nbsp;&nbsp;&nbsp;LL_SetDataLengh1 (via Veneer)
</UL>

<P><STRONG><a name="[217]"></a>LL_TX_bm_alloc</STRONG> (Thumb, 0 bytes, Stack size 0 bytes, bb_rom_sym_m0.txt(ABSOLUTE))
<BR><BR>[Called By]<UL><LI><a href="#[216]">&gt;&gt;</a>&nbsp;&nbsp;&nbsp;L2CAP_Fragment_bm_alloc (via Veneer)
</UL>

<P><STRONG><a name="[d2]"></a>LL_set_default_conn_params0</STRONG> (Thumb, 0 bytes, Stack size 0 bytes, bb_rom_sym_m0.txt(ABSOLUTE))
<BR><BR>[Called By]<UL><LI><a href="#[41]">&gt;&gt;</a>&nbsp;&nbsp;&nbsp;LL_set_default_conn_params1 (via Veneer)
</UL>

<P><STRONG><a name="[ec]"></a>WaitRTCCount</STRONG> (Thumb, 0 bytes, Stack size 0 bytes, bb_rom_sym_m0.txt(ABSOLUTE))
<BR><BR>[Called By]<UL><LI><a href="#[eb]">&gt;&gt;</a>&nbsp;&nbsp;&nbsp;WaitMs (via Veneer)
<LI><a href="#[a0]">&gt;&gt;</a>&nbsp;&nbsp;&nbsp;_spif_wait_nobusy_x (via Veneer)
<LI><a href="#[166]">&gt;&gt;</a>&nbsp;&nbsp;&nbsp;rc32k_calibration (via Veneer)
<LI><a href="#[39]">&gt;&gt;</a>&nbsp;&nbsp;&nbsp;wakeup_init1 (via Veneer)
<LI><a href="#[3a]">&gt;&gt;</a>&nbsp;&nbsp;&nbsp;wakeupProcess1 (via Veneer)
<LI><a href="#[38]">&gt;&gt;</a>&nbsp;&nbsp;&nbsp;config_RTC1 (via Veneer)
<LI><a href="#[108]">&gt;&gt;</a>&nbsp;&nbsp;&nbsp;check_96MXtal_by_rcTracking (via Veneer)
<LI><a href="#[106]">&gt;&gt;</a>&nbsp;&nbsp;&nbsp;check_16MXtal_by_rcTracking (via Veneer)
<LI><a href="#[19c]">&gt;&gt;</a>&nbsp;&nbsp;&nbsp;TRNG_Output (via Veneer)
</UL>

<P><STRONG><a name="[ca]"></a>__ARM_common_switch8</STRONG> (Thumb, 0 bytes, Stack size 0 bytes, bb_rom_sym_m0.txt(ABSOLUTE))
<BR><BR>[Called By]<UL><LI><a href="#[d7]">&gt;&gt;</a>&nbsp;&nbsp;&nbsp;GAPRole_SetParameter (via Veneer)
<LI><a href="#[184]">&gt;&gt;</a>&nbsp;&nbsp;&nbsp;GAPRole_GetParameter (via Veneer)
<LI><a href="#[272]">&gt;&gt;</a>&nbsp;&nbsp;&nbsp;gapRole_ProcessGAPMsg (via Veneer)
<LI><a href="#[67]">&gt;&gt;</a>&nbsp;&nbsp;&nbsp;ggs_ReadAttrCB (via Veneer)
<LI><a href="#[205]">&gt;&gt;</a>&nbsp;&nbsp;&nbsp;GGS_SetParameter (via Veneer)
<LI><a href="#[1bf]">&gt;&gt;</a>&nbsp;&nbsp;&nbsp;GAP_DeviceInit (via Veneer)
<LI><a href="#[0]">&gt;&gt;</a>&nbsp;&nbsp;&nbsp;peripheralStateNotificationCB (via Veneer)
<LI><a href="#[28]">&gt;&gt;</a>&nbsp;&nbsp;&nbsp;SimpleBLEPeripheral_ProcessEvent (via Veneer)
<LI><a href="#[2b2]">&gt;&gt;</a>&nbsp;&nbsp;&nbsp;process_cmd (via Veneer)
<LI><a href="#[2b3]">&gt;&gt;</a>&nbsp;&nbsp;&nbsp;process_cmd (via Veneer)
<LI><a href="#[182]">&gt;&gt;</a>&nbsp;&nbsp;&nbsp;rf_tp_cal (via Veneer)
<LI><a href="#[168]">&gt;&gt;</a>&nbsp;&nbsp;&nbsp;rf_rxDcoc_cfg (via Veneer)
<LI><a href="#[17]">&gt;&gt;</a>&nbsp;&nbsp;&nbsp;LL_SetAdvControl1 (via Veneer)
<LI><a href="#[2d7]">&gt;&gt;</a>&nbsp;&nbsp;&nbsp;smProcessDataMsg (via Veneer)
<LI><a href="#[6]">&gt;&gt;</a>&nbsp;&nbsp;&nbsp;smpResponderProcessIncoming (via Veneer)
<LI><a href="#[7]">&gt;&gt;</a>&nbsp;&nbsp;&nbsp;smResponderSendNextKeyInfo (via Veneer)
<LI><a href="#[3]">&gt;&gt;</a>&nbsp;&nbsp;&nbsp;gapPeriProcessHCICmdCompleteEvt (via Veneer)
</UL>

<P><STRONG><a name="[194]"></a>app_wakeup_process</STRONG> (Thumb, 0 bytes, Stack size 0 bytes, bb_rom_sym_m0.txt(ABSOLUTE))
<BR><BR>[Called By]<UL><LI><a href="#[3a]">&gt;&gt;</a>&nbsp;&nbsp;&nbsp;wakeupProcess1 (via Veneer)
</UL>

<P><STRONG><a name="[10f]"></a>bit_to_byte</STRONG> (Thumb, 0 bytes, Stack size 0 bytes, bb_rom_sym_m0.txt(ABSOLUTE))
<BR><BR>[Called By]<UL><LI><a href="#[10e]">&gt;&gt;</a>&nbsp;&nbsp;&nbsp;gen_pn_prbs9 (via Veneer)
</UL>

<P><STRONG><a name="[cf]"></a>clear_timer</STRONG> (Thumb, 0 bytes, Stack size 0 bytes, bb_rom_sym_m0.txt(ABSOLUTE))
<BR><BR>[Called By]<UL><LI><a href="#[17]">&gt;&gt;</a>&nbsp;&nbsp;&nbsp;LL_SetAdvControl1 (via Veneer)
</UL>

<P><STRONG><a name="[190]"></a>clk_get_pclk</STRONG> (Thumb, 0 bytes, Stack size 0 bytes, bb_rom_sym_m0.txt(ABSOLUTE))
<BR><BR>[Called By]<UL><LI><a href="#[133]">&gt;&gt;</a>&nbsp;&nbsp;&nbsp;uart_hw_init (via Veneer)
</UL>

<P><STRONG><a name="[153]"></a>clk_init</STRONG> (Thumb, 0 bytes, Stack size 0 bytes, bb_rom_sym_m0.txt(ABSOLUTE))
<BR><BR>[Called By]<UL><LI><a href="#[a]">&gt;&gt;</a>&nbsp;&nbsp;&nbsp;main (via Veneer)
<LI><a href="#[39]">&gt;&gt;</a>&nbsp;&nbsp;&nbsp;wakeup_init1 (via Veneer)
</UL>

<P><STRONG><a name="[9a]"></a>config_RTC</STRONG> (Thumb, 0 bytes, Stack size 0 bytes, bb_rom_sym_m0.txt(ABSOLUTE))
<BR><BR>[Called By]<UL><LI><a href="#[98]">&gt;&gt;</a>&nbsp;&nbsp;&nbsp;hal_pwrmgr_enter_sleep_rtc_reset (via Veneer)
</UL>

<P><STRONG><a name="[128]"></a>disableSleep</STRONG> (Thumb, 0 bytes, Stack size 0 bytes, bb_rom_sym_m0.txt(ABSOLUTE))
<BR><BR>[Called By]<UL><LI><a href="#[95]">&gt;&gt;</a>&nbsp;&nbsp;&nbsp;hal_pwrmgr_unlock (via Veneer)
<LI><a href="#[125]">&gt;&gt;</a>&nbsp;&nbsp;&nbsp;hal_pwrmgr_lock (via Veneer)
<LI><a href="#[127]">&gt;&gt;</a>&nbsp;&nbsp;&nbsp;hal_pwrmgr_init (via Veneer)
</UL>

<P><STRONG><a name="[99]"></a>drv_disable_irq</STRONG> (Thumb, 0 bytes, Stack size 0 bytes, bb_rom_sym_m0.txt(ABSOLUTE))
<BR><BR>[Called By]<UL><LI><a href="#[95]">&gt;&gt;</a>&nbsp;&nbsp;&nbsp;hal_pwrmgr_unlock (via Veneer)
<LI><a href="#[125]">&gt;&gt;</a>&nbsp;&nbsp;&nbsp;hal_pwrmgr_lock (via Veneer)
<LI><a href="#[135]">&gt;&gt;</a>&nbsp;&nbsp;&nbsp;txmit_buf_use_tx_buf (via Veneer)
<LI><a href="#[113]">&gt;&gt;</a>&nbsp;&nbsp;&nbsp;hal_flash_read (via Veneer)
<LI><a href="#[a3]">&gt;&gt;</a>&nbsp;&nbsp;&nbsp;hal_flash_erase_sector (via Veneer)
<LI><a href="#[9d]">&gt;&gt;</a>&nbsp;&nbsp;&nbsp;hal_flash_write (via Veneer)
<LI><a href="#[a5]">&gt;&gt;</a>&nbsp;&nbsp;&nbsp;hal_cache_tag_flush (via Veneer)
<LI><a href="#[a2]">&gt;&gt;</a>&nbsp;&nbsp;&nbsp;spif_unlock (via Veneer)
<LI><a href="#[9e]">&gt;&gt;</a>&nbsp;&nbsp;&nbsp;spif_lock (via Veneer)
<LI><a href="#[98]">&gt;&gt;</a>&nbsp;&nbsp;&nbsp;hal_pwrmgr_enter_sleep_rtc_reset (via Veneer)
<LI><a href="#[16]">&gt;&gt;</a>&nbsp;&nbsp;&nbsp;llSecAdvAllow1 (via Veneer)
<LI><a href="#[15]">&gt;&gt;</a>&nbsp;&nbsp;&nbsp;llCalcMaxScanTime1 (via Veneer)
<LI><a href="#[17]">&gt;&gt;</a>&nbsp;&nbsp;&nbsp;LL_SetAdvControl1 (via Veneer)
</UL>

<P><STRONG><a name="[9f]"></a>drv_enable_irq</STRONG> (Thumb, 0 bytes, Stack size 0 bytes, bb_rom_sym_m0.txt(ABSOLUTE))
<BR><BR>[Called By]<UL><LI><a href="#[95]">&gt;&gt;</a>&nbsp;&nbsp;&nbsp;hal_pwrmgr_unlock (via Veneer)
<LI><a href="#[125]">&gt;&gt;</a>&nbsp;&nbsp;&nbsp;hal_pwrmgr_lock (via Veneer)
<LI><a href="#[135]">&gt;&gt;</a>&nbsp;&nbsp;&nbsp;txmit_buf_use_tx_buf (via Veneer)
<LI><a href="#[113]">&gt;&gt;</a>&nbsp;&nbsp;&nbsp;hal_flash_read (via Veneer)
<LI><a href="#[a3]">&gt;&gt;</a>&nbsp;&nbsp;&nbsp;hal_flash_erase_sector (via Veneer)
<LI><a href="#[9d]">&gt;&gt;</a>&nbsp;&nbsp;&nbsp;hal_flash_write (via Veneer)
<LI><a href="#[a5]">&gt;&gt;</a>&nbsp;&nbsp;&nbsp;hal_cache_tag_flush (via Veneer)
<LI><a href="#[a2]">&gt;&gt;</a>&nbsp;&nbsp;&nbsp;spif_unlock (via Veneer)
<LI><a href="#[9e]">&gt;&gt;</a>&nbsp;&nbsp;&nbsp;spif_lock (via Veneer)
<LI><a href="#[16]">&gt;&gt;</a>&nbsp;&nbsp;&nbsp;llSecAdvAllow1 (via Veneer)
<LI><a href="#[15]">&gt;&gt;</a>&nbsp;&nbsp;&nbsp;llCalcMaxScanTime1 (via Veneer)
<LI><a href="#[17]">&gt;&gt;</a>&nbsp;&nbsp;&nbsp;LL_SetAdvControl1 (via Veneer)
</UL>

<P><STRONG><a name="[150]"></a>drv_irq_init</STRONG> (Thumb, 0 bytes, Stack size 0 bytes, bb_rom_sym_m0.txt(ABSOLUTE))
<BR><BR>[Called By]<UL><LI><a href="#[a]">&gt;&gt;</a>&nbsp;&nbsp;&nbsp;main (via Veneer)
<LI><a href="#[3a]">&gt;&gt;</a>&nbsp;&nbsp;&nbsp;wakeupProcess1 (via Veneer)
</UL>

<P><STRONG><a name="[f0]"></a>efuse_read</STRONG> (Thumb, 0 bytes, Stack size 0 bytes, bb_rom_sym_m0.txt(ABSOLUTE))
<BR><BR>[Called By]<UL><LI><a href="#[f1]">&gt;&gt;</a>&nbsp;&nbsp;&nbsp;finidv (via Veneer)
<LI><a href="#[ef]">&gt;&gt;</a>&nbsp;&nbsp;&nbsp;_efuse_chip_version_check (via Veneer)
</UL>

<P><STRONG><a name="[129]"></a>enableSleep</STRONG> (Thumb, 0 bytes, Stack size 0 bytes, bb_rom_sym_m0.txt(ABSOLUTE))
<BR><BR>[Called By]<UL><LI><a href="#[95]">&gt;&gt;</a>&nbsp;&nbsp;&nbsp;hal_pwrmgr_unlock (via Veneer)
<LI><a href="#[151]">&gt;&gt;</a>&nbsp;&nbsp;&nbsp;init_config (via Veneer)
<LI><a href="#[127]">&gt;&gt;</a>&nbsp;&nbsp;&nbsp;hal_pwrmgr_init (via Veneer)
</UL>

<P><STRONG><a name="[9c]"></a>enter_sleep_off_mode</STRONG> (Thumb, 0 bytes, Stack size 0 bytes, bb_rom_sym_m0.txt(ABSOLUTE))
<BR><BR>[Called By]<UL><LI><a href="#[98]">&gt;&gt;</a>&nbsp;&nbsp;&nbsp;hal_pwrmgr_enter_sleep_rtc_reset (via Veneer)
</UL>

<P><STRONG><a name="[14a]"></a>getTxBufferSize</STRONG> (Thumb, 0 bytes, Stack size 0 bytes, bb_rom_sym_m0.txt(ABSOLUTE))
<BR><BR>[Called By]<UL><LI><a href="#[3e]">&gt;&gt;</a>&nbsp;&nbsp;&nbsp;ll_generateTxBuffer1 (via Veneer)
</UL>

<P><STRONG><a name="[14b]"></a>get_tx_read_ptr</STRONG> (Thumb, 0 bytes, Stack size 0 bytes, bb_rom_sym_m0.txt(ABSOLUTE))
<BR><BR>[Called By]<UL><LI><a href="#[3e]">&gt;&gt;</a>&nbsp;&nbsp;&nbsp;ll_generateTxBuffer1 (via Veneer)
</UL>

<P><STRONG><a name="[175]"></a>gpio_write</STRONG> (Thumb, 0 bytes, Stack size 0 bytes, bb_rom_sym_m0.txt(ABSOLUTE))
<BR><BR>[Called By]<UL><LI><a href="#[16c]">&gt;&gt;</a>&nbsp;&nbsp;&nbsp;rf_phy_dtm_cmd_parse (via Veneer)
</UL>

<P><STRONG><a name="[13f]"></a>llConnTerminate0</STRONG> (Thumb, 0 bytes, Stack size 0 bytes, bb_rom_sym_m0.txt(ABSOLUTE))
<BR><BR>[Called By]<UL><LI><a href="#[40]">&gt;&gt;</a>&nbsp;&nbsp;&nbsp;llConnTerminate1 (via Veneer)
</UL>

<P><STRONG><a name="[b3]"></a>llEnqueueCtrlPkt</STRONG> (Thumb, 0 bytes, Stack size 0 bytes, bb_rom_sym_m0.txt(ABSOLUTE))
<BR><BR>[Called By]<UL><LI><a href="#[3e]">&gt;&gt;</a>&nbsp;&nbsp;&nbsp;ll_generateTxBuffer1 (via Veneer)
<LI><a href="#[ad]">&gt;&gt;</a>&nbsp;&nbsp;&nbsp;LL_EncLtkReply (via Veneer)
<LI><a href="#[aa]">&gt;&gt;</a>&nbsp;&nbsp;&nbsp;LL_EncLtkNegReply (via Veneer)
</UL>

<P><STRONG><a name="[e2]"></a>llInitFeatureSet2MPHY</STRONG> (Thumb, 0 bytes, Stack size 0 bytes, bb_rom_sym_m0.txt(ABSOLUTE))
<BR><BR>[Called By]<UL><LI><a href="#[162]">&gt;&gt;</a>&nbsp;&nbsp;&nbsp;SimpleBLEPeripheral_Init (via Veneer)
<LI><a href="#[dd]">&gt;&gt;</a>&nbsp;&nbsp;&nbsp;OTATEST_Event_Init (via Veneer)
</UL>

<P><STRONG><a name="[e3]"></a>llInitFeatureSetDLE</STRONG> (Thumb, 0 bytes, Stack size 0 bytes, bb_rom_sym_m0.txt(ABSOLUTE))
<BR><BR>[Called By]<UL><LI><a href="#[162]">&gt;&gt;</a>&nbsp;&nbsp;&nbsp;SimpleBLEPeripheral_Init (via Veneer)
<LI><a href="#[dd]">&gt;&gt;</a>&nbsp;&nbsp;&nbsp;OTATEST_Event_Init (via Veneer)
</UL>

<P><STRONG><a name="[140]"></a>llProcessChanMap</STRONG> (Thumb, 0 bytes, Stack size 0 bytes, bb_rom_sym_m0.txt(ABSOLUTE))
<BR><BR>[Called By]<UL><LI><a href="#[40]">&gt;&gt;</a>&nbsp;&nbsp;&nbsp;llConnTerminate1 (via Veneer)
</UL>

<P><STRONG><a name="[141]"></a>llProcessTxData0</STRONG> (Thumb, 0 bytes, Stack size 0 bytes, bb_rom_sym_m0.txt(ABSOLUTE))
<BR><BR>[Called By]<UL><LI><a href="#[3d]">&gt;&gt;</a>&nbsp;&nbsp;&nbsp;llProcessTxData1 (via Veneer)
</UL>

<P><STRONG><a name="[c5]"></a>llSecAdvAllow</STRONG> (Thumb, 0 bytes, Stack size 0 bytes, bb_rom_sym_m0.txt(ABSOLUTE))
<BR><BR>[Called By]<UL><LI><a href="#[32]">&gt;&gt;</a>&nbsp;&nbsp;&nbsp;LL_IRQHandler1 (via Veneer)
</UL>

<P><STRONG><a name="[cb]"></a>llSetupAdv</STRONG> (Thumb, 0 bytes, Stack size 0 bytes, bb_rom_sym_m0.txt(ABSOLUTE))
<BR><BR>[Called By]<UL><LI><a href="#[18]">&gt;&gt;</a>&nbsp;&nbsp;&nbsp;llSetupSecAdvEvt1 (via Veneer)
<LI><a href="#[17]">&gt;&gt;</a>&nbsp;&nbsp;&nbsp;LL_SetAdvControl1 (via Veneer)
</UL>

<P><STRONG><a name="[142]"></a>llSetupNextSlaveEvent0</STRONG> (Thumb, 0 bytes, Stack size 0 bytes, bb_rom_sym_m0.txt(ABSOLUTE))
<BR><BR>[Called By]<UL><LI><a href="#[1a]">&gt;&gt;</a>&nbsp;&nbsp;&nbsp;llSetupNextSlaveEvent1 (via Veneer)
</UL>

<P><STRONG><a name="[c6]"></a>llSetupSecAdvEvt</STRONG> (Thumb, 0 bytes, Stack size 0 bytes, bb_rom_sym_m0.txt(ABSOLUTE))
<BR><BR>[Called By]<UL><LI><a href="#[32]">&gt;&gt;</a>&nbsp;&nbsp;&nbsp;LL_IRQHandler1 (via Veneer)
</UL>

<P><STRONG><a name="[143]"></a>llSetupSecConnectableAdvEvt</STRONG> (Thumb, 0 bytes, Stack size 0 bytes, bb_rom_sym_m0.txt(ABSOLUTE))
<BR><BR>[Called By]<UL><LI><a href="#[18]">&gt;&gt;</a>&nbsp;&nbsp;&nbsp;llSetupSecAdvEvt1 (via Veneer)
</UL>

<P><STRONG><a name="[c9]"></a>llSetupSecInit</STRONG> (Thumb, 0 bytes, Stack size 0 bytes, bb_rom_sym_m0.txt(ABSOLUTE))
<BR><BR>[Called By]<UL><LI><a href="#[32]">&gt;&gt;</a>&nbsp;&nbsp;&nbsp;LL_IRQHandler1 (via Veneer)
</UL>

<P><STRONG><a name="[144]"></a>llSetupSecNonConnectableAdvEvt</STRONG> (Thumb, 0 bytes, Stack size 0 bytes, bb_rom_sym_m0.txt(ABSOLUTE))
<BR><BR>[Called By]<UL><LI><a href="#[18]">&gt;&gt;</a>&nbsp;&nbsp;&nbsp;llSetupSecAdvEvt1 (via Veneer)
</UL>

<P><STRONG><a name="[c8]"></a>llSetupSecScan</STRONG> (Thumb, 0 bytes, Stack size 0 bytes, bb_rom_sym_m0.txt(ABSOLUTE))
<BR><BR>[Called By]<UL><LI><a href="#[32]">&gt;&gt;</a>&nbsp;&nbsp;&nbsp;LL_IRQHandler1 (via Veneer)
</UL>

<P><STRONG><a name="[145]"></a>llSetupSecScannableAdvEvt</STRONG> (Thumb, 0 bytes, Stack size 0 bytes, bb_rom_sym_m0.txt(ABSOLUTE))
<BR><BR>[Called By]<UL><LI><a href="#[18]">&gt;&gt;</a>&nbsp;&nbsp;&nbsp;llSetupSecAdvEvt1 (via Veneer)
</UL>

<P><STRONG><a name="[b5]"></a>ll_debug_output</STRONG> (Thumb, 0 bytes, Stack size 0 bytes, bb_rom_sym_m0.txt(ABSOLUTE))
<BR><BR>[Called By]<UL><LI><a href="#[3a]">&gt;&gt;</a>&nbsp;&nbsp;&nbsp;wakeupProcess1 (via Veneer)
<LI><a href="#[17]">&gt;&gt;</a>&nbsp;&nbsp;&nbsp;LL_SetAdvControl1 (via Veneer)
<LI><a href="#[32]">&gt;&gt;</a>&nbsp;&nbsp;&nbsp;LL_IRQHandler1 (via Veneer)
</UL>

<P><STRONG><a name="[b8]"></a>ll_hw_clr_irq</STRONG> (Thumb, 0 bytes, Stack size 0 bytes, bb_rom_sym_m0.txt(ABSOLUTE))
<BR><BR>[Called By]<UL><LI><a href="#[157]">&gt;&gt;</a>&nbsp;&nbsp;&nbsp;rf_phy_direct_test (via Veneer)
<LI><a href="#[16e]">&gt;&gt;</a>&nbsp;&nbsp;&nbsp;rf_phy_dtm_trigged (via Veneer)
<LI><a href="#[32]">&gt;&gt;</a>&nbsp;&nbsp;&nbsp;LL_IRQHandler1 (via Veneer)
</UL>

<P><STRONG><a name="[147]"></a>ll_hw_get_anchor</STRONG> (Thumb, 0 bytes, Stack size 0 bytes, bb_rom_sym_m0.txt(ABSOLUTE))
<BR><BR>[Called By]<UL><LI><a href="#[3f]">&gt;&gt;</a>&nbsp;&nbsp;&nbsp;ll_adptive_adj_next_time1 (via Veneer)
</UL>

<P><STRONG><a name="[b6]"></a>ll_hw_get_irq_status</STRONG> (Thumb, 0 bytes, Stack size 0 bytes, bb_rom_sym_m0.txt(ABSOLUTE))
<BR><BR>[Called By]<UL><LI><a href="#[157]">&gt;&gt;</a>&nbsp;&nbsp;&nbsp;rf_phy_direct_test (via Veneer)
<LI><a href="#[32]">&gt;&gt;</a>&nbsp;&nbsp;&nbsp;LL_IRQHandler1 (via Veneer)
</UL>

<P><STRONG><a name="[146]"></a>ll_hw_get_loop_cycle</STRONG> (Thumb, 0 bytes, Stack size 0 bytes, bb_rom_sym_m0.txt(ABSOLUTE))
<BR><BR>[Called By]<UL><LI><a href="#[3f]">&gt;&gt;</a>&nbsp;&nbsp;&nbsp;ll_adptive_adj_next_time1 (via Veneer)
</UL>

<P><STRONG><a name="[149]"></a>ll_hw_get_tfifo_wrptr</STRONG> (Thumb, 0 bytes, Stack size 0 bytes, bb_rom_sym_m0.txt(ABSOLUTE))
<BR><BR>[Called By]<UL><LI><a href="#[3e]">&gt;&gt;</a>&nbsp;&nbsp;&nbsp;ll_generateTxBuffer1 (via Veneer)
</UL>

<P><STRONG><a name="[b7]"></a>ll_hw_get_tr_mode</STRONG> (Thumb, 0 bytes, Stack size 0 bytes, bb_rom_sym_m0.txt(ABSOLUTE))
<BR><BR>[Called By]<UL><LI><a href="#[31]">&gt;&gt;</a>&nbsp;&nbsp;&nbsp;ll_hw_go1 (via Veneer)
<LI><a href="#[32]">&gt;&gt;</a>&nbsp;&nbsp;&nbsp;LL_IRQHandler1 (via Veneer)
</UL>

<P><STRONG><a name="[19a]"></a>ll_hw_ign_rfifo</STRONG> (Thumb, 0 bytes, Stack size 0 bytes, bb_rom_sym_m0.txt(ABSOLUTE))
<BR><BR>[Called By]<UL><LI><a href="#[39]">&gt;&gt;</a>&nbsp;&nbsp;&nbsp;wakeup_init1 (via Veneer)
</UL>

<P><STRONG><a name="[170]"></a>ll_hw_rst_tfifo</STRONG> (Thumb, 0 bytes, Stack size 0 bytes, bb_rom_sym_m0.txt(ABSOLUTE))
<BR><BR>[Called By]<UL><LI><a href="#[157]">&gt;&gt;</a>&nbsp;&nbsp;&nbsp;rf_phy_direct_test (via Veneer)
<LI><a href="#[16e]">&gt;&gt;</a>&nbsp;&nbsp;&nbsp;rf_phy_dtm_trigged (via Veneer)
</UL>

<P><STRONG><a name="[16a]"></a>ll_hw_set_crc_fmt</STRONG> (Thumb, 0 bytes, Stack size 0 bytes, bb_rom_sym_m0.txt(ABSOLUTE))
<BR><BR>[Called By]<UL><LI><a href="#[169]">&gt;&gt;</a>&nbsp;&nbsp;&nbsp;rf_phy_bb_cfg (via Veneer)
</UL>

<P><STRONG><a name="[197]"></a>ll_hw_set_empty_head</STRONG> (Thumb, 0 bytes, Stack size 0 bytes, bb_rom_sym_m0.txt(ABSOLUTE))
<BR><BR>[Called By]<UL><LI><a href="#[39]">&gt;&gt;</a>&nbsp;&nbsp;&nbsp;wakeup_init1 (via Veneer)
</UL>

<P><STRONG><a name="[17d]"></a>ll_hw_set_irq</STRONG> (Thumb, 0 bytes, Stack size 0 bytes, bb_rom_sym_m0.txt(ABSOLUTE))
<BR><BR>[Called By]<UL><LI><a href="#[16e]">&gt;&gt;</a>&nbsp;&nbsp;&nbsp;rf_phy_dtm_trigged (via Veneer)
</UL>

<P><STRONG><a name="[199]"></a>ll_hw_set_loop_timeout</STRONG> (Thumb, 0 bytes, Stack size 0 bytes, bb_rom_sym_m0.txt(ABSOLUTE))
<BR><BR>[Called By]<UL><LI><a href="#[39]">&gt;&gt;</a>&nbsp;&nbsp;&nbsp;wakeup_init1 (via Veneer)
</UL>

<P><STRONG><a name="[c7]"></a>ll_hw_set_rx_timeout</STRONG> (Thumb, 0 bytes, Stack size 0 bytes, bb_rom_sym_m0.txt(ABSOLUTE))
<BR><BR>[Called By]<UL><LI><a href="#[39]">&gt;&gt;</a>&nbsp;&nbsp;&nbsp;wakeup_init1 (via Veneer)
<LI><a href="#[31]">&gt;&gt;</a>&nbsp;&nbsp;&nbsp;ll_hw_go1 (via Veneer)
<LI><a href="#[32]">&gt;&gt;</a>&nbsp;&nbsp;&nbsp;LL_IRQHandler1 (via Veneer)
</UL>

<P><STRONG><a name="[198]"></a>ll_hw_set_rx_timeout_1st</STRONG> (Thumb, 0 bytes, Stack size 0 bytes, bb_rom_sym_m0.txt(ABSOLUTE))
<BR><BR>[Called By]<UL><LI><a href="#[39]">&gt;&gt;</a>&nbsp;&nbsp;&nbsp;wakeup_init1 (via Veneer)
</UL>

<P><STRONG><a name="[17f]"></a>ll_hw_set_srx</STRONG> (Thumb, 0 bytes, Stack size 0 bytes, bb_rom_sym_m0.txt(ABSOLUTE))
<BR><BR>[Called By]<UL><LI><a href="#[16e]">&gt;&gt;</a>&nbsp;&nbsp;&nbsp;rf_phy_dtm_trigged (via Veneer)
</UL>

<P><STRONG><a name="[17e]"></a>ll_hw_set_stx</STRONG> (Thumb, 0 bytes, Stack size 0 bytes, bb_rom_sym_m0.txt(ABSOLUTE))
<BR><BR>[Called By]<UL><LI><a href="#[16e]">&gt;&gt;</a>&nbsp;&nbsp;&nbsp;rf_phy_dtm_trigged (via Veneer)
</UL>

<P><STRONG><a name="[179]"></a>ll_hw_set_timing</STRONG> (Thumb, 0 bytes, Stack size 0 bytes, bb_rom_sym_m0.txt(ABSOLUTE))
<BR><BR>[Called By]<UL><LI><a href="#[16e]">&gt;&gt;</a>&nbsp;&nbsp;&nbsp;rf_phy_dtm_trigged (via Veneer)
<LI><a href="#[39]">&gt;&gt;</a>&nbsp;&nbsp;&nbsp;wakeup_init1 (via Veneer)
</UL>

<P><STRONG><a name="[16f]"></a>ll_hw_set_trx_settle</STRONG> (Thumb, 0 bytes, Stack size 0 bytes, bb_rom_sym_m0.txt(ABSOLUTE))
<BR><BR>[Called By]<UL><LI><a href="#[157]">&gt;&gt;</a>&nbsp;&nbsp;&nbsp;rf_phy_direct_test (via Veneer)
</UL>

<P><STRONG><a name="[171]"></a>ll_hw_trigger</STRONG> (Thumb, 0 bytes, Stack size 0 bytes, bb_rom_sym_m0.txt(ABSOLUTE))
<BR><BR>[Called By]<UL><LI><a href="#[157]">&gt;&gt;</a>&nbsp;&nbsp;&nbsp;rf_phy_direct_test (via Veneer)
<LI><a href="#[16e]">&gt;&gt;</a>&nbsp;&nbsp;&nbsp;rf_phy_dtm_trigged (via Veneer)
</UL>

<P><STRONG><a name="[181]"></a>ll_hw_tx2rx_timing_config</STRONG> (Thumb, 0 bytes, Stack size 0 bytes, bb_rom_sym_m0.txt(ABSOLUTE))
<BR><BR>[Called By]<UL><LI><a href="#[2f]">&gt;&gt;</a>&nbsp;&nbsp;&nbsp;rf_phy_ini (via Veneer)
<LI><a href="#[3a]">&gt;&gt;</a>&nbsp;&nbsp;&nbsp;wakeupProcess1 (via Veneer)
</UL>

<P><STRONG><a name="[148]"></a>ll_hw_write_tfifo</STRONG> (Thumb, 0 bytes, Stack size 0 bytes, bb_rom_sym_m0.txt(ABSOLUTE))
<BR><BR>[Called By]<UL><LI><a href="#[17c]">&gt;&gt;</a>&nbsp;&nbsp;&nbsp;rf_phy_dtm_zigbee_pkt_gen (via Veneer)
<LI><a href="#[174]">&gt;&gt;</a>&nbsp;&nbsp;&nbsp;rf_phy_dtm_ble_pkt_gen (via Veneer)
<LI><a href="#[3e]">&gt;&gt;</a>&nbsp;&nbsp;&nbsp;ll_generateTxBuffer1 (via Veneer)
</UL>

<P><STRONG><a name="[c1]"></a>ll_processBasicIRQ</STRONG> (Thumb, 0 bytes, Stack size 0 bytes, bb_rom_sym_m0.txt(ABSOLUTE))
<BR><BR>[Called By]<UL><LI><a href="#[c2]">&gt;&gt;</a>&nbsp;&nbsp;&nbsp;ll_processBasicIRQ_secondaryScanSRX (via Veneer)
<LI><a href="#[c3]">&gt;&gt;</a>&nbsp;&nbsp;&nbsp;ll_processBasicIRQ_secondaryInitSRX (via Veneer)
<LI><a href="#[bf]">&gt;&gt;</a>&nbsp;&nbsp;&nbsp;ll_processBasicIRQ_secondaryAdvTRX (via Veneer)
<LI><a href="#[c0]">&gt;&gt;</a>&nbsp;&nbsp;&nbsp;ll_processBasicIRQ_ScanTRX (via Veneer)
<LI><a href="#[be]">&gt;&gt;</a>&nbsp;&nbsp;&nbsp;ll_processBasicIRQ_SRX (via Veneer)
<LI><a href="#[32]">&gt;&gt;</a>&nbsp;&nbsp;&nbsp;LL_IRQHandler1 (via Veneer)
</UL>

<P><STRONG><a name="[b9]"></a>ll_processExtAdvIRQ</STRONG> (Thumb, 0 bytes, Stack size 0 bytes, bb_rom_sym_m0.txt(ABSOLUTE))
<BR><BR>[Called By]<UL><LI><a href="#[32]">&gt;&gt;</a>&nbsp;&nbsp;&nbsp;LL_IRQHandler1 (via Veneer)
</UL>

<P><STRONG><a name="[bb]"></a>ll_processExtInitIRQ</STRONG> (Thumb, 0 bytes, Stack size 0 bytes, bb_rom_sym_m0.txt(ABSOLUTE))
<BR><BR>[Called By]<UL><LI><a href="#[32]">&gt;&gt;</a>&nbsp;&nbsp;&nbsp;LL_IRQHandler1 (via Veneer)
</UL>

<P><STRONG><a name="[ba]"></a>ll_processExtScanIRQ</STRONG> (Thumb, 0 bytes, Stack size 0 bytes, bb_rom_sym_m0.txt(ABSOLUTE))
<BR><BR>[Called By]<UL><LI><a href="#[32]">&gt;&gt;</a>&nbsp;&nbsp;&nbsp;LL_IRQHandler1 (via Veneer)
</UL>

<P><STRONG><a name="[bc]"></a>ll_processPrdAdvIRQ</STRONG> (Thumb, 0 bytes, Stack size 0 bytes, bb_rom_sym_m0.txt(ABSOLUTE))
<BR><BR>[Called By]<UL><LI><a href="#[32]">&gt;&gt;</a>&nbsp;&nbsp;&nbsp;LL_IRQHandler1 (via Veneer)
</UL>

<P><STRONG><a name="[bd]"></a>ll_processPrdScanIRQ</STRONG> (Thumb, 0 bytes, Stack size 0 bytes, bb_rom_sym_m0.txt(ABSOLUTE))
<BR><BR>[Called By]<UL><LI><a href="#[32]">&gt;&gt;</a>&nbsp;&nbsp;&nbsp;LL_IRQHandler1 (via Veneer)
</UL>

<P><STRONG><a name="[c4]"></a>ll_schedule_next_event</STRONG> (Thumb, 0 bytes, Stack size 0 bytes, bb_rom_sym_m0.txt(ABSOLUTE))
<BR><BR>[Called By]<UL><LI><a href="#[32]">&gt;&gt;</a>&nbsp;&nbsp;&nbsp;LL_IRQHandler1 (via Veneer)
</UL>

<P><STRONG><a name="[14e]"></a>ll_scheduler0</STRONG> (Thumb, 0 bytes, Stack size 0 bytes, bb_rom_sym_m0.txt(ABSOLUTE))
<BR><BR>[Called By]<UL><LI><a href="#[19]">&gt;&gt;</a>&nbsp;&nbsp;&nbsp;ll_scheduler2 (via Veneer)
</UL>

<P><STRONG><a name="[f2]"></a>log_printf</STRONG> (Thumb, 0 bytes, Stack size 0 bytes, bb_rom_sym_m0.txt(ABSOLUTE))
<BR><BR>[Called By]<UL><LI><a href="#[b]">&gt;&gt;</a>&nbsp;&nbsp;&nbsp;_hard_fault (via Veneer)
</UL>

<P><STRONG><a name="[193]"></a>osalTimeUpdate</STRONG> (Thumb, 0 bytes, Stack size 0 bytes, bb_rom_sym_m0.txt(ABSOLUTE))
<BR><BR>[Called By]<UL><LI><a href="#[3a]">&gt;&gt;</a>&nbsp;&nbsp;&nbsp;wakeupProcess1 (via Veneer)
</UL>

<P><STRONG><a name="[15b]"></a>osal_CbTimerInit</STRONG> (Thumb, 0 bytes, Stack size 0 bytes, bb_rom_sym_m0.txt(ABSOLUTE))
<BR><BR>[Called By]<UL><LI><a href="#[2c]">&gt;&gt;</a>&nbsp;&nbsp;&nbsp;osalInitTasks (via Veneer)
</UL>

<P><STRONG><a name="[21]"></a>osal_CbTimerProcessEvent</STRONG> (Thumb, 0 bytes, Stack size 0 bytes, bb_rom_sym_m0.txt(ABSOLUTE), UNUSED)
<BR>[Address Reference Count : 1]<UL><LI> osal_simplebleperipheral.o(.constdata)
</UL>
<P><STRONG><a name="[285]"></a>osal_CbTimerStart</STRONG> (Thumb, 0 bytes, Stack size 0 bytes, bb_rom_sym_m0.txt(ABSOLUTE))
<BR><BR>[Called By]<UL><LI><a href="#[7]">&gt;&gt;</a>&nbsp;&nbsp;&nbsp;smResponderSendNextKeyInfo (via Veneer)
<LI><a href="#[215]">&gt;&gt;</a>&nbsp;&nbsp;&nbsp;l2capSendReq (via Veneer)
<LI><a href="#[1f7]">&gt;&gt;</a>&nbsp;&nbsp;&nbsp;gattStartTimer (via Veneer)
<LI><a href="#[2e4]">&gt;&gt;</a>&nbsp;&nbsp;&nbsp;smStartRspTimer (via Veneer)
</UL>

<P><STRONG><a name="[286]"></a>osal_CbTimerStop</STRONG> (Thumb, 0 bytes, Stack size 0 bytes, bb_rom_sym_m0.txt(ABSOLUTE))
<BR><BR>[Called By]<UL><LI><a href="#[2a7]">&gt;&gt;</a>&nbsp;&nbsp;&nbsp;l2capStopTimer (via Veneer)
<LI><a href="#[27b]">&gt;&gt;</a>&nbsp;&nbsp;&nbsp;gattStopTimer (via Veneer)
<LI><a href="#[2ca]">&gt;&gt;</a>&nbsp;&nbsp;&nbsp;smStopRspTimer (via Veneer)
</UL>

<P><STRONG><a name="[2ee]"></a>osal_CbTimerUpdate</STRONG> (Thumb, 0 bytes, Stack size 0 bytes, bb_rom_sym_m0.txt(ABSOLUTE))
<BR><BR>[Called By]<UL><LI><a href="#[2e4]">&gt;&gt;</a>&nbsp;&nbsp;&nbsp;smStartRspTimer (via Veneer)
</UL>

<P><STRONG><a name="[223]"></a>osal_bm_adjust_header</STRONG> (Thumb, 0 bytes, Stack size 0 bytes, bb_rom_sym_m0.txt(ABSOLUTE))
<BR><BR>[Called By]<UL><LI><a href="#[2a2]">&gt;&gt;</a>&nbsp;&nbsp;&nbsp;l2capParsePacket (via Veneer)
<LI><a href="#[220]">&gt;&gt;</a>&nbsp;&nbsp;&nbsp;l2capEncapSendData (via Veneer)
<LI><a href="#[221]">&gt;&gt;</a>&nbsp;&nbsp;&nbsp;L2CAP_bm_alloc (via Veneer)
</UL>

<P><STRONG><a name="[21d]"></a>osal_bm_free</STRONG> (Thumb, 0 bytes, Stack size 0 bytes, bb_rom_sym_m0.txt(ABSOLUTE))
<BR><BR>[Called By]<UL><LI><a href="#[1a3]">&gt;&gt;</a>&nbsp;&nbsp;&nbsp;attSendMsg (via Veneer)
<LI><a href="#[29f]">&gt;&gt;</a>&nbsp;&nbsp;&nbsp;l2capPktToSegmentBuff (via Veneer)
<LI><a href="#[22c]">&gt;&gt;</a>&nbsp;&nbsp;&nbsp;smProcessOSALMsg (via Veneer)
<LI><a href="#[21a]">&gt;&gt;</a>&nbsp;&nbsp;&nbsp;l2capSarBufReset (via Veneer)
<LI><a href="#[21b]">&gt;&gt;</a>&nbsp;&nbsp;&nbsp;l2capProcessRxData (via Veneer)
<LI><a href="#[213]">&gt;&gt;</a>&nbsp;&nbsp;&nbsp;l2capSendCmd (via Veneer)
<LI><a href="#[1fb]">&gt;&gt;</a>&nbsp;&nbsp;&nbsp;gattProcessRxData (via Veneer)
<LI><a href="#[2cc]">&gt;&gt;</a>&nbsp;&nbsp;&nbsp;smSendSMMsg (via Veneer)
<LI><a href="#[21e]">&gt;&gt;</a>&nbsp;&nbsp;&nbsp;L2CAP_SegmentPkt_Reset (via Veneer)
<LI><a href="#[21c]">&gt;&gt;</a>&nbsp;&nbsp;&nbsp;L2CAP_ReassemblePkt_Reset (via Veneer)
</UL>

<P><STRONG><a name="[1bd]"></a>osal_get_timeoutEx</STRONG> (Thumb, 0 bytes, Stack size 0 bytes, bb_rom_sym_m0.txt(ABSOLUTE))
<BR><BR>[Called By]<UL><LI><a href="#[d7]">&gt;&gt;</a>&nbsp;&nbsp;&nbsp;GAPRole_SetParameter (via Veneer)
<LI><a href="#[272]">&gt;&gt;</a>&nbsp;&nbsp;&nbsp;gapRole_ProcessGAPMsg (via Veneer)
</UL>

<P><STRONG><a name="[103]"></a>osal_init_system</STRONG> (Thumb, 0 bytes, Stack size 0 bytes, bb_rom_sym_m0.txt(ABSOLUTE))
<BR><BR>[Called By]<UL><LI><a href="#[102]">&gt;&gt;</a>&nbsp;&nbsp;&nbsp;app_main (via Veneer)
</UL>

<P><STRONG><a name="[1d7]"></a>osal_isbufset</STRONG> (Thumb, 0 bytes, Stack size 0 bytes, bb_rom_sym_m0.txt(ABSOLUTE))
<BR><BR>[Called By]<UL><LI><a href="#[1c2]">&gt;&gt;</a>&nbsp;&nbsp;&nbsp;GAP_SecParamsInit (via Veneer)
</UL>

<P><STRONG><a name="[158]"></a>osal_mem_alloc</STRONG> (Thumb, 0 bytes, Stack size 0 bytes, bb_rom_sym_m0.txt(ABSOLUTE))
<BR><BR>[Called By]<UL><LI><a href="#[2c]">&gt;&gt;</a>&nbsp;&nbsp;&nbsp;osalInitTasks (via Veneer)
<LI><a href="#[1b7]">&gt;&gt;</a>&nbsp;&nbsp;&nbsp;GAP_MakeDiscoverable (via Veneer)
<LI><a href="#[e8]">&gt;&gt;</a>&nbsp;&nbsp;&nbsp;GATTServApp_RegisterService (via Veneer)
<LI><a href="#[29d]">&gt;&gt;</a>&nbsp;&nbsp;&nbsp;heap_data_init (via Veneer)
<LI><a href="#[237]">&gt;&gt;</a>&nbsp;&nbsp;&nbsp;upgrader_hp9_serial (via Veneer)
<LI><a href="#[1ee]">&gt;&gt;</a>&nbsp;&nbsp;&nbsp;GATT_RegisterService (via Veneer)
<LI><a href="#[287]">&gt;&gt;</a>&nbsp;&nbsp;&nbsp;generate_subkey (via Veneer)
<LI><a href="#[2ec]">&gt;&gt;</a>&nbsp;&nbsp;&nbsp;smSavePairInfo (via Veneer)
<LI><a href="#[2fc]">&gt;&gt;</a>&nbsp;&nbsp;&nbsp;smpResponderProcessSigningInfo (via Veneer)
<LI><a href="#[2f7]">&gt;&gt;</a>&nbsp;&nbsp;&nbsp;smpResponderProcessIdentityInfo (via Veneer)
<LI><a href="#[2f5]">&gt;&gt;</a>&nbsp;&nbsp;&nbsp;smpResponderProcessEncryptionInformation (via Veneer)
<LI><a href="#[7]">&gt;&gt;</a>&nbsp;&nbsp;&nbsp;smResponderSendNextKeyInfo (via Veneer)
<LI><a href="#[1d0]">&gt;&gt;</a>&nbsp;&nbsp;&nbsp;gapAllocAdvRecs (via Veneer)
<LI><a href="#[25a]">&gt;&gt;</a>&nbsp;&nbsp;&nbsp;gapPairingCompleteCB (via Veneer)
<LI><a href="#[1ac]">&gt;&gt;</a>&nbsp;&nbsp;&nbsp;SM_VerifyAuthenSig (via Veneer)
<LI><a href="#[225]">&gt;&gt;</a>&nbsp;&nbsp;&nbsp;SM_GenerateAuthenSig (via Veneer)
<LI><a href="#[229]">&gt;&gt;</a>&nbsp;&nbsp;&nbsp;sm_CMAC (via Veneer)
</UL>

<P><STRONG><a name="[1ce]"></a>osal_mem_free</STRONG> (Thumb, 0 bytes, Stack size 0 bytes, bb_rom_sym_m0.txt(ABSOLUTE))
<BR><BR>[Called By]<UL><LI><a href="#[1c3]">&gt;&gt;</a>&nbsp;&nbsp;&nbsp;GAP_PeriDevMgrInit (via Veneer)
<LI><a href="#[236]">&gt;&gt;</a>&nbsp;&nbsp;&nbsp;heap_data_free (via Veneer)
<LI><a href="#[287]">&gt;&gt;</a>&nbsp;&nbsp;&nbsp;generate_subkey (via Veneer)
<LI><a href="#[2e6]">&gt;&gt;</a>&nbsp;&nbsp;&nbsp;smProcessRandComplete (via Veneer)
<LI><a href="#[1ca]">&gt;&gt;</a>&nbsp;&nbsp;&nbsp;gapFreeAdvertState (via Veneer)
<LI><a href="#[1d0]">&gt;&gt;</a>&nbsp;&nbsp;&nbsp;gapAllocAdvRecs (via Veneer)
<LI><a href="#[269]">&gt;&gt;</a>&nbsp;&nbsp;&nbsp;linkDB_Remove (via Veneer)
<LI><a href="#[25a]">&gt;&gt;</a>&nbsp;&nbsp;&nbsp;gapPairingCompleteCB (via Veneer)
<LI><a href="#[258]">&gt;&gt;</a>&nbsp;&nbsp;&nbsp;gapFreeAuthLink (via Veneer)
<LI><a href="#[259]">&gt;&gt;</a>&nbsp;&nbsp;&nbsp;gapFreeEstLink (via Veneer)
<LI><a href="#[1ac]">&gt;&gt;</a>&nbsp;&nbsp;&nbsp;SM_VerifyAuthenSig (via Veneer)
<LI><a href="#[225]">&gt;&gt;</a>&nbsp;&nbsp;&nbsp;SM_GenerateAuthenSig (via Veneer)
<LI><a href="#[2c9]">&gt;&gt;</a>&nbsp;&nbsp;&nbsp;smFreePairingParams (via Veneer)
<LI><a href="#[229]">&gt;&gt;</a>&nbsp;&nbsp;&nbsp;sm_CMAC (via Veneer)
</UL>

<P><STRONG><a name="[12e]"></a>osal_mem_set_heap</STRONG> (Thumb, 0 bytes, Stack size 0 bytes, bb_rom_sym_m0.txt(ABSOLUTE))
<BR><BR>[Called By]<UL><LI><a href="#[12b]">&gt;&gt;</a>&nbsp;&nbsp;&nbsp;hal_rfphy_init (via Veneer)
</UL>

<P><STRONG><a name="[10d]"></a>osal_memcmp</STRONG> (Thumb, 0 bytes, Stack size 0 bytes, bb_rom_sym_m0.txt(ABSOLUTE))
<BR><BR>[Called By]<UL><LI><a href="#[27e]">&gt;&gt;</a>&nbsp;&nbsp;&nbsp;gattServApp_ProcessFindByTypeValueReq (via Veneer)
<LI><a href="#[237]">&gt;&gt;</a>&nbsp;&nbsp;&nbsp;upgrader_hp9_serial (via Veneer)
<LI><a href="#[1a0]">&gt;&gt;</a>&nbsp;&nbsp;&nbsp;ATT_CompareUUID (via Veneer)
<LI><a href="#[2b3]">&gt;&gt;</a>&nbsp;&nbsp;&nbsp;process_cmd (via Veneer)
<LI><a href="#[f1]">&gt;&gt;</a>&nbsp;&nbsp;&nbsp;finidv (via Veneer)
<LI><a href="#[40]">&gt;&gt;</a>&nbsp;&nbsp;&nbsp;llConnTerminate1 (via Veneer)
<LI><a href="#[2fa]">&gt;&gt;</a>&nbsp;&nbsp;&nbsp;smpResponderProcessPairingRandom (via Veneer)
<LI><a href="#[8]">&gt;&gt;</a>&nbsp;&nbsp;&nbsp;smResponderProcessLTKReq (via Veneer)
<LI><a href="#[1ac]">&gt;&gt;</a>&nbsp;&nbsp;&nbsp;SM_VerifyAuthenSig (via Veneer)
</UL>

<P><STRONG><a name="[ea]"></a>osal_memcpy</STRONG> (Thumb, 0 bytes, Stack size 0 bytes, bb_rom_sym_m0.txt(ABSOLUTE))
<BR><BR>[Called By]<UL><LI><a href="#[280]">&gt;&gt;</a>&nbsp;&nbsp;&nbsp;gattServApp_ProcessReadMultiReq (via Veneer)
<LI><a href="#[27f]">&gt;&gt;</a>&nbsp;&nbsp;&nbsp;gattServApp_ProcessReadByTypeReq (via Veneer)
<LI><a href="#[281]">&gt;&gt;</a>&nbsp;&nbsp;&nbsp;gattServApp_ProcessReadByGrpTypeReq (via Veneer)
<LI><a href="#[283]">&gt;&gt;</a>&nbsp;&nbsp;&nbsp;gattServApp_ProcessPrepareWriteReq (via Veneer)
<LI><a href="#[1bc]">&gt;&gt;</a>&nbsp;&nbsp;&nbsp;GAP_UpdateAdvertisingData (via Veneer)
<LI><a href="#[1b7]">&gt;&gt;</a>&nbsp;&nbsp;&nbsp;GAP_MakeDiscoverable (via Veneer)
<LI><a href="#[d7]">&gt;&gt;</a>&nbsp;&nbsp;&nbsp;GAPRole_SetParameter (via Veneer)
<LI><a href="#[26]">&gt;&gt;</a>&nbsp;&nbsp;&nbsp;GAPRole_ProcessEvent (via Veneer)
<LI><a href="#[184]">&gt;&gt;</a>&nbsp;&nbsp;&nbsp;GAPRole_GetParameter (via Veneer)
<LI><a href="#[272]">&gt;&gt;</a>&nbsp;&nbsp;&nbsp;gapRole_ProcessGAPMsg (via Veneer)
<LI><a href="#[68]">&gt;&gt;</a>&nbsp;&nbsp;&nbsp;ggs_WriteAttrCB (via Veneer)
<LI><a href="#[67]">&gt;&gt;</a>&nbsp;&nbsp;&nbsp;ggs_ReadAttrCB (via Veneer)
<LI><a href="#[205]">&gt;&gt;</a>&nbsp;&nbsp;&nbsp;GGS_SetParameter (via Veneer)
<LI><a href="#[1e5]">&gt;&gt;</a>&nbsp;&nbsp;&nbsp;GATTServApp_ReadAttr (via Veneer)
<LI><a href="#[23f]">&gt;&gt;</a>&nbsp;&nbsp;&nbsp;update_sndata (via Veneer)
<LI><a href="#[241]">&gt;&gt;</a>&nbsp;&nbsp;&nbsp;update_backdoor (via Veneer)
<LI><a href="#[23e]">&gt;&gt;</a>&nbsp;&nbsp;&nbsp;round_read_from_buff (via Veneer)
<LI><a href="#[237]">&gt;&gt;</a>&nbsp;&nbsp;&nbsp;upgrader_hp9_serial (via Veneer)
<LI><a href="#[244]">&gt;&gt;</a>&nbsp;&nbsp;&nbsp;check_file_info (via Veneer)
<LI><a href="#[23a]">&gt;&gt;</a>&nbsp;&nbsp;&nbsp;backdoor_changesn (via Veneer)
<LI><a href="#[0]">&gt;&gt;</a>&nbsp;&nbsp;&nbsp;peripheralStateNotificationCB (via Veneer)
<LI><a href="#[162]">&gt;&gt;</a>&nbsp;&nbsp;&nbsp;SimpleBLEPeripheral_Init (via Veneer)
<LI><a href="#[233]">&gt;&gt;</a>&nbsp;&nbsp;&nbsp;updata_file_info (via Veneer)
<LI><a href="#[240]">&gt;&gt;</a>&nbsp;&nbsp;&nbsp;get_file_info (via Veneer)
<LI><a href="#[234]">&gt;&gt;</a>&nbsp;&nbsp;&nbsp;response (via Veneer)
<LI><a href="#[2b2]">&gt;&gt;</a>&nbsp;&nbsp;&nbsp;process_cmd (via Veneer)
<LI><a href="#[29a]">&gt;&gt;</a>&nbsp;&nbsp;&nbsp;handle_file_again (via Veneer)
<LI><a href="#[1ee]">&gt;&gt;</a>&nbsp;&nbsp;&nbsp;GATT_RegisterService (via Veneer)
<LI><a href="#[2bc]">&gt;&gt;</a>&nbsp;&nbsp;&nbsp;response_rsp (via Veneer)
<LI><a href="#[2b9]">&gt;&gt;</a>&nbsp;&nbsp;&nbsp;response (via Veneer)
<LI><a href="#[2b3]">&gt;&gt;</a>&nbsp;&nbsp;&nbsp;process_cmd (via Veneer)
<LI><a href="#[183]">&gt;&gt;</a>&nbsp;&nbsp;&nbsp;updateAdvData (via Veneer)
<LI><a href="#[dc]">&gt;&gt;</a>&nbsp;&nbsp;&nbsp;simpleProfile_Notify (via Veneer)
<LI><a href="#[e0]">&gt;&gt;</a>&nbsp;&nbsp;&nbsp;SimpleProfile_SetParameter (via Veneer)
<LI><a href="#[e9]">&gt;&gt;</a>&nbsp;&nbsp;&nbsp;SimpleProfile_GetParameter (via Veneer)
<LI><a href="#[2b]">&gt;&gt;</a>&nbsp;&nbsp;&nbsp;simpleProfile_WriteAttrCB (via Veneer)
<LI><a href="#[2a]">&gt;&gt;</a>&nbsp;&nbsp;&nbsp;simpleProfile_ReadAttrCB (via Veneer)
<LI><a href="#[4c]">&gt;&gt;</a>&nbsp;&nbsp;&nbsp;ATT_BuildReadRsp (via Veneer)
<LI><a href="#[4b]">&gt;&gt;</a>&nbsp;&nbsp;&nbsp;ATT_BuildReadMultiRsp (via Veneer)
<LI><a href="#[4a]">&gt;&gt;</a>&nbsp;&nbsp;&nbsp;ATT_BuildReadByTypeRsp (via Veneer)
<LI><a href="#[49]">&gt;&gt;</a>&nbsp;&nbsp;&nbsp;ATT_BuildReadByGrpTypeRsp (via Veneer)
<LI><a href="#[48]">&gt;&gt;</a>&nbsp;&nbsp;&nbsp;ATT_BuildReadBlobRsp (via Veneer)
<LI><a href="#[47]">&gt;&gt;</a>&nbsp;&nbsp;&nbsp;ATT_BuildPrepareWriteRsp (via Veneer)
<LI><a href="#[46]">&gt;&gt;</a>&nbsp;&nbsp;&nbsp;ATT_BuildHandleValueInd (via Veneer)
<LI><a href="#[45]">&gt;&gt;</a>&nbsp;&nbsp;&nbsp;ATT_BuildFindInfoRsp (via Veneer)
<LI><a href="#[31]">&gt;&gt;</a>&nbsp;&nbsp;&nbsp;ll_hw_go1 (via Veneer)
<LI><a href="#[19e]">&gt;&gt;</a>&nbsp;&nbsp;&nbsp;TRNG_Rand (via Veneer)
<LI><a href="#[29f]">&gt;&gt;</a>&nbsp;&nbsp;&nbsp;l2capPktToSegmentBuff (via Veneer)
<LI><a href="#[2e6]">&gt;&gt;</a>&nbsp;&nbsp;&nbsp;smProcessRandComplete (via Veneer)
<LI><a href="#[2ec]">&gt;&gt;</a>&nbsp;&nbsp;&nbsp;smSavePairInfo (via Veneer)
<LI><a href="#[2d5]">&gt;&gt;</a>&nbsp;&nbsp;&nbsp;smPairingSendMasterID (via Veneer)
<LI><a href="#[2d3]">&gt;&gt;</a>&nbsp;&nbsp;&nbsp;smPairingSendIdentityAddrInfo (via Veneer)
<LI><a href="#[2d0]">&gt;&gt;</a>&nbsp;&nbsp;&nbsp;smGenerateRandMsg (via Veneer)
<LI><a href="#[2cb]">&gt;&gt;</a>&nbsp;&nbsp;&nbsp;smGenerateConfirm (via Veneer)
<LI><a href="#[2f8]">&gt;&gt;</a>&nbsp;&nbsp;&nbsp;smpResponderProcessPairingReq (via Veneer)
<LI><a href="#[2fc]">&gt;&gt;</a>&nbsp;&nbsp;&nbsp;smpResponderProcessSigningInfo (via Veneer)
<LI><a href="#[2fa]">&gt;&gt;</a>&nbsp;&nbsp;&nbsp;smpResponderProcessPairingRandom (via Veneer)
<LI><a href="#[2f9]">&gt;&gt;</a>&nbsp;&nbsp;&nbsp;smpResponderProcessPairingConfirm (via Veneer)
<LI><a href="#[2fb]">&gt;&gt;</a>&nbsp;&nbsp;&nbsp;smpResponderProcessMasterID (via Veneer)
<LI><a href="#[2f7]">&gt;&gt;</a>&nbsp;&nbsp;&nbsp;smpResponderProcessIdentityInfo (via Veneer)
<LI><a href="#[2f6]">&gt;&gt;</a>&nbsp;&nbsp;&nbsp;smpResponderProcessIdentityAddrInfo (via Veneer)
<LI><a href="#[2f5]">&gt;&gt;</a>&nbsp;&nbsp;&nbsp;smpResponderProcessEncryptionInformation (via Veneer)
<LI><a href="#[8]">&gt;&gt;</a>&nbsp;&nbsp;&nbsp;smResponderProcessLTKReq (via Veneer)
<LI><a href="#[2a2]">&gt;&gt;</a>&nbsp;&nbsp;&nbsp;l2capParsePacket (via Veneer)
<LI><a href="#[2a0]">&gt;&gt;</a>&nbsp;&nbsp;&nbsp;l2capNotifySignal (via Veneer)
<LI><a href="#[2a1]">&gt;&gt;</a>&nbsp;&nbsp;&nbsp;l2capNotifyData (via Veneer)
<LI><a href="#[279]">&gt;&gt;</a>&nbsp;&nbsp;&nbsp;gattNotifyEvent (via Veneer)
<LI><a href="#[71]">&gt;&gt;</a>&nbsp;&nbsp;&nbsp;gattProcessFindInfoReq (via Veneer)
<LI><a href="#[266]">&gt;&gt;</a>&nbsp;&nbsp;&nbsp;linkDB_Add (via Veneer)
<LI><a href="#[25d]">&gt;&gt;</a>&nbsp;&nbsp;&nbsp;gapPasskeyNeededCB (via Veneer)
<LI><a href="#[25a]">&gt;&gt;</a>&nbsp;&nbsp;&nbsp;gapPairingCompleteCB (via Veneer)
<LI><a href="#[25c]">&gt;&gt;</a>&nbsp;&nbsp;&nbsp;sendAuthEvent (via Veneer)
<LI><a href="#[1d5]">&gt;&gt;</a>&nbsp;&nbsp;&nbsp;SM_CalcRandomAddr (via Veneer)
<LI><a href="#[22e]">&gt;&gt;</a>&nbsp;&nbsp;&nbsp;gapUpdateConnSignCounter (via Veneer)
<LI><a href="#[26d]">&gt;&gt;</a>&nbsp;&nbsp;&nbsp;gapReadBD_ADDRStatus (via Veneer)
<LI><a href="#[26b]">&gt;&gt;</a>&nbsp;&nbsp;&nbsp;gapProcessRandomAddrComplete (via Veneer)
<LI><a href="#[1d6]">&gt;&gt;</a>&nbsp;&nbsp;&nbsp;gapProcessNewAddr (via Veneer)
<LI><a href="#[270]">&gt;&gt;</a>&nbsp;&nbsp;&nbsp;gapSendDeviceInitDoneEvent (via Veneer)
<LI><a href="#[265]">&gt;&gt;</a>&nbsp;&nbsp;&nbsp;sendEstLinkEvent (via Veneer)
<LI><a href="#[7c]">&gt;&gt;</a>&nbsp;&nbsp;&nbsp;ATT_ParseWriteReq (via Veneer)
<LI><a href="#[74]">&gt;&gt;</a>&nbsp;&nbsp;&nbsp;ATT_ParseReadByTypeReq (via Veneer)
<LI><a href="#[7e]">&gt;&gt;</a>&nbsp;&nbsp;&nbsp;ATT_ParsePrepareWriteReq (via Veneer)
<LI><a href="#[72]">&gt;&gt;</a>&nbsp;&nbsp;&nbsp;ATT_ParseFindByTypeValueReq (via Veneer)
<LI><a href="#[1a1]">&gt;&gt;</a>&nbsp;&nbsp;&nbsp;ATT_ConvertUUIDto128 (via Veneer)
<LI><a href="#[2e0]">&gt;&gt;</a>&nbsp;&nbsp;&nbsp;smpParseSigningInfo (via Veneer)
<LI><a href="#[2da]">&gt;&gt;</a>&nbsp;&nbsp;&nbsp;smpParsePairingRandom (via Veneer)
<LI><a href="#[2d9]">&gt;&gt;</a>&nbsp;&nbsp;&nbsp;smpParsePairingConfirm (via Veneer)
<LI><a href="#[2dd]">&gt;&gt;</a>&nbsp;&nbsp;&nbsp;smpParseMasterID (via Veneer)
<LI><a href="#[2de]">&gt;&gt;</a>&nbsp;&nbsp;&nbsp;smpParseIdentityInfo (via Veneer)
<LI><a href="#[2df]">&gt;&gt;</a>&nbsp;&nbsp;&nbsp;smpParseIdentityAddrInfo (via Veneer)
<LI><a href="#[2dc]">&gt;&gt;</a>&nbsp;&nbsp;&nbsp;smpParseEncInfo (via Veneer)
<LI><a href="#[63]">&gt;&gt;</a>&nbsp;&nbsp;&nbsp;smpBuildSigningInfo (via Veneer)
<LI><a href="#[5e]">&gt;&gt;</a>&nbsp;&nbsp;&nbsp;smpBuildPairingRandom (via Veneer)
<LI><a href="#[5b]">&gt;&gt;</a>&nbsp;&nbsp;&nbsp;smpBuildPairingConfirm (via Veneer)
<LI><a href="#[62]">&gt;&gt;</a>&nbsp;&nbsp;&nbsp;smpBuildMasterID (via Veneer)
<LI><a href="#[61]">&gt;&gt;</a>&nbsp;&nbsp;&nbsp;smpBuildIdentityInfo (via Veneer)
<LI><a href="#[60]">&gt;&gt;</a>&nbsp;&nbsp;&nbsp;smpBuildIdentityAddrInfo (via Veneer)
<LI><a href="#[5f]">&gt;&gt;</a>&nbsp;&nbsp;&nbsp;smpBuildEncInfo (via Veneer)
<LI><a href="#[2f1]">&gt;&gt;</a>&nbsp;&nbsp;&nbsp;sm_c1new (via Veneer)
<LI><a href="#[229]">&gt;&gt;</a>&nbsp;&nbsp;&nbsp;sm_CMAC (via Veneer)
</UL>

<P><STRONG><a name="[25b]"></a>osal_memdup</STRONG> (Thumb, 0 bytes, Stack size 0 bytes, bb_rom_sym_m0.txt(ABSOLUTE))
<BR><BR>[Called By]<UL><LI><a href="#[25a]">&gt;&gt;</a>&nbsp;&nbsp;&nbsp;gapPairingCompleteCB (via Veneer)
</UL>

<P><STRONG><a name="[13a]"></a>osal_memset</STRONG> (Thumb, 0 bytes, Stack size 0 bytes, bb_rom_sym_m0.txt(ABSOLUTE))
<BR><BR>[Called By]<UL><LI><a href="#[2c]">&gt;&gt;</a>&nbsp;&nbsp;&nbsp;osalInitTasks (via Veneer)
<LI><a href="#[138]">&gt;&gt;</a>&nbsp;&nbsp;&nbsp;light_init (via Veneer)
<LI><a href="#[1df]">&gt;&gt;</a>&nbsp;&nbsp;&nbsp;gattServApp_SetNumPrepareWrites (via Veneer)
<LI><a href="#[27e]">&gt;&gt;</a>&nbsp;&nbsp;&nbsp;gattServApp_ProcessFindByTypeValueReq (via Veneer)
<LI><a href="#[27d]">&gt;&gt;</a>&nbsp;&nbsp;&nbsp;gattServApp_ProcessExecuteWriteReq (via Veneer)
<LI><a href="#[4d]">&gt;&gt;</a>&nbsp;&nbsp;&nbsp;gattServApp_HandleConnStatusCB (via Veneer)
<LI><a href="#[1bc]">&gt;&gt;</a>&nbsp;&nbsp;&nbsp;GAP_UpdateAdvertisingData (via Veneer)
<LI><a href="#[d7]">&gt;&gt;</a>&nbsp;&nbsp;&nbsp;GAPRole_SetParameter (via Veneer)
<LI><a href="#[160]">&gt;&gt;</a>&nbsp;&nbsp;&nbsp;GAPRole_Init (via Veneer)
<LI><a href="#[272]">&gt;&gt;</a>&nbsp;&nbsp;&nbsp;gapRole_ProcessGAPMsg (via Veneer)
<LI><a href="#[205]">&gt;&gt;</a>&nbsp;&nbsp;&nbsp;GGS_SetParameter (via Veneer)
<LI><a href="#[1e5]">&gt;&gt;</a>&nbsp;&nbsp;&nbsp;GATTServApp_ReadAttr (via Veneer)
<LI><a href="#[1c1]">&gt;&gt;</a>&nbsp;&nbsp;&nbsp;GAP_ParamsInit (via Veneer)
<LI><a href="#[29d]">&gt;&gt;</a>&nbsp;&nbsp;&nbsp;heap_data_init (via Veneer)
<LI><a href="#[23f]">&gt;&gt;</a>&nbsp;&nbsp;&nbsp;update_sndata (via Veneer)
<LI><a href="#[241]">&gt;&gt;</a>&nbsp;&nbsp;&nbsp;update_backdoor (via Veneer)
<LI><a href="#[242]">&gt;&gt;</a>&nbsp;&nbsp;&nbsp;read_oem_cmd_withdelay (via Veneer)
<LI><a href="#[2bf]">&gt;&gt;</a>&nbsp;&nbsp;&nbsp;read_oem_cmd (via Veneer)
<LI><a href="#[23d]">&gt;&gt;</a>&nbsp;&nbsp;&nbsp;read_file_from_flash (via Veneer)
<LI><a href="#[237]">&gt;&gt;</a>&nbsp;&nbsp;&nbsp;upgrader_hp9_serial (via Veneer)
<LI><a href="#[23a]">&gt;&gt;</a>&nbsp;&nbsp;&nbsp;backdoor_changesn (via Veneer)
<LI><a href="#[234]">&gt;&gt;</a>&nbsp;&nbsp;&nbsp;response (via Veneer)
<LI><a href="#[2b2]">&gt;&gt;</a>&nbsp;&nbsp;&nbsp;process_cmd (via Veneer)
<LI><a href="#[2bc]">&gt;&gt;</a>&nbsp;&nbsp;&nbsp;response_rsp (via Veneer)
<LI><a href="#[2b9]">&gt;&gt;</a>&nbsp;&nbsp;&nbsp;response (via Veneer)
<LI><a href="#[2b3]">&gt;&gt;</a>&nbsp;&nbsp;&nbsp;process_cmd (via Veneer)
<LI><a href="#[287]">&gt;&gt;</a>&nbsp;&nbsp;&nbsp;generate_subkey (via Veneer)
<LI><a href="#[2f8]">&gt;&gt;</a>&nbsp;&nbsp;&nbsp;smpResponderProcessPairingReq (via Veneer)
<LI><a href="#[7]">&gt;&gt;</a>&nbsp;&nbsp;&nbsp;smResponderSendNextKeyInfo (via Veneer)
<LI><a href="#[8]">&gt;&gt;</a>&nbsp;&nbsp;&nbsp;smResponderProcessLTKReq (via Veneer)
<LI><a href="#[2a0]">&gt;&gt;</a>&nbsp;&nbsp;&nbsp;l2capNotifySignal (via Veneer)
<LI><a href="#[2a1]">&gt;&gt;</a>&nbsp;&nbsp;&nbsp;l2capNotifyData (via Veneer)
<LI><a href="#[279]">&gt;&gt;</a>&nbsp;&nbsp;&nbsp;gattNotifyEvent (via Veneer)
<LI><a href="#[1d0]">&gt;&gt;</a>&nbsp;&nbsp;&nbsp;gapAllocAdvRecs (via Veneer)
<LI><a href="#[269]">&gt;&gt;</a>&nbsp;&nbsp;&nbsp;linkDB_Remove (via Veneer)
<LI><a href="#[275]">&gt;&gt;</a>&nbsp;&nbsp;&nbsp;gapSendPairingReqEvent (via Veneer)
<LI><a href="#[273]">&gt;&gt;</a>&nbsp;&nbsp;&nbsp;gapSendBondCompleteEvent (via Veneer)
<LI><a href="#[25c]">&gt;&gt;</a>&nbsp;&nbsp;&nbsp;sendAuthEvent (via Veneer)
<LI><a href="#[265]">&gt;&gt;</a>&nbsp;&nbsp;&nbsp;sendEstLinkEvent (via Veneer)
<LI><a href="#[1ac]">&gt;&gt;</a>&nbsp;&nbsp;&nbsp;SM_VerifyAuthenSig (via Veneer)
<LI><a href="#[2ce]">&gt;&gt;</a>&nbsp;&nbsp;&nbsp;smSetPairingReqRsp (via Veneer)
<LI><a href="#[2f1]">&gt;&gt;</a>&nbsp;&nbsp;&nbsp;sm_c1new (via Veneer)
<LI><a href="#[224]">&gt;&gt;</a>&nbsp;&nbsp;&nbsp;sm_ah (via Veneer)
<LI><a href="#[229]">&gt;&gt;</a>&nbsp;&nbsp;&nbsp;sm_CMAC (via Veneer)
</UL>

<P><STRONG><a name="[1ef]"></a>osal_msg_allocate</STRONG> (Thumb, 0 bytes, Stack size 0 bytes, bb_rom_sym_m0.txt(ABSOLUTE))
<BR><BR>[Called By]<UL><LI><a href="#[1e3]">&gt;&gt;</a>&nbsp;&nbsp;&nbsp;GATTServApp_SendCCCUpdatedEvent (via Veneer)
<LI><a href="#[2e6]">&gt;&gt;</a>&nbsp;&nbsp;&nbsp;smProcessRandComplete (via Veneer)
<LI><a href="#[2a0]">&gt;&gt;</a>&nbsp;&nbsp;&nbsp;l2capNotifySignal (via Veneer)
<LI><a href="#[2a1]">&gt;&gt;</a>&nbsp;&nbsp;&nbsp;l2capNotifyData (via Veneer)
<LI><a href="#[220]">&gt;&gt;</a>&nbsp;&nbsp;&nbsp;l2capEncapSendData (via Veneer)
<LI><a href="#[279]">&gt;&gt;</a>&nbsp;&nbsp;&nbsp;gattNotifyEvent (via Veneer)
<LI><a href="#[25f]">&gt;&gt;</a>&nbsp;&nbsp;&nbsp;gapWriteAdvEnableStatus (via Veneer)
<LI><a href="#[260]">&gt;&gt;</a>&nbsp;&nbsp;&nbsp;gapWriteAdvDataStatus (via Veneer)
<LI><a href="#[274]">&gt;&gt;</a>&nbsp;&nbsp;&nbsp;gapSendMakeDiscEvent (via Veneer)
<LI><a href="#[275]">&gt;&gt;</a>&nbsp;&nbsp;&nbsp;gapSendPairingReqEvent (via Veneer)
<LI><a href="#[273]">&gt;&gt;</a>&nbsp;&nbsp;&nbsp;gapSendBondCompleteEvent (via Veneer)
<LI><a href="#[25d]">&gt;&gt;</a>&nbsp;&nbsp;&nbsp;gapPasskeyNeededCB (via Veneer)
<LI><a href="#[267]">&gt;&gt;</a>&nbsp;&nbsp;&nbsp;sendTerminateEvent (via Veneer)
<LI><a href="#[25c]">&gt;&gt;</a>&nbsp;&nbsp;&nbsp;sendAuthEvent (via Veneer)
<LI><a href="#[22e]">&gt;&gt;</a>&nbsp;&nbsp;&nbsp;gapUpdateConnSignCounter (via Veneer)
<LI><a href="#[26b]">&gt;&gt;</a>&nbsp;&nbsp;&nbsp;gapProcessRandomAddrComplete (via Veneer)
<LI><a href="#[270]">&gt;&gt;</a>&nbsp;&nbsp;&nbsp;gapSendDeviceInitDoneEvent (via Veneer)
<LI><a href="#[265]">&gt;&gt;</a>&nbsp;&nbsp;&nbsp;sendEstLinkEvent (via Veneer)
<LI><a href="#[262]">&gt;&gt;</a>&nbsp;&nbsp;&nbsp;gapSendLinkUpdateEvent (via Veneer)
</UL>

<P><STRONG><a name="[d5]"></a>osal_msg_deallocate</STRONG> (Thumb, 0 bytes, Stack size 0 bytes, bb_rom_sym_m0.txt(ABSOLUTE))
<BR><BR>[Called By]<UL><LI><a href="#[26]">&gt;&gt;</a>&nbsp;&nbsp;&nbsp;GAPRole_ProcessEvent (via Veneer)
<LI><a href="#[28]">&gt;&gt;</a>&nbsp;&nbsp;&nbsp;SimpleBLEPeripheral_ProcessEvent (via Veneer)
<LI><a href="#[23]">&gt;&gt;</a>&nbsp;&nbsp;&nbsp;SM_ProcessEvent (via Veneer)
<LI><a href="#[29]">&gt;&gt;</a>&nbsp;&nbsp;&nbsp;OTATEST_Event (via Veneer)
<LI><a href="#[22]">&gt;&gt;</a>&nbsp;&nbsp;&nbsp;L2CAP_ProcessEvent (via Veneer)
<LI><a href="#[25]">&gt;&gt;</a>&nbsp;&nbsp;&nbsp;GATT_ProcessEvent (via Veneer)
<LI><a href="#[24]">&gt;&gt;</a>&nbsp;&nbsp;&nbsp;GAP_ProcessEvent (via Veneer)
<LI><a href="#[27]">&gt;&gt;</a>&nbsp;&nbsp;&nbsp;GATTServApp_ProcessEvent (via Veneer)
</UL>

<P><STRONG><a name="[d3]"></a>osal_msg_receive</STRONG> (Thumb, 0 bytes, Stack size 0 bytes, bb_rom_sym_m0.txt(ABSOLUTE))
<BR><BR>[Called By]<UL><LI><a href="#[26]">&gt;&gt;</a>&nbsp;&nbsp;&nbsp;GAPRole_ProcessEvent (via Veneer)
<LI><a href="#[28]">&gt;&gt;</a>&nbsp;&nbsp;&nbsp;SimpleBLEPeripheral_ProcessEvent (via Veneer)
<LI><a href="#[23]">&gt;&gt;</a>&nbsp;&nbsp;&nbsp;SM_ProcessEvent (via Veneer)
<LI><a href="#[29]">&gt;&gt;</a>&nbsp;&nbsp;&nbsp;OTATEST_Event (via Veneer)
<LI><a href="#[22]">&gt;&gt;</a>&nbsp;&nbsp;&nbsp;L2CAP_ProcessEvent (via Veneer)
[...]
</UL>
<BR>[Calls]<UL><LI><a href="#[284]">&gt;&gt;</a>&nbsp;&nbsp;&nbsp;GATT_ServiceNumAttrs
</UL>
<BR>[Called By]<UL><LI><a href="#[1ec]">&gt;&gt;</a>&nbsp;&nbsp;&nbsp;GATT_FindNextAttr
</UL>

<P><STRONG><a name="[1fb]"></a>gattProcessRxData</STRONG> (Thumb, 142 bytes, Stack size 32 bytes, gatt_task.o(i.gattProcessRxData))
<BR><BR>[Stack]<UL><LI>Max Depth = 284<LI>Call Chain = gattProcessRxData &rArr; ATT_ErrorRsp &rArr; attSendMsg &rArr; SM_GenerateAuthenSig &rArr; sm_CMAC &rArr; generate_subkey &rArr; xor_128
</UL>
<BR>[Calls]<UL><LI><a href="#[1a2]">&gt;&gt;</a>&nbsp;&nbsp;&nbsp;ATT_ErrorRsp
<LI><a href="#[21d]">&gt;&gt;</a>&nbsp;&nbsp;&nbsp;osal_bm_free (via Veneer)
<LI><a href="#[1f2]">&gt;&gt;</a>&nbsp;&nbsp;&nbsp;L2CAP_HostNumCompletedPkts
<LI><a href="#[1ab]">&gt;&gt;</a>&nbsp;&nbsp;&nbsp;ATT_ParsePacket
</UL>
<BR>[Called By]<UL><LI><a href="#[25]">&gt;&gt;</a>&nbsp;&nbsp;&nbsp;GATT_ProcessEvent
</UL>

<P><STRONG><a name="[2a3]"></a>l2capProcessRsp</STRONG> (Thumb, 104 bytes, Stack size 56 bytes, l2cap_task.o(i.l2capProcessRsp))
<BR><BR>[Stack]<UL><LI>Max Depth = 96<LI>Call Chain = l2capProcessRsp &rArr; l2capNotifySignal
</UL>
<BR>[Calls]<UL><LI><a href="#[2a7]">&gt;&gt;</a>&nbsp;&nbsp;&nbsp;l2capStopTimer
<LI><a href="#[2a6]">&gt;&gt;</a>&nbsp;&nbsp;&nbsp;l2capParseParamUpdateRsp
<LI><a href="#[2a5]">&gt;&gt;</a>&nbsp;&nbsp;&nbsp;l2capParseCmdReject
<LI><a href="#[2a0]">&gt;&gt;</a>&nbsp;&nbsp;&nbsp;l2capNotifySignal
<LI><a href="#[2a8]">&gt;&gt;</a>&nbsp;&nbsp;&nbsp;l2capFreeChannel
<LI><a href="#[2a4]">&gt;&gt;</a>&nbsp;&nbsp;&nbsp;l2capFindLocalId
</UL>
<BR>[Called By]<UL><LI><a href="#[2a9]">&gt;&gt;</a>&nbsp;&nbsp;&nbsp;l2capProcessSignal
</UL>

<P><STRONG><a name="[21b]"></a>l2capProcessRxData</STRONG> (Thumb, 142 bytes, Stack size 32 bytes, l2cap_task.o(i.l2capProcessRxData))
<BR><BR>[Stack]<UL><LI>Max Depth = 256<LI>Call Chain = l2capProcessRxData &rArr; l2capProcessSignal &rArr; L2CAP_CmdReject &rArr; l2capSendCmd &rArr; l2capEncapSendData &rArr; l2capPktToSegmentBuff &rArr; L2CAP_Fragment_bm_alloc
</UL>
<BR>[Calls]<UL><LI><a href="#[21d]">&gt;&gt;</a>&nbsp;&nbsp;&nbsp;osal_bm_free (via Veneer)
<LI><a href="#[2a2]">&gt;&gt;</a>&nbsp;&nbsp;&nbsp;l2capParsePacket
<LI><a href="#[2a1]">&gt;&gt;</a>&nbsp;&nbsp;&nbsp;l2capNotifyData
<LI><a href="#[2a9]">&gt;&gt;</a>&nbsp;&nbsp;&nbsp;l2capProcessSignal
<LI><a href="#[1f2]">&gt;&gt;</a>&nbsp;&nbsp;&nbsp;L2CAP_HostNumCompletedPkts
</UL>
<BR>[Called By]<UL><LI><a href="#[22]">&gt;&gt;</a>&nbsp;&nbsp;&nbsp;L2CAP_ProcessEvent
</UL>

<P><STRONG><a name="[2a9]"></a>l2capProcessSignal</STRONG> (Thumb, 164 bytes, Stack size 40 bytes, l2cap_task.o(i.l2capProcessSignal))
<BR><BR>[Stack]<UL><LI>Max Depth = 224<LI>Call Chain = l2capProcessSignal &rArr; L2CAP_CmdReject &rArr; l2capSendCmd &rArr; l2capEncapSendData &rArr; l2capPktToSegmentBuff &rArr; L2CAP_Fragment_bm_alloc
</UL>
<BR>[Calls]<UL><LI><a href="#[2aa]">&gt;&gt;</a>&nbsp;&nbsp;&nbsp;l2capParseSignalHdr
<LI><a href="#[2a0]">&gt;&gt;</a>&nbsp;&nbsp;&nbsp;l2capNotifySignal
<LI><a href="#[2ac]">&gt;&gt;</a>&nbsp;&nbsp;&nbsp;l2capHandleRxError
<LI><a href="#[2ab]">&gt;&gt;</a>&nbsp;&nbsp;&nbsp;L2CAP_ParseParamUpdateReq
<LI><a href="#[2a3]">&gt;&gt;</a>&nbsp;&nbsp;&nbsp;l2capProcessRsp
<LI><a href="#[212]">&gt;&gt;</a>&nbsp;&nbsp;&nbsp;L2CAP_CmdReject
</UL>
<BR>[Called By]<UL><LI><a href="#[21b]">&gt;&gt;</a>&nbsp;&nbsp;&nbsp;l2capProcessRxData
</UL>

<P><STRONG><a name="[2ae]"></a>reportStatusChange</STRONG> (Thumb, 34 bytes, Stack size 24 bytes, linkdb.o(i.reportStatusChange))
<BR><BR>[Stack]<UL><LI>Max Depth = 24<LI>Call Chain = reportStatusChange
</UL>
<BR>[Called By]<UL><LI><a href="#[269]">&gt;&gt;</a>&nbsp;&nbsp;&nbsp;linkDB_Remove
<LI><a href="#[266]">&gt;&gt;</a>&nbsp;&nbsp;&nbsp;linkDB_Add
</UL>

<P><STRONG><a name="[8]"></a>smResponderProcessLTKReq</STRONG> (Thumb, 224 bytes, Stack size 64 bytes, sm_rsppairing.o(i.smResponderProcessLTKReq))
<BR><BR>[Stack]<UL><LI>Max Depth = 192<LI>Call Chain = smResponderProcessLTKReq &rArr; smEndPairing &rArr; gapPairingCompleteCB &rArr; sendAuthEvent &rArr; gapFreeAuthLink
</UL>
<BR>[Calls]<UL><LI><a href="#[13a]">&gt;&gt;</a>&nbsp;&nbsp;&nbsp;osal_memset (via Veneer)
<LI><a href="#[ea]">&gt;&gt;</a>&nbsp;&nbsp;&nbsp;osal_memcpy (via Veneer)
<LI><a href="#[10d]">&gt;&gt;</a>&nbsp;&nbsp;&nbsp;osal_memcmp (via Veneer)
<LI><a href="#[1da]">&gt;&gt;</a>&nbsp;&nbsp;&nbsp;linkDB_Find
<LI><a href="#[ac]">&gt;&gt;</a>&nbsp;&nbsp;&nbsp;HCI_LE_LtkReqReplyCmd (via Veneer)
<LI><a href="#[a9]">&gt;&gt;</a>&nbsp;&nbsp;&nbsp;HCI_LE_LtkReqNegReplyCmd (via Veneer)
<LI><a href="#[2e8]">&gt;&gt;</a>&nbsp;&nbsp;&nbsp;sm_s1
<LI><a href="#[2c8]">&gt;&gt;</a>&nbsp;&nbsp;&nbsp;smEndPairing
<LI><a href="#[2e9]">&gt;&gt;</a>&nbsp;&nbsp;&nbsp;smDetermineKeySize
</UL>
<BR>[Address Reference Count : 1]<UL><LI> sm_rsppairing.o(.data)
</UL>
<P><STRONG><a name="[7]"></a>smResponderSendNextKeyInfo</STRONG> (Thumb, 428 bytes, Stack size 32 bytes, sm_rsppairing.o(i.smResponderSendNextKeyInfo))
<BR><BR>[Stack]<UL><LI>Max Depth = 216<LI>Call Chain = smResponderSendNextKeyInfo &rArr; smPairingSendMasterID &rArr; smSendSMMsg &rArr; L2CAP_SendData &rArr; l2capEncapSendData &rArr; l2capPktToSegmentBuff &rArr; L2CAP_Fragment_bm_alloc
</UL>
<BR>[Calls]<UL><LI><a href="#[13a]">&gt;&gt;</a>&nbsp;&nbsp;&nbsp;osal_memset (via Veneer)
<LI><a href="#[1da]">&gt;&gt;</a>&nbsp;&nbsp;&nbsp;linkDB_Find
<LI><a href="#[285]">&gt;&gt;</a>&nbsp;&nbsp;&nbsp;osal_CbTimerStart (via Veneer)
<LI><a href="#[158]">&gt;&gt;</a>&nbsp;&nbsp;&nbsp;osal_mem_alloc (via Veneer)
<LI><a href="#[ca]">&gt;&gt;</a>&nbsp;&nbsp;&nbsp;__ARM_common_switch8 (via Veneer)
<LI><a href="#[2cf]">&gt;&gt;</a>&nbsp;&nbsp;&nbsp;osal_rand (via Veneer)
<LI><a href="#[2d6]">&gt;&gt;</a>&nbsp;&nbsp;&nbsp;smPairingSendSingingInfo
<LI><a href="#[2d5]">&gt;&gt;</a>&nbsp;&nbsp;&nbsp;smPairingSendMasterID
<LI><a href="#[2d4]">&gt;&gt;</a>&nbsp;&nbsp;&nbsp;smPairingSendIdentityInfo
<LI><a href="#[2d3]">&gt;&gt;</a>&nbsp;&nbsp;&nbsp;smPairingSendIdentityAddrInfo
<LI><a href="#[2d2]">&gt;&gt;</a>&nbsp;&nbsp;&nbsp;smPairingSendEncInfo
<LI><a href="#[2e9]">&gt;&gt;</a>&nbsp;&nbsp;&nbsp;smDetermineKeySize
<LI><a href="#[1d8]">&gt;&gt;</a>&nbsp;&nbsp;&nbsp;smGenerateRandBuf
<LI><a href="#[228]">&gt;&gt;</a>&nbsp;&nbsp;&nbsp;gapGetSRK
<LI><a href="#[1d4]">&gt;&gt;</a>&nbsp;&nbsp;&nbsp;gapGetIRK
<LI><a href="#[2ea]">&gt;&gt;</a>&nbsp;&nbsp;&nbsp;gapGetDevAddressMode
<LI><a href="#[2eb]">&gt;&gt;</a>&nbsp;&nbsp;&nbsp;gapGetDevAddress
</UL>
<BR>[Address Reference Count : 1]<UL><LI> sm_rsppairing.o(.data)
</UL>
<P><STRONG><a name="[2f5]"></a>smpResponderProcessEncryptionInformation</STRONG> (Thumb, 76 bytes, Stack size 24 bytes, sm_rsppairing.o(i.smpResponderProcessEncryptionInformation))
<BR><BR>[Stack]<UL><LI>Max Depth = 24<LI>Call Chain = smpResponderProcessEncryptionInformation
</UL>
<BR>[Calls]<UL><LI><a href="#[ea]">&gt;&gt;</a>&nbsp;&nbsp;&nbsp;osal_memcpy (via Veneer)
<LI><a href="#[158]">&gt;&gt;</a>&nbsp;&nbsp;&nbsp;osal_mem_alloc (via Veneer)
<LI><a href="#[2e9]">&gt;&gt;</a>&nbsp;&nbsp;&nbsp;smDetermineKeySize
</UL>
<BR>[Called By]<UL><LI><a href="#[6]">&gt;&gt;</a>&nbsp;&nbsp;&nbsp;smpResponderProcessIncoming
</UL>

<P><STRONG><a name="[2f6]"></a>smpResponderProcessIdentityAddrInfo</STRONG> (Thumb, 68 bytes, Stack size 16 bytes, sm_rsppairing.o(i.smpResponderProcessIdentityAddrInfo))
<BR><BR>[Stack]<UL><LI>Max Depth = 144<LI>Call Chain = smpResponderProcessIdentityAddrInfo &rArr; smEndPairing &rArr; gapPairingCompleteCB &rArr; sendAuthEvent &rArr; gapFreeAuthLink
</UL>
<BR>[Calls]<UL><LI><a href="#[ea]">&gt;&gt;</a>&nbsp;&nbsp;&nbsp;osal_memcpy (via Veneer)
<LI><a href="#[2c8]">&gt;&gt;</a>&nbsp;&nbsp;&nbsp;smEndPairing
</UL>
<BR>[Called By]<UL><LI><a href="#[6]">&gt;&gt;</a>&nbsp;&nbsp;&nbsp;smpResponderProcessIncoming
</UL>

<P><STRONG><a name="[2f7]"></a>smpResponderProcessIdentityInfo</STRONG> (Thumb, 62 bytes, Stack size 16 bytes, sm_rsppairing.o(i.smpResponderProcessIdentityInfo))
<BR><BR>[Stack]<UL><LI>Max Depth = 16<LI>Call Chain = smpResponderProcessIdentityInfo
</UL>
<BR>[Calls]<UL><LI><a href="#[ea]">&gt;&gt;</a>&nbsp;&nbsp;&nbsp;osal_memcpy (via Veneer)
<LI><a href="#[158]">&gt;&gt;</a>&nbsp;&nbsp;&nbsp;osal_mem_alloc (via Veneer)
</UL>
<BR>[Called By]<UL><LI><a href="#[6]">&gt;&gt;</a>&nbsp;&nbsp;&nbsp;smpResponderProcessIncoming
</UL>

<P><STRONG><a name="[6]"></a>smpResponderProcessIncoming</STRONG> (Thumb, 176 bytes, Stack size 32 bytes, sm_rsppairing.o(i.smpResponderProcessIncoming))
<BR><BR>[Stack]<UL><LI>Max Depth = 288<LI>Call Chain = smpResponderProcessIncoming &rArr; smpResponderProcessPairingRandom &rArr; sm_c1 &rArr; sm_c1new &rArr; smEncrypt
</UL>
<BR>[Calls]<UL><LI><a href="#[ca]">&gt;&gt;</a>&nbsp;&nbsp;&nbsp;__ARM_common_switch8 (via Veneer)
<LI><a href="#[2c8]">&gt;&gt;</a>&nbsp;&nbsp;&nbsp;smEndPairing
<LI><a href="#[2f4]">&gt;&gt;</a>&nbsp;&nbsp;&nbsp;smAuthReqToUint8
<LI><a href="#[2f8]">&gt;&gt;</a>&nbsp;&nbsp;&nbsp;smpResponderProcessPairingReq
<LI><a href="#[2fc]">&gt;&gt;</a>&nbsp;&nbsp;&nbsp;smpResponderProcessSigningInfo
<LI><a href="#[2fa]">&gt;&gt;</a>&nbsp;&nbsp;&nbsp;smpResponderProcessPairingRandom
<LI><a href="#[2f9]">&gt;&gt;</a>&nbsp;&nbsp;&nbsp;smpResponderProcessPairingConfirm
<LI><a href="#[2fb]">&gt;&gt;</a>&nbsp;&nbsp;&nbsp;smpResponderProcessMasterID
<LI><a href="#[2f7]">&gt;&gt;</a>&nbsp;&nbsp;&nbsp;smpResponderProcessIdentityInfo
<LI><a href="#[2f6]">&gt;&gt;</a>&nbsp;&nbsp;&nbsp;smpResponderProcessIdentityAddrInfo
<LI><a href="#[2f5]">&gt;&gt;</a>&nbsp;&nbsp;&nbsp;smpResponderProcessEncryptionInformation
<LI><a href="#[275]">&gt;&gt;</a>&nbsp;&nbsp;&nbsp;gapSendPairingReqEvent
</UL>
<BR>[Address Reference Count : 1]<UL><LI> sm_rsppairing.o(.data)
</UL>
<P><STRONG><a name="[2fb]"></a>smpResponderProcessMasterID</STRONG> (Thumb, 96 bytes, Stack size 16 bytes, sm_rsppairing.o(i.smpResponderProcessMasterID))
<BR><BR>[Stack]<UL><LI>Max Depth = 144<LI>Call Chain = smpResponderProcessMasterID &rArr; smEndPairing &rArr; gapPairingCompleteCB &rArr; sendAuthEvent &rArr; gapFreeAuthLink
</UL>
<BR>[Calls]<UL><LI><a href="#[ea]">&gt;&gt;</a>&nbsp;&nbsp;&nbsp;osal_memcpy (via Veneer)
<LI><a href="#[2c8]">&gt;&gt;</a>&nbsp;&nbsp;&nbsp;smEndPairing
</UL>
<BR>[Called By]<UL><LI><a href="#[6]">&gt;&gt;</a>&nbsp;&nbsp;&nbsp;smpResponderProcessIncoming
</UL>

<P><STRONG><a name="[2f9]"></a>smpResponderProcessPairingConfirm</STRONG> (Thumb, 70 bytes, Stack size 24 bytes, sm_rsppairing.o(i.smpResponderProcessPairingConfirm))
<BR><BR>[Stack]<UL><LI>Max Depth = 240<LI>Call Chain = smpResponderProcessPairingConfirm &rArr; sm_c1 &rArr; sm_c1new &rArr; smEncrypt
</UL>
<BR>[Calls]<UL><LI><a href="#[ea]">&gt;&gt;</a>&nbsp;&nbsp;&nbsp;osal_memcpy (via Veneer)
<LI><a href="#[2f0]">&gt;&gt;</a>&nbsp;&nbsp;&nbsp;sm_c1
<LI><a href="#[2cb]">&gt;&gt;</a>&nbsp;&nbsp;&nbsp;smGenerateConfirm
</UL>
<BR>[Called By]<UL><LI><a href="#[6]">&gt;&gt;</a>&nbsp;&nbsp;&nbsp;smpResponderProcessIncoming
</UL>

<P><STRONG><a name="[2fa]"></a>smpResponderProcessPairingRandom</STRONG> (Thumb, 84 bytes, Stack size 40 bytes, sm_rsppairing.o(i.smpResponderProcessPairingRandom))
<BR><BR>[Stack]<UL><LI>Max Depth = 256<LI>Call Chain = smpResponderProcessPairingRandom &rArr; sm_c1 &rArr; sm_c1new &rArr; smEncrypt
</UL>
<BR>[Calls]<UL><LI><a href="#[ea]">&gt;&gt;</a>&nbsp;&nbsp;&nbsp;osal_memcpy (via Veneer)
<LI><a href="#[10d]">&gt;&gt;</a>&nbsp;&nbsp;&nbsp;osal_memcmp (via Veneer)
<LI><a href="#[2f0]">&gt;&gt;</a>&nbsp;&nbsp;&nbsp;sm_c1
<LI><a href="#[2d0]">&gt;&gt;</a>&nbsp;&nbsp;&nbsp;smGenerateRandMsg
</UL>
<BR>[Called By]<UL><LI><a href="#[6]">&gt;&gt;</a>&nbsp;&nbsp;&nbsp;smpResponderProcessIncoming
</UL>

<P><STRONG><a name="[2fc]"></a>smpResponderProcessSigningInfo</STRONG> (Thumb, 78 bytes, Stack size 24 bytes, sm_rsppairing.o(i.smpResponderProcessSigningInfo))
<BR><BR>[Stack]<UL><LI>Max Depth = 152<LI>Call Chain = smpResponderProcessSigningInfo &rArr; smEndPairing &rArr; gapPairingCompleteCB &rArr; sendAuthEvent &rArr; gapFreeAuthLink
</UL>
<BR>[Calls]<UL><LI><a href="#[ea]">&gt;&gt;</a>&nbsp;&nbsp;&nbsp;osal_memcpy (via Veneer)
<LI><a href="#[158]">&gt;&gt;</a>&nbsp;&nbsp;&nbsp;osal_mem_alloc (via Veneer)
<LI><a href="#[2c8]">&gt;&gt;</a>&nbsp;&nbsp;&nbsp;smEndPairing
</UL>
<BR>[Called By]<UL><LI><a href="#[6]">&gt;&gt;</a>&nbsp;&nbsp;&nbsp;smpResponderProcessIncoming
</UL>

<P><STRONG><a name="[22c]"></a>smProcessOSALMsg</STRONG> (Thumb, 134 bytes, Stack size 16 bytes, sm_task.o(i.smProcessOSALMsg))
<BR><BR>[Stack]<UL><LI>Max Depth = 224<LI>Call Chain = smProcessOSALMsg &rArr; smProcessDataMsg &rArr; smSendFailAndEnd &rArr; smSendSMMsg &rArr; L2CAP_SendData &rArr; l2capEncapSendData &rArr; l2capPktToSegmentBuff &rArr; L2CAP_Fragment_bm_alloc
</UL>
<BR>[Calls]<UL><LI><a href="#[21d]">&gt;&gt;</a>&nbsp;&nbsp;&nbsp;osal_bm_free (via Veneer)
<LI><a href="#[2e6]">&gt;&gt;</a>&nbsp;&nbsp;&nbsp;smProcessRandComplete
<LI><a href="#[2e5]">&gt;&gt;</a>&nbsp;&nbsp;&nbsp;smProcessEncryptChange
<LI><a href="#[2d7]">&gt;&gt;</a>&nbsp;&nbsp;&nbsp;smProcessDataMsg
</UL>
<BR>[Called By]<UL><LI><a href="#[23]">&gt;&gt;</a>&nbsp;&nbsp;&nbsp;SM_ProcessEvent
</UL>

<P><STRONG><a name="[58]"></a>l2capHandleTimerCB</STRONG> (Thumb, 40 bytes, Stack size 24 bytes, l2cap_util.o(i.l2capHandleTimerCB))
<BR><BR>[Stack]<UL><LI>Max Depth = 64<LI>Call Chain = l2capHandleTimerCB &rArr; l2capNotifySignal
</UL>
<BR>[Calls]<UL><LI><a href="#[2a0]">&gt;&gt;</a>&nbsp;&nbsp;&nbsp;l2capNotifySignal
</UL>
<BR>[Address Reference Count : 1]<UL><LI> l2cap_util.o(i.l2capSendReq)
</UL>
<P><STRONG><a name="[287]"></a>generate_subkey</STRONG> (Thumb, 148 bytes, Stack size 32 bytes, sm_mgr.o(i.generate_subkey))
<BR><BR>[Stack]<UL><LI>Max Depth = 44<LI>Call Chain = generate_subkey &rArr; xor_128
</UL>
<BR>[Calls]<UL><LI><a href="#[13a]">&gt;&gt;</a>&nbsp;&nbsp;&nbsp;osal_memset (via Veneer)
<LI><a href="#[1ce]">&gt;&gt;</a>&nbsp;&nbsp;&nbsp;osal_mem_free (via Veneer)
<LI><a href="#[158]">&gt;&gt;</a>&nbsp;&nbsp;&nbsp;osal_mem_alloc (via Veneer)
<LI><a href="#[289]">&gt;&gt;</a>&nbsp;&nbsp;&nbsp;leftshift_onebit
<LI><a href="#[28a]">&gt;&gt;</a>&nbsp;&nbsp;&nbsp;xor_128
<LI><a href="#[288]">&gt;&gt;</a>&nbsp;&nbsp;&nbsp;smEncryptLocal
</UL>
<BR>[Called By]<UL><LI><a href="#[229]">&gt;&gt;</a>&nbsp;&nbsp;&nbsp;sm_CMAC
</UL>

<P><STRONG><a name="[289]"></a>leftshift_onebit</STRONG> (Thumb, 28 bytes, Stack size 8 bytes, sm_mgr.o(i.leftshift_onebit))
<BR><BR>[Stack]<UL><LI>Max Depth = 8<LI>Call Chain = leftshift_onebit
</UL>
<BR>[Called By]<UL><LI><a href="#[287]">&gt;&gt;</a>&nbsp;&nbsp;&nbsp;generate_subkey
</UL>

<P><STRONG><a name="[2c6]"></a>smEncrypt</STRONG> (Thumb, 16 bytes, Stack size 8 bytes, sm_mgr.o(i.smEncrypt))
<BR><BR>[Stack]<UL><LI>Max Depth = 8<LI>Call Chain = smEncrypt
</UL>
<BR>[Calls]<UL><LI><a href="#[2c7]">&gt;&gt;</a>&nbsp;&nbsp;&nbsp;LL_Encrypt (via Veneer)
</UL>
<BR>[Called By]<UL><LI><a href="#[2e8]">&gt;&gt;</a>&nbsp;&nbsp;&nbsp;sm_s1
<LI><a href="#[2f1]">&gt;&gt;</a>&nbsp;&nbsp;&nbsp;sm_c1new
<LI><a href="#[224]">&gt;&gt;</a>&nbsp;&nbsp;&nbsp;sm_ah
</UL>

<P><STRONG><a name="[288]"></a>smEncryptLocal</STRONG> (Thumb, 8 bytes, Stack size 8 bytes, sm_mgr.o(i.smEncryptLocal))
<BR><BR>[Stack]<UL><LI>Max Depth = 8<LI>Call Chain = smEncryptLocal
</UL>
<BR>[Calls]<UL><LI><a href="#[2c7]">&gt;&gt;</a>&nbsp;&nbsp;&nbsp;LL_Encrypt (via Veneer)
</UL>
<BR>[Called By]<UL><LI><a href="#[287]">&gt;&gt;</a>&nbsp;&nbsp;&nbsp;generate_subkey
<LI><a href="#[229]">&gt;&gt;</a>&nbsp;&nbsp;&nbsp;sm_CMAC
</UL>

<P><STRONG><a name="[229]"></a>sm_CMAC</STRONG> (Thumb, 340 bytes, Stack size 64 bytes, sm_mgr.o(i.sm_CMAC))
<BR><BR>[Stack]<UL><LI>Max Depth = 108<LI>Call Chain = sm_CMAC &rArr; generate_subkey &rArr; xor_128
</UL>
<BR>[Calls]<UL><LI><a href="#[13a]">&gt;&gt;</a>&nbsp;&nbsp;&nbsp;osal_memset (via Veneer)
<LI><a href="#[ea]">&gt;&gt;</a>&nbsp;&nbsp;&nbsp;osal_memcpy (via Veneer)
<LI><a href="#[1ce]">&gt;&gt;</a>&nbsp;&nbsp;&nbsp;osal_mem_free (via Veneer)
<LI><a href="#[158]">&gt;&gt;</a>&nbsp;&nbsp;&nbsp;osal_mem_alloc (via Veneer)
<LI><a href="#[287]">&gt;&gt;</a>&nbsp;&nbsp;&nbsp;generate_subkey
<LI><a href="#[28a]">&gt;&gt;</a>&nbsp;&nbsp;&nbsp;xor_128
<LI><a href="#[288]">&gt;&gt;</a>&nbsp;&nbsp;&nbsp;smEncryptLocal
</UL>
<BR>[Called By]<UL><LI><a href="#[1ac]">&gt;&gt;</a>&nbsp;&nbsp;&nbsp;SM_VerifyAuthenSig
<LI><a href="#[225]">&gt;&gt;</a>&nbsp;&nbsp;&nbsp;SM_GenerateAuthenSig
</UL>

<P><STRONG><a name="[2f2]"></a>sm_xor</STRONG> (Thumb, 26 bytes, Stack size 8 bytes, sm_mgr.o(i.sm_xor))
<BR><BR>[Stack]<UL><LI>Max Depth = 8<LI>Call Chain = sm_xor
</UL>
<BR>[Called By]<UL><LI><a href="#[2f1]">&gt;&gt;</a>&nbsp;&nbsp;&nbsp;sm_c1new
</UL>

<P><STRONG><a name="[28a]"></a>xor_128</STRONG> (Thumb, 22 bytes, Stack size 12 bytes, sm_mgr.o(i.xor_128))
<BR><BR>[Stack]<UL><LI>Max Depth = 12<LI>Call Chain = xor_128
</UL>
<BR>[Called By]<UL><LI><a href="#[287]">&gt;&gt;</a>&nbsp;&nbsp;&nbsp;generate_subkey
<LI><a href="#[229]">&gt;&gt;</a>&nbsp;&nbsp;&nbsp;sm_CMAC
</UL>

<P><STRONG><a name="[2c9]"></a>smFreePairingParams</STRONG> (Thumb, 88 bytes, Stack size 16 bytes, sm_pairing.o(i.smFreePairingParams))
<BR><BR>[Stack]<UL><LI>Max Depth = 32<LI>Call Chain = smFreePairingParams &rArr; smStopRspTimer
</UL>
<BR>[Calls]<UL><LI><a href="#[1ce]">&gt;&gt;</a>&nbsp;&nbsp;&nbsp;osal_mem_free (via Veneer)
<LI><a href="#[2ca]">&gt;&gt;</a>&nbsp;&nbsp;&nbsp;smStopRspTimer
</UL>
<BR>[Called By]<UL><LI><a href="#[53]">&gt;&gt;</a>&nbsp;&nbsp;&nbsp;smLinkCheck
<LI><a href="#[2c8]">&gt;&gt;</a>&nbsp;&nbsp;&nbsp;smEndPairing
</UL>

<P><STRONG><a name="[2ce]"></a>smSetPairingReqRsp</STRONG> (Thumb, 58 bytes, Stack size 16 bytes, sm_pairing.o(i.smSetPairingReqRsp))
<BR><BR>[Stack]<UL><LI>Max Depth = 24<LI>Call Chain = smSetPairingReqRsp &rArr; smUint8ToAuthReq
</UL>
<BR>[Calls]<UL><LI><a href="#[13a]">&gt;&gt;</a>&nbsp;&nbsp;&nbsp;osal_memset (via Veneer)
<LI><a href="#[2ed]">&gt;&gt;</a>&nbsp;&nbsp;&nbsp;smUint8ToAuthReq
</UL>
<BR>[Called By]<UL><LI><a href="#[2f0]">&gt;&gt;</a>&nbsp;&nbsp;&nbsp;sm_c1
<LI><a href="#[2cd]">&gt;&gt;</a>&nbsp;&nbsp;&nbsp;smGeneratePairingReqRsp
</UL>

<P><STRONG><a name="[2e2]"></a>smpProcessIncoming</STRONG> (Thumb, 72 bytes, Stack size 16 bytes, sm_pairing.o(i.smpProcessIncoming))
<BR><BR>[Stack]<UL><LI>Max Depth = 16<LI>Call Chain = smpProcessIncoming
</UL>
<BR>[Calls]<UL><LI><a href="#[1da]">&gt;&gt;</a>&nbsp;&nbsp;&nbsp;linkDB_Find
</UL>
<BR>[Called By]<UL><LI><a href="#[2d7]">&gt;&gt;</a>&nbsp;&nbsp;&nbsp;smProcessDataMsg
</UL>

<P><STRONG><a name="[ee]"></a>_printf_core</STRONG> (Thumb, 768 bytes, Stack size 96 bytes, printf6.o(i._printf_core), UNUSED)
<BR><BR>[Calls]<UL><LI><a href="#[91]">&gt;&gt;</a>&nbsp;&nbsp;&nbsp;__aeabi_uidivmod (via Veneer)
<LI><a href="#[f3]">&gt;&gt;</a>&nbsp;&nbsp;&nbsp;_printf_pre_padding
<LI><a href="#[f4]">&gt;&gt;</a>&nbsp;&nbsp;&nbsp;_printf_post_padding
</UL>
<BR>[Called By]<UL><LI><a href="#[ed]">&gt;&gt;</a>&nbsp;&nbsp;&nbsp;__0sprintf$6
</UL>

<P><STRONG><a name="[f4]"></a>_printf_post_padding</STRONG> (Thumb, 32 bytes, Stack size 24 bytes, printf6.o(i._printf_post_padding), UNUSED)
<BR><BR>[Called By]<UL><LI><a href="#[ee]">&gt;&gt;</a>&nbsp;&nbsp;&nbsp;_printf_core
</UL>

<P><STRONG><a name="[f3]"></a>_printf_pre_padding</STRONG> (Thumb, 44 bytes, Stack size 40 bytes, printf6.o(i._printf_pre_padding), UNUSED)
<BR><BR>[Called By]<UL><LI><a href="#[ee]">&gt;&gt;</a>&nbsp;&nbsp;&nbsp;_printf_core
</UL>

<P><STRONG><a name="[f]"></a>_sputc</STRONG> (Thumb, 10 bytes, Stack size 0 bytes, printf6.o(i._sputc))
<BR><BR>[Called By]<UL><LI><a href="#[ed]">&gt;&gt;</a>&nbsp;&nbsp;&nbsp;__0sprintf$6
</UL>
<BR>[Address Reference Count : 1]<UL><LI> printf6.o(i.__0sprintf$6)
</UL><P>
<H3>
Undefined Global Symbols
</H3>
<P><STRONG><a name="[89]"></a>__arm_fini_</STRONG> (Unknown, 0 bytes, Stack size 0 bytes, UNDEFINED)
<BR><BR>[Called By]<UL><LI><a href="#[88]">&gt;&gt;</a>&nbsp;&nbsp;&nbsp;__rt_lib_shutdown_fini
</UL>
<HR></body></html>
