<html>
<body>
<pre>
<h1>µVision Build Log</h1>
<h2>Tool Versions:</h2>
IDE-Version: ¦ÌVision V5.38.0.0
Copyright (C) 2022 ARM Ltd and ARM Germany GmbH. All rights reserved.
License Information: 11 XXY-2604031, 1, LIC=X96CK-ZFMMB-UH18H-WZE4D-LZ2P5-D1WTA
 
Tool Versions:
Toolchain:       MDK-ARM Plus  Version: 5.38.0.0
Toolchain Path:  C:\Keil_v5\ARM\ARMCC\Bin
C Compiler:      Armcc.exe V5.06 update 7 (build 960)
Assembler:       Armasm.exe V5.06 update 7 (build 960)
Linker/Locator:  ArmLink.exe V5.06 update 7 (build 960)
Library Manager: ArmAr.exe V5.06 update 7 (build 960)
Hex Converter:   FromElf.exe V5.06 update 7 (build 960)
CPU DLL:         SARMCM3.DLL V5.38.0.0
Dialog DLL:      DARMCM1.DLL V1.19.6.0
Target DLL:      UL2CM3.DLL V1.164.8.0
Dialog DLL:      TARMCM1.DLL V1.14.6.0
 
<h2>Project:</h2>
E:\ble\SLB\HP9_90X\BLEUpgrader\simpleBlePeripheral.uvprojx
Project File Date:  09/09/2026

<h2>Output:</h2>
*** Using Compiler 'V5.06 update 7 (build 960)', folder: 'C:\Keil_v5\ARM\ARMCC\Bin'
Build target 'Target 1'
compiling UpgraderHp9Serial.c...
compiling simpleBLEPeripheral.c...
linking...
Program Size: Code=64906 RO-data=5046 RW-data=2572 ZI-data=26536  
FromELF: creating hex file...
After Build - User command #1: fromelf.exe .\Objects\simpleBlePeripheral.axf --i32combined --output .\bin\simpleBlePeripheral.hex
After Build - User command #2: fromelf -c -a -d -e -v -o simpleBlePeripheral.asm ./Objects/simpleBlePeripheral.axf
".\Objects\simpleBlePeripheral.axf" - 0 Error(s), 0 Warning(s).

<h2>Software Packages used:</h2>

Package Vendor: ARM
                http://www.keil.com/pack/ARM.CMSIS.5.9.0.pack
                ARM.CMSIS.5.9.0
                CMSIS (Common Microcontroller Software Interface Standard)
   * Component: CORE Version: 5.6.0
   * Component: Startup Version: 1.2.2

<h2>Collection of Component include folders:</h2>
  ./RTE/_Target_1
  D:/keil5data/ARM/CMSIS/5.9.0/CMSIS/Core/Include
  D:/keil5data/ARM/CMSIS/5.9.0/Device/ARM/ARMCM0/Include

<h2>Collection of Component Files used:</h2>

   * Component: ARM::CMSIS:CORE:5.6.0

   * Component: ARM::Device:Startup:1.2.2
      Include file:  Device/ARM/ARMCM0/Include/ARMCM0.h
      Source file:   Device/ARM/ARMCM0/Source/system_ARMCM0.c
      Source file:   Device/ARM/ARMCM0/Source/ARM/startup_ARMCM0.s
Build Time Elapsed:  00:00:01
</pre>
</body>
</html>
