<html>
<body>
<pre>
<h1>µVision Build Log</h1>
<h2>Tool Versions:</h2>
IDE-Version: ¦ÌVision V5.38.0.0
Copyright (C) 2022 ARM Ltd and ARM Germany GmbH. All rights reserved.
License Information: 11 XXY-2604031, 1, LIC=X96CK-ZFMMB-UH18H-WZE4D-LZ2P5-D1WTA
 
Tool Versions:
Toolchain:       MDK-ARM Plus  Version: 5.38.0.0
Toolchain Path:  C:\Keil_v5\ARM\ARMCC\Bin
C Compiler:      Armcc.exe V5.06 update 7 (build 960)
Assembler:       Armasm.exe V5.06 update 7 (build 960)
Linker/Locator:  ArmLink.exe V5.06 update 7 (build 960)
Library Manager: ArmAr.exe V5.06 update 7 (build 960)
Hex Converter:   FromElf.exe V5.06 update 7 (build 960)
CPU DLL:         SARMCM3.DLL V5.38.0.0
Dialog DLL:      DARMCM1.DLL V1.19.6.0
Target DLL:      UL2CM3.DLL V1.164.8.0
Dialog DLL:      TARMCM1.DLL V1.14.6.0
 
<h2>Project:</h2>
E:\ble\SLB\HP9_97X\BLEUpgrader\simpleBlePeripheral.uvprojx
Project File Date:  09/09/2026

<h2>Output:</h2>
*** Using Compiler 'V5.06 update 7 (build 960)', folder: 'C:\Keil_v5\ARM\ARMCC\Bin'
Rebuild target 'Target 1'
compiling watchdog.c...
compiling jump_table.c...
compiling timer.c...
compiling clock.c...
compiling pwrmgr.c...
compiling main.c...
compiling uart.c...
compiling gpio.c...
compiling led_light.c...
compiling pwm.c...
compiling osal_snv.c...
compiling flash.c...
compiling key.c...
compiling myi2c.c...
compiling app_datetime.c...
compiling my_printf.c...
compiling crc16.c...
compiling gap.c...
compiling gapgattserver.c...
compiling central.c...
compiling ota_app_service.c...
..\components\OTAEVENT\OTAfile_handle.h(46): warning:  #1-D: last line of file ends without a newline
  #endif /* _OTA_FILE_HANDLE_H */
..\components\profiles\ota_app\ota_app_service.c(355): warning:  #167-D: argument of type "uint8 *" is incompatible with parameter of type "char *"
                  response(err_rsp, download_file_info.err_index * 2 + 4);
..\components\profiles\ota_app\ota_app_service.c(381): warning:  #167-D: argument of type "uint8 *" is incompatible with parameter of type "char *"
          response(rsp, 6);
..\components\profiles\ota_app\ota_app_service.c: 3 warnings, 0 errors
compiling SimpleBLEPeripheral_Main.c...
compiling peripheral.c...
compiling gapbondmgr.c...
compiling OSAL_SimpleBLEPeripheral.c...
..\components\OTAEVENT\otaevents.h(65): warning:  #47-D: incompatible redefinition of macro "SBP_RESET_ADV_EVT"  (declared at line 71 of "source\simpleBLEPeripheral.h")
  #define SBP_RESET_ADV_EVT                              0x0008
..\components\OTAEVENT\otaevents.h(71): warning:  #47-D: incompatible redefinition of macro "SBP_RTC_TEST_EVT"  (declared at line 68 of "source\simpleBLEPeripheral.h")
  #define SBP_RTC_TEST_EVT                               0x0100
source\OSAL_SimpleBLEPeripheral.c: 2 warnings, 0 errors
compiling gattservapp.c...
compiling simpleBLEPeripheral.c...
compiling file_handle.c...
source\file_handle.c(297): warning:  #167-D: argument of type "uint8 *" is incompatible with parameter of type "char *"
  		deAes(data_buf, deaes_size, key);
source\file_handle.c(332): warning:  #167-D: argument of type "char *" is incompatible with parameter of type "uint8 *"
  	read_file_from_flash(offset_address, data_buf, 512);
source\file_handle.c: 2 warnings, 0 errors
compiling aes.c...
source\aes.c(104): warning:  #177-D: function "printArray"  was declared but never referenced
  static void printArray(int a[4][4])
source\aes.c(121): warning:  #177-D: function "printASSCI"  was declared but never referenced
  static void printASSCI(char *str, int len)
source\aes.c: 2 warnings, 0 errors
assembling startup_ARMCM0.s...
compiling random.c...
compiling UpgraderHp9Serial.c...
compiling OTAfile_handle.c...
..\components\OTAEVENT\OTAfile_handle.h(46): warning:  #1-D: last line of file ends without a newline
  #endif /* _OTA_FILE_HANDLE_H */
..\components\OTAEVENT\OTAfile_handle.c(61): warning:  #1-D: last line of file ends without a newline
  }
..\components\OTAEVENT\OTAfile_handle.c: 2 warnings, 0 errors
compiling sbpProfile_ota.c...
compiling otaevents.c...
..\components\OTAEVENT\otaevents.h(65): warning:  #47-D: incompatible redefinition of macro "SBP_RESET_ADV_EVT"  (declared at line 71 of ".\source\simpleBLEPeripheral.h")
  #define SBP_RESET_ADV_EVT                              0x0008
..\components\OTAEVENT\otaevents.h(71): warning:  #47-D: incompatible redefinition of macro "SBP_RTC_TEST_EVT"  (declared at line 68 of ".\source\simpleBLEPeripheral.h")
  #define SBP_RTC_TEST_EVT                               0x0100
..\components\OTAEVENT\otaevents.c(297): warning:  #177-D: variable "simpleBLEPeripheral_PeripheralCBs"  was declared but never referenced
  static gapRolesCBs_t simpleBLEPeripheral_PeripheralCBs =
..\components\OTAEVENT\otaevents.c: 3 warnings, 0 errors
compiling ota_app_service1.c...
compiling system_ARMCM0.c...
linking...
Program Size: Code=64906 RO-data=5046 RW-data=2572 ZI-data=26536  
FromELF: creating hex file...
After Build - User command #1: fromelf.exe .\Objects\simpleBlePeripheral.axf --i32combined --output .\bin\simpleBlePeripheral.hex
After Build - User command #2: fromelf -c -a -d -e -v -o simpleBlePeripheral.asm ./Objects/simpleBlePeripheral.axf
".\Objects\simpleBlePeripheral.axf" - 0 Error(s), 14 Warning(s).

<h2>Software Packages used:</h2>

Package Vendor: ARM
                http://www.keil.com/pack/ARM.CMSIS.5.9.0.pack
                ARM.CMSIS.5.9.0
                CMSIS (Common Microcontroller Software Interface Standard)
   * Component: CORE Version: 5.6.0
   * Component: Startup Version: 1.2.2

<h2>Collection of Component include folders:</h2>
  ./RTE/_Target_1
  D:/keil5data/ARM/CMSIS/5.9.0/CMSIS/Core/Include
  D:/keil5data/ARM/CMSIS/5.9.0/Device/ARM/ARMCM0/Include

<h2>Collection of Component Files used:</h2>

   * Component: ARM::CMSIS:CORE:5.6.0

   * Component: ARM::Device:Startup:1.2.2
      Source file:   Device/ARM/ARMCM0/Source/system_ARMCM0.c
      Include file:  Device/ARM/ARMCM0/Include/ARMCM0.h
      Source file:   Device/ARM/ARMCM0/Source/ARM/startup_ARMCM0.s
Build Time Elapsed:  00:00:04
</pre>
</body>
</html>
